Component: ARM Compiler 5.06 update 6 (build 750) Tool: armlink [4d35ed]

==============================================================================

Section Cross References

    main.o(i.SysTick_Handler) refers to dac.o(i.WriteDAC) for WriteDAC
    main.o(i.SysTick_Handler) refers to dflt_clz.o(x$fpl$dfltu) for __aeabi_ui2d
    main.o(i.SysTick_Handler) refers to dmul.o(x$fpl$dmul) for __aeabi_dmul
    main.o(i.SysTick_Handler) refers to daddsub_clz.o(x$fpl$drsb) for __aeabi_drsub
    main.o(i.SysTick_Handler) refers to dfixu.o(x$fpl$dfixu) for __aeabi_d2uiz
    main.o(i.SysTick_Handler) refers to main.o(.data) for index
    main.o(i.TIM2_IRQHandler) refers to dac.o(i.WriteDAC) for WriteDAC
    main.o(i.TIM2_IRQHandler) refers to dflt_clz.o(x$fpl$dfltu) for __aeabi_ui2d
    main.o(i.TIM2_IRQHandler) refers to dmul.o(x$fpl$dmul) for __aeabi_dmul
    main.o(i.TIM2_IRQHandler) refers to dfixu.o(x$fpl$dfixu) for __aeabi_d2uiz
    main.o(i.TIM2_IRQHandler) refers to main.o(.data) for soundvals
    main.o(i.USART2_IRQHandler) refers to usart2.o(i.readChar) for readChar
    main.o(i.USART2_IRQHandler) refers to usart2.o(i.writeChar) for writeChar
    main.o(i.USART2_IRQHandler) refers to usart2.o(i.writeString) for writeString
    main.o(i.USART2_IRQHandler) refers to main.o(.data) for bufferPos
    main.o(i.USART2_IRQHandler) refers to usart2.o(.bss) for inputBuffer
    main.o(i.interp_input) refers to _scanf_int.o(.text) for _scanf_int
    main.o(i.interp_input) refers to _scanf_str.o(.text) for _scanf_string
    main.o(i.interp_input) refers to _printf_percent.o(.ARM.Collect$$_printf_percent$$00000000) for _printf_percent
    main.o(i.interp_input) refers to _printf_d.o(.ARM.Collect$$_printf_percent$$00000009) for _printf_d
    main.o(i.interp_input) refers to _printf_dec.o(.text) for _printf_int_dec
    main.o(i.interp_input) refers to __0sscanf.o(.text) for __0sscanf
    main.o(i.interp_input) refers to dflt_clz.o(x$fpl$dfltu) for __aeabi_ui2d
    main.o(i.interp_input) refers to dmul.o(x$fpl$dmul) for __aeabi_dmul
    main.o(i.interp_input) refers to daddsub_clz.o(x$fpl$dadd) for __aeabi_dadd
    main.o(i.interp_input) refers to dfixu.o(x$fpl$dfixu) for __aeabi_d2uiz
    main.o(i.interp_input) refers to noretval__2sprintf.o(.text) for __2sprintf
    main.o(i.interp_input) refers to usart2.o(i.writeString) for writeString
    main.o(i.interp_input) refers to main.o(.data) for amplitude
    main.o(i.interp_input) refers to usart2.o(.bss) for inputBuffer
    main.o(i.interp_input) refers to main.o(.bss) for output
    main.o(i.main) refers to _printf_percent.o(.ARM.Collect$$_printf_percent$$00000000) for _printf_percent
    main.o(i.main) refers to _printf_d.o(.ARM.Collect$$_printf_percent$$00000009) for _printf_d
    main.o(i.main) refers to _printf_dec.o(.text) for _printf_int_dec
    main.o(i.main) refers to usart2.o(i.initUSART2) for initUSART2
    main.o(i.main) refers to dac.o(i.InitDAC) for InitDAC
    main.o(i.main) refers to usart2.o(i.Init_Systick) for Init_Systick
    main.o(i.main) refers to usart2.o(i.writeString) for writeString
    main.o(i.main) refers to rt_memcpy_w.o(.text) for __aeabi_memcpy4
    main.o(i.main) refers to noretval__2sprintf.o(.text) for __2sprintf
    main.o(i.main) refers to main.o(i.interp_input) for interp_input
    main.o(i.main) refers to main.o(.constdata) for .constdata
    main.o(i.main) refers to main.o(.data) for executeflag
    usart2.o(i.writeString) refers to strlen.o(.text) for strlen
    usart2.o(i.writeString) refers to usart2.o(i.writeChar) for writeChar
    startup_stm32f446xx.o(STACK) refers (Special) to heapauxi.o(.text) for __use_two_region_memory
    startup_stm32f446xx.o(HEAP) refers (Special) to heapauxi.o(.text) for __use_two_region_memory
    startup_stm32f446xx.o(RESET) refers (Special) to heapauxi.o(.text) for __use_two_region_memory
    startup_stm32f446xx.o(RESET) refers to startup_stm32f446xx.o(STACK) for __initial_sp
    startup_stm32f446xx.o(RESET) refers to startup_stm32f446xx.o(.text) for Reset_Handler
    startup_stm32f446xx.o(RESET) refers to main.o(i.SysTick_Handler) for SysTick_Handler
    startup_stm32f446xx.o(RESET) refers to main.o(i.TIM2_IRQHandler) for TIM2_IRQHandler
    startup_stm32f446xx.o(RESET) refers to main.o(i.USART2_IRQHandler) for USART2_IRQHandler
    startup_stm32f446xx.o(.text) refers (Special) to heapauxi.o(.text) for __use_two_region_memory
    startup_stm32f446xx.o(.text) refers to system_stm32f4xx.o(i.SystemInit) for SystemInit
    startup_stm32f446xx.o(.text) refers to __main.o(!!!main) for __main
    startup_stm32f446xx.o(.text) refers to startup_stm32f446xx.o(HEAP) for Heap_Mem
    startup_stm32f446xx.o(.text) refers to startup_stm32f446xx.o(STACK) for Stack_Mem
    system_stm32f4xx.o(i.SystemCoreClockUpdate) refers to system_stm32f4xx.o(.data) for SystemCoreClock
    system_stm32f4xx.o(i.SystemCoreClockUpdate) refers to system_stm32f4xx.o(.constdata) for AHBPrescTable
    __2sprintf.o(.text) refers to _printf_char_common.o(.text) for _printf_char_common
    __2sprintf.o(.text) refers to _sputc.o(.text) for _sputc
    noretval__2sprintf.o(.text) refers to _printf_char_common.o(.text) for _printf_char_common
    noretval__2sprintf.o(.text) refers to _sputc.o(.text) for _sputc
    __printf.o(.text) refers to _printf_percent.o(.ARM.Collect$$_printf_percent$$00000000) for _printf_percent
    _printf_dec.o(.text) refers to _printf_intcommon.o(.text) for _printf_int_common
    __printf_flags.o(.text) refers to _printf_percent.o(.ARM.Collect$$_printf_percent$$00000000) for _printf_percent
    __printf_flags.o(.text) refers to __printf_flags.o(.constdata) for .constdata
    __printf_ss.o(.text) refers to _printf_percent.o(.ARM.Collect$$_printf_percent$$00000000) for _printf_percent
    __printf_flags_ss.o(.text) refers to _printf_percent.o(.ARM.Collect$$_printf_percent$$00000000) for _printf_percent
    __printf_flags_ss.o(.text) refers to __printf_flags_ss.o(.constdata) for .constdata
    __printf_wp.o(.text) refers to __printf_wp.o(i._is_digit) for _is_digit
    __printf_wp.o(.text) refers to _printf_percent.o(.ARM.Collect$$_printf_percent$$00000000) for _printf_percent
    __printf_flags_wp.o(.text) refers to __printf_wp.o(i._is_digit) for _is_digit
    __printf_flags_wp.o(.text) refers to _printf_percent.o(.ARM.Collect$$_printf_percent$$00000000) for _printf_percent
    __printf_flags_wp.o(.text) refers to __printf_flags_wp.o(.constdata) for .constdata
    __printf_ss_wp.o(.text) refers to __printf_wp.o(i._is_digit) for _is_digit
    __printf_ss_wp.o(.text) refers to _printf_percent.o(.ARM.Collect$$_printf_percent$$00000000) for _printf_percent
    __printf_flags_ss_wp.o(.text) refers to __printf_wp.o(i._is_digit) for _is_digit
    __printf_flags_ss_wp.o(.text) refers to _printf_percent.o(.ARM.Collect$$_printf_percent$$00000000) for _printf_percent
    __printf_flags_ss_wp.o(.text) refers to __printf_flags_ss_wp.o(.constdata) for .constdata
    _printf_d.o(.ARM.Collect$$_printf_percent$$00000009) refers (Weak) to _printf_dec.o(.text) for _printf_int_dec
    _printf_percent.o(.ARM.Collect$$_printf_percent$$00000000) refers (Special) to _printf_percent_end.o(.ARM.Collect$$_printf_percent$$00000017) for _printf_percent_end
    __0sscanf.o(.text) refers to scanf_char.o(.text) for __vfscanf_char
    __0sscanf.o(.text) refers to _sgetc.o(.text) for _sgetc
    _scanf_int.o(.text) refers to _chval.o(.text) for _chval
    __main.o(!!!main) refers to __rtentry.o(.ARM.Collect$$rtentry$$00000000) for __rt_entry
    daddsub_clz.o(x$fpl$dadd) refers (Special) to usenofp.o(x$fpl$usenofp) for __I$use$fp
    daddsub_clz.o(x$fpl$dadd) refers to daddsub_clz.o(x$fpl$dsub) for _dsub1
    daddsub_clz.o(x$fpl$dadd) refers to dretinf.o(x$fpl$dretinf) for __fpl_dretinf
    daddsub_clz.o(x$fpl$dadd) refers to dnaninf.o(x$fpl$dnaninf) for __fpl_dnaninf
    daddsub_clz.o(x$fpl$drsb) refers (Special) to usenofp.o(x$fpl$usenofp) for __I$use$fp
    daddsub_clz.o(x$fpl$drsb) refers to daddsub_clz.o(x$fpl$dadd) for _dadd1
    daddsub_clz.o(x$fpl$drsb) refers to daddsub_clz.o(x$fpl$dsub) for _dsub1
    daddsub_clz.o(x$fpl$dsub) refers (Special) to usenofp.o(x$fpl$usenofp) for __I$use$fp
    daddsub_clz.o(x$fpl$dsub) refers to daddsub_clz.o(x$fpl$dadd) for _dadd1
    daddsub_clz.o(x$fpl$dsub) refers to dnaninf.o(x$fpl$dnaninf) for __fpl_dnaninf
    dfixu.o(x$fpl$dfixu) refers (Special) to usenofp.o(x$fpl$usenofp) for __I$use$fp
    dfixu.o(x$fpl$dfixu) refers to dnaninf.o(x$fpl$dnaninf) for __fpl_dnaninf
    dfixu.o(x$fpl$dfixur) refers (Special) to usenofp.o(x$fpl$usenofp) for __I$use$fp
    dfixu.o(x$fpl$dfixur) refers to dnaninf.o(x$fpl$dnaninf) for __fpl_dnaninf
    dflt_clz.o(x$fpl$dfltu) refers (Special) to usenofp.o(x$fpl$usenofp) for __I$use$fp
    dflt_clz.o(x$fpl$dflt) refers (Special) to usenofp.o(x$fpl$usenofp) for __I$use$fp
    dflt_clz.o(x$fpl$dfltn) refers (Special) to usenofp.o(x$fpl$usenofp) for __I$use$fp
    dmul.o(x$fpl$dmul) refers (Special) to usenofp.o(x$fpl$usenofp) for __I$use$fp
    dmul.o(x$fpl$dmul) refers to dretinf.o(x$fpl$dretinf) for __fpl_dretinf
    dmul.o(x$fpl$dmul) refers to dnaninf.o(x$fpl$dnaninf) for __fpl_dnaninf
    __rtentry.o(.ARM.Collect$$rtentry$$00000000) refers (Special) to __rtentry2.o(.ARM.Collect$$rtentry$$0000000A) for __rt_entry_li
    __rtentry.o(.ARM.Collect$$rtentry$$00000000) refers (Special) to __rtentry2.o(.ARM.Collect$$rtentry$$0000000D) for __rt_entry_main
    __rtentry.o(.ARM.Collect$$rtentry$$00000000) refers (Special) to __rtentry2.o(.ARM.Collect$$rtentry$$0000000C) for __rt_entry_postli_1
    __rtentry.o(.ARM.Collect$$rtentry$$00000000) refers (Special) to __rtentry2.o(.ARM.Collect$$rtentry$$00000009) for __rt_entry_postsh_1
    __rtentry.o(.ARM.Collect$$rtentry$$00000000) refers (Special) to __rtentry2.o(.ARM.Collect$$rtentry$$00000002) for __rt_entry_presh_1
    __rtentry.o(.ARM.Collect$$rtentry$$00000000) refers (Special) to __rtentry4.o(.ARM.Collect$$rtentry$$00000004) for __rt_entry_sh
    _printf_char_common.o(.text) refers to __printf.o(.text) for __printf
    scanf_char.o(.text) refers to _scanf.o(.text) for __vfscanf
    scanf_char.o(.text) refers to isspace.o(.text) for isspace
    dnaninf.o(x$fpl$dnaninf) refers (Special) to usenofp.o(x$fpl$usenofp) for __I$use$fp
    dretinf.o(x$fpl$dretinf) refers (Special) to usenofp.o(x$fpl$usenofp) for __I$use$fp
    __rtentry2.o(.ARM.Collect$$rtentry$$00000008) refers to boardinit2.o(.text) for _platform_post_stackheap_init
    __rtentry2.o(.ARM.Collect$$rtentry$$0000000A) refers to libinit.o(.ARM.Collect$$libinit$$00000000) for __rt_lib_init
    __rtentry2.o(.ARM.Collect$$rtentry$$0000000B) refers to boardinit3.o(.text) for _platform_post_lib_init
    __rtentry2.o(.ARM.Collect$$rtentry$$0000000D) refers to main.o(i.main) for main
    __rtentry2.o(.ARM.Collect$$rtentry$$0000000D) refers to exit.o(.text) for exit
    __rtentry2.o(.ARM.exidx) refers to __rtentry2.o(.ARM.Collect$$rtentry$$00000001) for .ARM.Collect$$rtentry$$00000001
    __rtentry2.o(.ARM.exidx) refers to __rtentry2.o(.ARM.Collect$$rtentry$$00000008) for .ARM.Collect$$rtentry$$00000008
    __rtentry2.o(.ARM.exidx) refers to __rtentry2.o(.ARM.Collect$$rtentry$$0000000A) for .ARM.Collect$$rtentry$$0000000A
    __rtentry2.o(.ARM.exidx) refers to __rtentry2.o(.ARM.Collect$$rtentry$$0000000B) for .ARM.Collect$$rtentry$$0000000B
    __rtentry2.o(.ARM.exidx) refers to __rtentry2.o(.ARM.Collect$$rtentry$$0000000D) for .ARM.Collect$$rtentry$$0000000D
    __rtentry4.o(.ARM.Collect$$rtentry$$00000004) refers to sys_stackheap_outer.o(.text) for __user_setup_stackheap
    __rtentry4.o(.ARM.exidx) refers to __rtentry4.o(.ARM.Collect$$rtentry$$00000004) for .ARM.Collect$$rtentry$$00000004
    isspace.o(.text) refers to rt_ctype_table.o(.text) for __rt_ctype_table
    _scanf.o(.text) refers (Weak) to _scanf_int.o(.text) for _scanf_int
    _scanf.o(.text) refers (Weak) to _scanf_str.o(.text) for _scanf_string
    sys_stackheap_outer.o(.text) refers to libspace.o(.text) for __user_perproc_libspace
    sys_stackheap_outer.o(.text) refers to startup_stm32f446xx.o(.text) for __user_initial_stackheap
    rt_ctype_table.o(.text) refers to rt_locale_intlibspace.o(.text) for __rt_locale
    rt_ctype_table.o(.text) refers to lc_ctype_c.o(locale$$code) for _get_lc_ctype
    exit.o(.text) refers to rtexit.o(.ARM.Collect$$rtexit$$00000000) for __rt_exit
    libinit.o(.ARM.Collect$$libinit$$00000000) refers (Special) to libinit2.o(.ARM.Collect$$libinit$$0000002E) for __rt_lib_init_alloca_1
    libinit.o(.ARM.Collect$$libinit$$00000000) refers (Special) to libinit2.o(.ARM.Collect$$libinit$$0000002C) for __rt_lib_init_argv_1
    libinit.o(.ARM.Collect$$libinit$$00000000) refers (Special) to libinit2.o(.ARM.Collect$$libinit$$0000001B) for __rt_lib_init_atexit_1
    libinit.o(.ARM.Collect$$libinit$$00000000) refers (Special) to libinit2.o(.ARM.Collect$$libinit$$00000021) for __rt_lib_init_clock_1
    libinit.o(.ARM.Collect$$libinit$$00000000) refers (Special) to libinit2.o(.ARM.Collect$$libinit$$00000032) for __rt_lib_init_cpp_1
    libinit.o(.ARM.Collect$$libinit$$00000000) refers (Special) to libinit2.o(.ARM.Collect$$libinit$$00000030) for __rt_lib_init_exceptions_1
    libinit.o(.ARM.Collect$$libinit$$00000000) refers (Special) to libinit2.o(.ARM.Collect$$libinit$$00000001) for __rt_lib_init_fp_1
    libinit.o(.ARM.Collect$$libinit$$00000000) refers (Special) to libinit2.o(.ARM.Collect$$libinit$$0000001F) for __rt_lib_init_fp_trap_1
    libinit.o(.ARM.Collect$$libinit$$00000000) refers (Special) to libinit2.o(.ARM.Collect$$libinit$$00000023) for __rt_lib_init_getenv_1
    libinit.o(.ARM.Collect$$libinit$$00000000) refers (Special) to libinit2.o(.ARM.Collect$$libinit$$0000000A) for __rt_lib_init_heap_1
    libinit.o(.ARM.Collect$$libinit$$00000000) refers (Special) to libinit2.o(.ARM.Collect$$libinit$$00000011) for __rt_lib_init_lc_collate_1
    libinit.o(.ARM.Collect$$libinit$$00000000) refers (Special) to libinit2.o(.ARM.Collect$$libinit$$00000013) for __rt_lib_init_lc_ctype_1
    libinit.o(.ARM.Collect$$libinit$$00000000) refers (Special) to libinit2.o(.ARM.Collect$$libinit$$00000015) for __rt_lib_init_lc_monetary_1
    libinit.o(.ARM.Collect$$libinit$$00000000) refers (Special) to libinit2.o(.ARM.Collect$$libinit$$00000017) for __rt_lib_init_lc_numeric_1
    libinit.o(.ARM.Collect$$libinit$$00000000) refers (Special) to libinit2.o(.ARM.Collect$$libinit$$00000019) for __rt_lib_init_lc_time_1
    libinit.o(.ARM.Collect$$libinit$$00000000) refers (Special) to libinit2.o(.ARM.Collect$$libinit$$00000004) for __rt_lib_init_preinit_1
    libinit.o(.ARM.Collect$$libinit$$00000000) refers (Special) to libinit2.o(.ARM.Collect$$libinit$$0000000E) for __rt_lib_init_rand_1
    libinit.o(.ARM.Collect$$libinit$$00000000) refers (Special) to libinit2.o(.ARM.Collect$$libinit$$00000033) for __rt_lib_init_return
    libinit.o(.ARM.Collect$$libinit$$00000000) refers (Special) to libinit2.o(.ARM.Collect$$libinit$$0000001D) for __rt_lib_init_signal_1
    libinit.o(.ARM.Collect$$libinit$$00000000) refers (Special) to libinit2.o(.ARM.Collect$$libinit$$00000025) for __rt_lib_init_stdio_1
    libinit.o(.ARM.Collect$$libinit$$00000000) refers (Special) to libinit2.o(.ARM.Collect$$libinit$$0000000C) for __rt_lib_init_user_alloc_1
    libspace.o(.text) refers to libspace.o(.bss) for __libspace_start
    rtexit.o(.ARM.Collect$$rtexit$$00000000) refers (Special) to rtexit2.o(.ARM.Collect$$rtexit$$00000004) for __rt_exit_exit
    rtexit.o(.ARM.Collect$$rtexit$$00000000) refers (Special) to rtexit2.o(.ARM.Collect$$rtexit$$00000003) for __rt_exit_ls
    rtexit.o(.ARM.Collect$$rtexit$$00000000) refers (Special) to rtexit2.o(.ARM.Collect$$rtexit$$00000002) for __rt_exit_prels_1
    rtexit.o(.ARM.exidx) refers (Special) to rtexit2.o(.ARM.Collect$$rtexit$$00000004) for __rt_exit_exit
    rtexit.o(.ARM.exidx) refers (Special) to rtexit2.o(.ARM.Collect$$rtexit$$00000003) for __rt_exit_ls
    rtexit.o(.ARM.exidx) refers (Special) to rtexit2.o(.ARM.Collect$$rtexit$$00000002) for __rt_exit_prels_1
    rtexit.o(.ARM.exidx) refers to rtexit.o(.ARM.Collect$$rtexit$$00000000) for .ARM.Collect$$rtexit$$00000000
    rt_locale.o(.text) refers to rt_locale.o(.bss) for __rt_locale_data
    rt_locale_intlibspace.o(.text) refers to libspace.o(.bss) for __libspace_start
    lc_ctype_c.o(locale$$data) refers (Special) to libinit2.o(.ARM.Collect$$libinit$$00000012) for __rt_lib_init_lc_ctype_2
    lc_ctype_c.o(locale$$code) refers (Special) to libinit2.o(.ARM.Collect$$libinit$$00000012) for __rt_lib_init_lc_ctype_2
    lc_ctype_c.o(locale$$code) refers to strcmpv7m.o(.text) for strcmp
    lc_ctype_c.o(locale$$code) refers to lc_ctype_c.o(locale$$data) for __lcctype_c_name
    libinit2.o(.ARM.Collect$$libinit$$00000001) refers to fpinit.o(x$fpl$fpinit) for _fp_init
    libinit2.o(.ARM.Collect$$libinit$$0000000F) refers (Weak) to rt_locale_intlibspace.o(.text) for __rt_locale
    libinit2.o(.ARM.Collect$$libinit$$00000010) refers to libinit2.o(.ARM.Collect$$libinit$$0000000F) for .ARM.Collect$$libinit$$0000000F
    libinit2.o(.ARM.Collect$$libinit$$00000012) refers to libinit2.o(.ARM.Collect$$libinit$$0000000F) for .ARM.Collect$$libinit$$0000000F
    libinit2.o(.ARM.Collect$$libinit$$00000012) refers (Weak) to lc_ctype_c.o(locale$$code) for _get_lc_ctype
    libinit2.o(.ARM.Collect$$libinit$$00000014) refers to libinit2.o(.ARM.Collect$$libinit$$0000000F) for .ARM.Collect$$libinit$$0000000F
    libinit2.o(.ARM.Collect$$libinit$$00000016) refers to libinit2.o(.ARM.Collect$$libinit$$0000000F) for .ARM.Collect$$libinit$$0000000F
    libinit2.o(.ARM.Collect$$libinit$$00000018) refers to libinit2.o(.ARM.Collect$$libinit$$0000000F) for .ARM.Collect$$libinit$$0000000F
    libinit2.o(.ARM.Collect$$libinit$$00000026) refers to argv_veneer.o(.emb_text) for __ARM_argv_veneer
    libinit2.o(.ARM.Collect$$libinit$$00000027) refers to argv_veneer.o(.emb_text) for __ARM_argv_veneer
    rtexit2.o(.ARM.Collect$$rtexit$$00000003) refers to libshutdown.o(.ARM.Collect$$libshutdown$$00000000) for __rt_lib_shutdown
    rtexit2.o(.ARM.Collect$$rtexit$$00000004) refers to sys_exit.o(.text) for _sys_exit
    rtexit2.o(.ARM.exidx) refers to rtexit2.o(.ARM.Collect$$rtexit$$00000001) for .ARM.Collect$$rtexit$$00000001
    rtexit2.o(.ARM.exidx) refers to rtexit2.o(.ARM.Collect$$rtexit$$00000003) for .ARM.Collect$$rtexit$$00000003
    rtexit2.o(.ARM.exidx) refers to rtexit2.o(.ARM.Collect$$rtexit$$00000004) for .ARM.Collect$$rtexit$$00000004
    argv_veneer.o(.emb_text) refers to no_argv.o(.text) for __ARM_get_argv
    sys_exit.o(.text) refers (Special) to use_no_semi.o(.text) for __I$use$semihosting
    sys_exit.o(.text) refers (Special) to indicate_semi.o(.text) for __semihosting_library_function
    _get_argv_nomalloc.o(.text) refers (Special) to hrguard.o(.text) for __heap_region$guard
    _get_argv_nomalloc.o(.text) refers to defsig_rtmem_outer.o(.text) for __rt_SIGRTMEM
    _get_argv_nomalloc.o(.text) refers to sys_command.o(.text) for _sys_command_string
    libshutdown.o(.ARM.Collect$$libshutdown$$00000000) refers (Special) to libshutdown2.o(.ARM.Collect$$libshutdown$$00000002) for __rt_lib_shutdown_cpp_1
    libshutdown.o(.ARM.Collect$$libshutdown$$00000000) refers (Special) to libshutdown2.o(.ARM.Collect$$libshutdown$$00000007) for __rt_lib_shutdown_fp_trap_1
    libshutdown.o(.ARM.Collect$$libshutdown$$00000000) refers (Special) to libshutdown2.o(.ARM.Collect$$libshutdown$$0000000F) for __rt_lib_shutdown_heap_1
    libshutdown.o(.ARM.Collect$$libshutdown$$00000000) refers (Special) to libshutdown2.o(.ARM.Collect$$libshutdown$$00000010) for __rt_lib_shutdown_return
    libshutdown.o(.ARM.Collect$$libshutdown$$00000000) refers (Special) to libshutdown2.o(.ARM.Collect$$libshutdown$$0000000A) for __rt_lib_shutdown_signal_1
    libshutdown.o(.ARM.Collect$$libshutdown$$00000000) refers (Special) to libshutdown2.o(.ARM.Collect$$libshutdown$$00000004) for __rt_lib_shutdown_stdio_1
    libshutdown.o(.ARM.Collect$$libshutdown$$00000000) refers (Special) to libshutdown2.o(.ARM.Collect$$libshutdown$$0000000C) for __rt_lib_shutdown_user_alloc_1
    sys_command.o(.text) refers (Special) to use_no_semi.o(.text) for __I$use$semihosting
    sys_command.o(.text) refers (Special) to indicate_semi.o(.text) for __semihosting_library_function
    defsig_rtmem_outer.o(.text) refers to defsig_rtmem_inner.o(.text) for __rt_SIGRTMEM_inner
    defsig_rtmem_outer.o(.text) refers to defsig_exit.o(.text) for __sig_exit
    defsig_rtmem_formal.o(.text) refers to rt_raise.o(.text) for __rt_raise
    rt_raise.o(.text) refers to __raise.o(.text) for __raise
    rt_raise.o(.text) refers to sys_exit.o(.text) for _sys_exit
    defsig_exit.o(.text) refers to sys_exit.o(.text) for _sys_exit
    defsig_rtmem_inner.o(.text) refers to defsig_general.o(.text) for __default_signal_display
    __raise.o(.text) refers to defsig.o(CL$$defsig) for __default_signal_handler
    defsig_general.o(.text) refers to sys_wrch.o(.text) for _ttywrch
    sys_wrch.o(.text) refers (Special) to use_no_semi.o(.text) for __I$use$semihosting
    sys_wrch.o(.text) refers (Special) to indicate_semi.o(.text) for __semihosting_library_function
    defsig.o(CL$$defsig) refers to defsig_rtmem_inner.o(.text) for __rt_SIGRTMEM_inner
    defsig_abrt_inner.o(.text) refers to defsig_general.o(.text) for __default_signal_display
    defsig_fpe_inner.o(.text) refers to defsig_general.o(.text) for __default_signal_display
    defsig_rtred_inner.o(.text) refers to defsig_general.o(.text) for __default_signal_display
    defsig_stak_inner.o(.text) refers to defsig_general.o(.text) for __default_signal_display
    defsig_pvfn_inner.o(.text) refers to defsig_general.o(.text) for __default_signal_display
    defsig_cppl_inner.o(.text) refers to defsig_general.o(.text) for __default_signal_display
    defsig_segv_inner.o(.text) refers to defsig_general.o(.text) for __default_signal_display
    defsig_other.o(.text) refers to defsig_general.o(.text) for __default_signal_display


==============================================================================

Removing Unused input sections from the image.

    Removing dac.o(.rev16_text), (4 bytes).
    Removing dac.o(.revsh_text), (4 bytes).
    Removing dac.o(.rrx_text), (6 bytes).
    Removing dac.o(i.InitTimer2), (72 bytes).
    Removing main.o(.rev16_text), (4 bytes).
    Removing main.o(.revsh_text), (4 bytes).
    Removing main.o(.rrx_text), (6 bytes).
    Removing usart2.o(.rev16_text), (4 bytes).
    Removing usart2.o(.revsh_text), (4 bytes).
    Removing usart2.o(.rrx_text), (6 bytes).
    Removing usart2.o(.data), (4 bytes).
    Removing system_stm32f4xx.o(.rev16_text), (4 bytes).
    Removing system_stm32f4xx.o(.revsh_text), (4 bytes).
    Removing system_stm32f4xx.o(.rrx_text), (6 bytes).
    Removing system_stm32f4xx.o(i.SystemCoreClockUpdate), (192 bytes).
    Removing system_stm32f4xx.o(.constdata), (24 bytes).
    Removing system_stm32f4xx.o(.data), (4 bytes).

17 unused section(s) (total 352 bytes) removed from the image.

==============================================================================

Image Symbol Table

    Local Symbols

    Symbol Name                              Value     Ov Type        Size  Object(Section)

    ../clib/angel/boardlib.s                 0x00000000   Number         0  boardshut.o ABSOLUTE
    ../clib/angel/boardlib.s                 0x00000000   Number         0  boardinit3.o ABSOLUTE
    ../clib/angel/boardlib.s                 0x00000000   Number         0  boardinit2.o ABSOLUTE
    ../clib/angel/boardlib.s                 0x00000000   Number         0  boardinit1.o ABSOLUTE
    ../clib/angel/handlers.s                 0x00000000   Number         0  __scatter_copy.o ABSOLUTE
    ../clib/angel/handlers.s                 0x00000000   Number         0  __scatter_zi.o ABSOLUTE
    ../clib/angel/kernel.s                   0x00000000   Number         0  __rtentry.o ABSOLUTE
    ../clib/angel/kernel.s                   0x00000000   Number         0  rtexit.o ABSOLUTE
    ../clib/angel/kernel.s                   0x00000000   Number         0  __rtentry2.o ABSOLUTE
    ../clib/angel/kernel.s                   0x00000000   Number         0  rtexit2.o ABSOLUTE
    ../clib/angel/kernel.s                   0x00000000   Number         0  __rtentry4.o ABSOLUTE
    ../clib/angel/rt.s                       0x00000000   Number         0  rt_locale_intlibspace.o ABSOLUTE
    ../clib/angel/rt.s                       0x00000000   Number         0  rt_ctype_table.o ABSOLUTE
    ../clib/angel/rt.s                       0x00000000   Number         0  rt_raise.o ABSOLUTE
    ../clib/angel/rt.s                       0x00000000   Number         0  rt_locale.o ABSOLUTE
    ../clib/angel/scatter.s                  0x00000000   Number         0  __scatter.o ABSOLUTE
    ../clib/angel/startup.s                  0x00000000   Number         0  __main.o ABSOLUTE
    ../clib/angel/sys.s                      0x00000000   Number         0  sys_stackheap_outer.o ABSOLUTE
    ../clib/angel/sys.s                      0x00000000   Number         0  libspace.o ABSOLUTE
    ../clib/angel/sys.s                      0x00000000   Number         0  use_no_semi.o ABSOLUTE
    ../clib/angel/sys.s                      0x00000000   Number         0  indicate_semi.o ABSOLUTE
    ../clib/angel/sysapp.c                   0x00000000   Number         0  sys_command.o ABSOLUTE
    ../clib/angel/sysapp.c                   0x00000000   Number         0  sys_wrch.o ABSOLUTE
    ../clib/angel/sysapp.c                   0x00000000   Number         0  sys_exit.o ABSOLUTE
    ../clib/armsys.c                         0x00000000   Number         0  no_argv.o ABSOLUTE
    ../clib/armsys.c                         0x00000000   Number         0  _get_argv_nomalloc.o ABSOLUTE
    ../clib/armsys.c                         0x00000000   Number         0  argv_veneer.o ABSOLUTE
    ../clib/armsys.c                         0x00000000   Number         0  argv_veneer.o ABSOLUTE
    ../clib/ctype.c                          0x00000000   Number         0  isspace.o ABSOLUTE
    ../clib/heapalloc.c                      0x00000000   Number         0  hrguard.o ABSOLUTE
    ../clib/heapaux.c                        0x00000000   Number         0  heapauxi.o ABSOLUTE
    ../clib/libinit.s                        0x00000000   Number         0  libinit2.o ABSOLUTE
    ../clib/libinit.s                        0x00000000   Number         0  libinit.o ABSOLUTE
    ../clib/libinit.s                        0x00000000   Number         0  libshutdown2.o ABSOLUTE
    ../clib/libinit.s                        0x00000000   Number         0  libshutdown.o ABSOLUTE
    ../clib/locale.s                         0x00000000   Number         0  lc_ctype_c.o ABSOLUTE
    ../clib/memcpset.s                       0x00000000   Number         0  rt_memcpy_w.o ABSOLUTE
    ../clib/memcpset.s                       0x00000000   Number         0  strcmpv7m.o ABSOLUTE
    ../clib/printf.c                         0x00000000   Number         0  _printf_intcommon.o ABSOLUTE
    ../clib/printf.c                         0x00000000   Number         0  noretval__2sprintf.o ABSOLUTE
    ../clib/printf.c                         0x00000000   Number         0  _printf_char_common.o ABSOLUTE
    ../clib/printf.c                         0x00000000   Number         0  _sputc.o ABSOLUTE
    ../clib/printf.c                         0x00000000   Number         0  __printf_flags.o ABSOLUTE
    ../clib/printf.c                         0x00000000   Number         0  _printf_dec.o ABSOLUTE
    ../clib/printf.c                         0x00000000   Number         0  __printf_ss.o ABSOLUTE
    ../clib/printf.c                         0x00000000   Number         0  __printf_flags_ss.o ABSOLUTE
    ../clib/printf.c                         0x00000000   Number         0  __printf_wp.o ABSOLUTE
    ../clib/printf.c                         0x00000000   Number         0  __printf_flags_wp.o ABSOLUTE
    ../clib/printf.c                         0x00000000   Number         0  __printf_ss_wp.o ABSOLUTE
    ../clib/printf.c                         0x00000000   Number         0  __printf_flags_ss_wp.o ABSOLUTE
    ../clib/printf.c                         0x00000000   Number         0  __2sprintf.o ABSOLUTE
    ../clib/printf.c                         0x00000000   Number         0  __printf.o ABSOLUTE
    ../clib/printf.c                         0x00000000   Number         0  __printf_nopercent.o ABSOLUTE
    ../clib/printf_percent.s                 0x00000000   Number         0  _printf_percent_end.o ABSOLUTE
    ../clib/printf_percent.s                 0x00000000   Number         0  _printf_d.o ABSOLUTE
    ../clib/printf_percent.s                 0x00000000   Number         0  _printf_percent.o ABSOLUTE
    ../clib/scanf.c                          0x00000000   Number         0  scanf_char.o ABSOLUTE
    ../clib/scanf.c                          0x00000000   Number         0  _sgetc.o ABSOLUTE
    ../clib/scanf.c                          0x00000000   Number         0  _scanf_str.o ABSOLUTE
    ../clib/scanf.c                          0x00000000   Number         0  __0sscanf.o ABSOLUTE
    ../clib/scanf.c                          0x00000000   Number         0  _chval.o ABSOLUTE
    ../clib/scanf.c                          0x00000000   Number         0  _scanf_int.o ABSOLUTE
    ../clib/scanf.c                          0x00000000   Number         0  _scanf.o ABSOLUTE
    ../clib/signal.c                         0x00000000   Number         0  defsig_fpe_inner.o ABSOLUTE
    ../clib/signal.c                         0x00000000   Number         0  defsig_rtred_inner.o ABSOLUTE
    ../clib/signal.c                         0x00000000   Number         0  defsig_stak_inner.o ABSOLUTE
    ../clib/signal.c                         0x00000000   Number         0  defsig_pvfn_inner.o ABSOLUTE
    ../clib/signal.c                         0x00000000   Number         0  defsig_cppl_inner.o ABSOLUTE
    ../clib/signal.c                         0x00000000   Number         0  defsig_rtmem_inner.o ABSOLUTE
    ../clib/signal.c                         0x00000000   Number         0  defsig_segv_inner.o ABSOLUTE
    ../clib/signal.c                         0x00000000   Number         0  defsig_general.o ABSOLUTE
    ../clib/signal.c                         0x00000000   Number         0  defsig_other.o ABSOLUTE
    ../clib/signal.c                         0x00000000   Number         0  defsig_exit.o ABSOLUTE
    ../clib/signal.c                         0x00000000   Number         0  defsig_rtmem_outer.o ABSOLUTE
    ../clib/signal.c                         0x00000000   Number         0  defsig_abrt_inner.o ABSOLUTE
    ../clib/signal.c                         0x00000000   Number         0  __raise.o ABSOLUTE
    ../clib/signal.c                         0x00000000   Number         0  defsig_rtmem_formal.o ABSOLUTE
    ../clib/signal.s                         0x00000000   Number         0  defsig.o ABSOLUTE
    ../clib/stdlib.c                         0x00000000   Number         0  exit.o ABSOLUTE
    ../clib/string.c                         0x00000000   Number         0  strlen.o ABSOLUTE
    ../fplib/daddsub.s                       0x00000000   Number         0  daddsub_clz.o ABSOLUTE
    ../fplib/dfixu.s                         0x00000000   Number         0  dfixu.o ABSOLUTE
    ../fplib/dflt.s                          0x00000000   Number         0  dflt_clz.o ABSOLUTE
    ../fplib/dmul.s                          0x00000000   Number         0  dmul.o ABSOLUTE
    ../fplib/dnaninf.s                       0x00000000   Number         0  dnaninf.o ABSOLUTE
    ../fplib/dretinf.s                       0x00000000   Number         0  dretinf.o ABSOLUTE
    ../fplib/fpinit.s                        0x00000000   Number         0  fpinit.o ABSOLUTE
    ../fplib/usenofp.s                       0x00000000   Number         0  usenofp.o ABSOLUTE
    DAC.c                                    0x00000000   Number         0  dac.o ABSOLUTE
    DAC.c                                    0x00000000   Number         0  dac.o ABSOLUTE
    RTE\Device\STM32F446RETx\startup_stm32f446xx.s 0x00000000   Number         0  startup_stm32f446xx.o ABSOLUTE
    RTE\Device\STM32F446RETx\system_stm32f4xx.c 0x00000000   Number         0  system_stm32f4xx.o ABSOLUTE
    RTE\\Device\\STM32F446RETx\\system_stm32f4xx.c 0x00000000   Number         0  system_stm32f4xx.o ABSOLUTE
    USART2.c                                 0x00000000   Number         0  usart2.o ABSOLUTE
    USART2.c                                 0x00000000   Number         0  usart2.o ABSOLUTE
    dc.s                                     0x00000000   Number         0  dc.o ABSOLUTE
    main.c                                   0x00000000   Number         0  main.o ABSOLUTE
    main.c                                   0x00000000   Number         0  main.o ABSOLUTE
    RESET                                    0x08000000   Section      452  startup_stm32f446xx.o(RESET)
    !!!main                                  0x080001c4   Section        8  __main.o(!!!main)
    !!!scatter                               0x080001cc   Section       52  __scatter.o(!!!scatter)
    !!handler_copy                           0x08000200   Section       26  __scatter_copy.o(!!handler_copy)
    !!handler_zi                             0x0800021c   Section       28  __scatter_zi.o(!!handler_zi)
    .ARM.Collect$$_printf_percent$$00000000  0x08000238   Section        0  _printf_percent.o(.ARM.Collect$$_printf_percent$$00000000)
    .ARM.Collect$$_printf_percent$$00000009  0x08000238   Section        6  _printf_d.o(.ARM.Collect$$_printf_percent$$00000009)
    .ARM.Collect$$_printf_percent$$00000017  0x0800023e   Section        4  _printf_percent_end.o(.ARM.Collect$$_printf_percent$$00000017)
    .ARM.Collect$$libinit$$00000000          0x08000242   Section        2  libinit.o(.ARM.Collect$$libinit$$00000000)
    .ARM.Collect$$libinit$$00000001          0x08000244   Section        4  libinit2.o(.ARM.Collect$$libinit$$00000001)
    .ARM.Collect$$libinit$$00000004          0x08000248   Section        0  libinit2.o(.ARM.Collect$$libinit$$00000004)
    .ARM.Collect$$libinit$$0000000A          0x08000248   Section        0  libinit2.o(.ARM.Collect$$libinit$$0000000A)
    .ARM.Collect$$libinit$$0000000C          0x08000248   Section        0  libinit2.o(.ARM.Collect$$libinit$$0000000C)
    .ARM.Collect$$libinit$$0000000E          0x08000248   Section        0  libinit2.o(.ARM.Collect$$libinit$$0000000E)
    .ARM.Collect$$libinit$$0000000F          0x08000248   Section        6  libinit2.o(.ARM.Collect$$libinit$$0000000F)
    .ARM.Collect$$libinit$$00000011          0x0800024e   Section        0  libinit2.o(.ARM.Collect$$libinit$$00000011)
    .ARM.Collect$$libinit$$00000012          0x0800024e   Section       12  libinit2.o(.ARM.Collect$$libinit$$00000012)
    .ARM.Collect$$libinit$$00000013          0x0800025a   Section        0  libinit2.o(.ARM.Collect$$libinit$$00000013)
    .ARM.Collect$$libinit$$00000015          0x0800025a   Section        0  libinit2.o(.ARM.Collect$$libinit$$00000015)
    .ARM.Collect$$libinit$$00000017          0x0800025a   Section        0  libinit2.o(.ARM.Collect$$libinit$$00000017)
    .ARM.Collect$$libinit$$00000019          0x0800025a   Section        0  libinit2.o(.ARM.Collect$$libinit$$00000019)
    .ARM.Collect$$libinit$$0000001B          0x0800025a   Section        0  libinit2.o(.ARM.Collect$$libinit$$0000001B)
    .ARM.Collect$$libinit$$0000001D          0x0800025a   Section        0  libinit2.o(.ARM.Collect$$libinit$$0000001D)
    .ARM.Collect$$libinit$$0000001F          0x0800025a   Section        0  libinit2.o(.ARM.Collect$$libinit$$0000001F)
    .ARM.Collect$$libinit$$00000021          0x0800025a   Section        0  libinit2.o(.ARM.Collect$$libinit$$00000021)
    .ARM.Collect$$libinit$$00000023          0x0800025a   Section        0  libinit2.o(.ARM.Collect$$libinit$$00000023)
    .ARM.Collect$$libinit$$00000025          0x0800025a   Section        0  libinit2.o(.ARM.Collect$$libinit$$00000025)
    .ARM.Collect$$libinit$$0000002C          0x0800025a   Section        0  libinit2.o(.ARM.Collect$$libinit$$0000002C)
    .ARM.Collect$$libinit$$0000002E          0x0800025a   Section        0  libinit2.o(.ARM.Collect$$libinit$$0000002E)
    .ARM.Collect$$libinit$$00000030          0x0800025a   Section        0  libinit2.o(.ARM.Collect$$libinit$$00000030)
    .ARM.Collect$$libinit$$00000032          0x0800025a   Section        0  libinit2.o(.ARM.Collect$$libinit$$00000032)
    .ARM.Collect$$libinit$$00000033          0x0800025a   Section        2  libinit2.o(.ARM.Collect$$libinit$$00000033)
    .ARM.Collect$$libshutdown$$00000000      0x0800025c   Section        2  libshutdown.o(.ARM.Collect$$libshutdown$$00000000)
    .ARM.Collect$$libshutdown$$00000002      0x0800025e   Section        0  libshutdown2.o(.ARM.Collect$$libshutdown$$00000002)
    .ARM.Collect$$libshutdown$$00000004      0x0800025e   Section        0  libshutdown2.o(.ARM.Collect$$libshutdown$$00000004)
    .ARM.Collect$$libshutdown$$00000007      0x0800025e   Section        0  libshutdown2.o(.ARM.Collect$$libshutdown$$00000007)
    .ARM.Collect$$libshutdown$$0000000A      0x0800025e   Section        0  libshutdown2.o(.ARM.Collect$$libshutdown$$0000000A)
    .ARM.Collect$$libshutdown$$0000000C      0x0800025e   Section        0  libshutdown2.o(.ARM.Collect$$libshutdown$$0000000C)
    .ARM.Collect$$libshutdown$$0000000F      0x0800025e   Section        0  libshutdown2.o(.ARM.Collect$$libshutdown$$0000000F)
    .ARM.Collect$$libshutdown$$00000010      0x0800025e   Section        2  libshutdown2.o(.ARM.Collect$$libshutdown$$00000010)
    .ARM.Collect$$rtentry$$00000000          0x08000260   Section        0  __rtentry.o(.ARM.Collect$$rtentry$$00000000)
    .ARM.Collect$$rtentry$$00000002          0x08000260   Section        0  __rtentry2.o(.ARM.Collect$$rtentry$$00000002)
    .ARM.Collect$$rtentry$$00000004          0x08000260   Section        6  __rtentry4.o(.ARM.Collect$$rtentry$$00000004)
    .ARM.Collect$$rtentry$$00000009          0x08000266   Section        0  __rtentry2.o(.ARM.Collect$$rtentry$$00000009)
    .ARM.Collect$$rtentry$$0000000A          0x08000266   Section        4  __rtentry2.o(.ARM.Collect$$rtentry$$0000000A)
    .ARM.Collect$$rtentry$$0000000C          0x0800026a   Section        0  __rtentry2.o(.ARM.Collect$$rtentry$$0000000C)
    .ARM.Collect$$rtentry$$0000000D          0x0800026a   Section        8  __rtentry2.o(.ARM.Collect$$rtentry$$0000000D)
    .ARM.Collect$$rtexit$$00000000           0x08000272   Section        2  rtexit.o(.ARM.Collect$$rtexit$$00000000)
    .ARM.Collect$$rtexit$$00000002           0x08000274   Section        0  rtexit2.o(.ARM.Collect$$rtexit$$00000002)
    .ARM.Collect$$rtexit$$00000003           0x08000274   Section        4  rtexit2.o(.ARM.Collect$$rtexit$$00000003)
    .ARM.Collect$$rtexit$$00000004           0x08000278   Section        6  rtexit2.o(.ARM.Collect$$rtexit$$00000004)
    .text                                    0x08000280   Section       64  startup_stm32f446xx.o(.text)
    $v0                                      0x08000280   Number         0  startup_stm32f446xx.o(.text)
    .text                                    0x080002c0   Section        0  noretval__2sprintf.o(.text)
    .text                                    0x080002e8   Section        0  __printf.o(.text)
    .text                                    0x08000350   Section        0  _printf_dec.o(.text)
    .text                                    0x080003c8   Section        0  __0sscanf.o(.text)
    .text                                    0x08000404   Section        0  _scanf_int.o(.text)
    .text                                    0x08000550   Section        0  _scanf_str.o(.text)
    .text                                    0x08000630   Section        0  strlen.o(.text)
    .text                                    0x0800066e   Section      100  rt_memcpy_w.o(.text)
    .text                                    0x080006d2   Section        0  heapauxi.o(.text)
    .text                                    0x080006d8   Section        0  _printf_intcommon.o(.text)
    .text                                    0x0800078c   Section        0  _printf_char_common.o(.text)
    _printf_input_char                       0x0800078d   Thumb Code    10  _printf_char_common.o(.text)
    .text                                    0x080007bc   Section        0  _sputc.o(.text)
    .text                                    0x080007c6   Section        0  _chval.o(.text)
    .text                                    0x080007e4   Section        0  scanf_char.o(.text)
    _scanf_char_input                        0x080007e5   Thumb Code    12  scanf_char.o(.text)
    .text                                    0x08000810   Section        0  _sgetc.o(.text)
    .text                                    0x08000850   Section        0  isspace.o(.text)
    .text                                    0x08000864   Section        0  _scanf.o(.text)
    .text                                    0x08000bd8   Section       74  sys_stackheap_outer.o(.text)
    .text                                    0x08000c24   Section       16  rt_ctype_table.o(.text)
    .text                                    0x08000c34   Section        0  exit.o(.text)
    .text                                    0x08000c48   Section        8  libspace.o(.text)
    .text                                    0x08000c50   Section        8  rt_locale_intlibspace.o(.text)
    .text                                    0x08000c58   Section      128  strcmpv7m.o(.text)
    .text                                    0x08000cd8   Section        0  sys_exit.o(.text)
    .text                                    0x08000ce4   Section        2  use_no_semi.o(.text)
    .text                                    0x08000ce6   Section        0  indicate_semi.o(.text)
    i.InitDAC                                0x08000ce8   Section        0  dac.o(i.InitDAC)
    i.Init_Systick                           0x08000d38   Section        0  usart2.o(i.Init_Systick)
    i.SysTick_Handler                        0x08000d4c   Section        0  main.o(i.SysTick_Handler)
    i.SystemInit                             0x08000de4   Section        0  system_stm32f4xx.o(i.SystemInit)
    i.TIM2_IRQHandler                        0x08000e48   Section        0  main.o(i.TIM2_IRQHandler)
    i.USART2_IRQHandler                      0x08000ec8   Section        0  main.o(i.USART2_IRQHandler)
    i.WriteDAC                               0x08000f1c   Section        0  dac.o(i.WriteDAC)
    i.initUSART2                             0x08000f28   Section        0  usart2.o(i.initUSART2)
    i.interp_input                           0x08000fa4   Section        0  main.o(i.interp_input)
    i.main                                   0x0800105c   Section        0  main.o(i.main)
    i.readChar                               0x080010e4   Section        0  usart2.o(i.readChar)
    i.writeChar                              0x08001100   Section        0  usart2.o(i.writeChar)
    i.writeString                            0x08001128   Section        0  usart2.o(i.writeString)
    locale$$code                             0x08001148   Section       44  lc_ctype_c.o(locale$$code)
    x$fpl$dadd                               0x08001174   Section      336  daddsub_clz.o(x$fpl$dadd)
    $v0                                      0x08001174   Number         0  daddsub_clz.o(x$fpl$dadd)
    _dadd1                                   0x08001185   Thumb Code     0  daddsub_clz.o(x$fpl$dadd)
    x$fpl$dfixu                              0x080012c4   Section       90  dfixu.o(x$fpl$dfixu)
    $v0                                      0x080012c4   Number         0  dfixu.o(x$fpl$dfixu)
    x$fpl$dfltu                              0x0800131e   Section       38  dflt_clz.o(x$fpl$dfltu)
    $v0                                      0x0800131e   Number         0  dflt_clz.o(x$fpl$dfltu)
    x$fpl$dmul                               0x08001344   Section      340  dmul.o(x$fpl$dmul)
    $v0                                      0x08001344   Number         0  dmul.o(x$fpl$dmul)
    x$fpl$dnaninf                            0x08001498   Section      156  dnaninf.o(x$fpl$dnaninf)
    $v0                                      0x08001498   Number         0  dnaninf.o(x$fpl$dnaninf)
    x$fpl$dretinf                            0x08001534   Section       12  dretinf.o(x$fpl$dretinf)
    $v0                                      0x08001534   Number         0  dretinf.o(x$fpl$dretinf)
    x$fpl$drsb                               0x08001540   Section       22  daddsub_clz.o(x$fpl$drsb)
    $v0                                      0x08001540   Number         0  daddsub_clz.o(x$fpl$drsb)
    x$fpl$dsub                               0x08001558   Section      468  daddsub_clz.o(x$fpl$dsub)
    $v0                                      0x08001558   Number         0  daddsub_clz.o(x$fpl$dsub)
    _dsub1                                   0x08001569   Thumb Code     0  daddsub_clz.o(x$fpl$dsub)
    x$fpl$fpinit                             0x0800172c   Section       10  fpinit.o(x$fpl$fpinit)
    $v0                                      0x0800172c   Number         0  fpinit.o(x$fpl$fpinit)
    x$fpl$usenofp                            0x08001736   Section        0  usenofp.o(x$fpl$usenofp)
    .constdata                               0x08001738   Section       30  main.o(.constdata)
    locale$$data                             0x08001778   Section      272  lc_ctype_c.o(locale$$data)
    __lcctype_c_name                         0x0800177c   Data           2  lc_ctype_c.o(locale$$data)
    __lcctype_c_start                        0x08001784   Data           0  lc_ctype_c.o(locale$$data)
    __lcctype_c_end                          0x08001888   Data           0  lc_ctype_c.o(locale$$data)
    .data                                    0x20000000   Section       75  main.o(.data)
    bufferPos                                0x20000044   Data           4  main.o(.data)
    index                                    0x20000048   Data           1  main.o(.data)
    index                                    0x20000049   Data           1  main.o(.data)
    countupflag                              0x2000004a   Data           1  main.o(.data)
    .bss                                     0x2000004c   Section       20  main.o(.bss)
    output                                   0x2000004c   Data          20  main.o(.bss)
    .bss                                     0x20000060   Section       64  usart2.o(.bss)
    .bss                                     0x200000a0   Section       96  libspace.o(.bss)
    HEAP                                     0x20000100   Section      512  startup_stm32f446xx.o(HEAP)
    Heap_Mem                                 0x20000100   Data         512  startup_stm32f446xx.o(HEAP)
    STACK                                    0x20000300   Section     1024  startup_stm32f446xx.o(STACK)
    Stack_Mem                                0x20000300   Data        1024  startup_stm32f446xx.o(STACK)
    __initial_sp                             0x20000700   Data           0  startup_stm32f446xx.o(STACK)

    Global Symbols

    Symbol Name                              Value     Ov Type        Size  Object(Section)

    BuildAttributes$$THM_ISAv4$E$P$D$K$B$S$7EM$VFPi3$EXTD16$VFPS$VFMA$PE$A:L22UL41UL21$X:L11$S22US41US21$IEEE1$IW$USESV6$~STKCKD$USESV7$~SHL$OSPACE$ROPI$EBA8$UX$STANDARDLIB$REQ8$PRES8$EABIv2 0x00000000   Number         0  anon$$obj.o ABSOLUTE
    __ARM_use_no_argv                        0x00000000   Number         0  main.o ABSOLUTE
    __ARM_exceptions_init                     - Undefined Weak Reference
    __alloca_initialize                       - Undefined Weak Reference
    __arm_preinit_                            - Undefined Weak Reference
    __cpp_initialize__aeabi_                  - Undefined Weak Reference
    __cxa_finalize                            - Undefined Weak Reference
    __sigvec_lookup                           - Undefined Weak Reference
    _atexit_init                              - Undefined Weak Reference
    _call_atexit_fns                          - Undefined Weak Reference
    _clock_init                               - Undefined Weak Reference
    _fp_trap_init                             - Undefined Weak Reference
    _fp_trap_shutdown                         - Undefined Weak Reference
    _get_lc_collate                           - Undefined Weak Reference
    _get_lc_monetary                          - Undefined Weak Reference
    _get_lc_numeric                           - Undefined Weak Reference
    _get_lc_time                              - Undefined Weak Reference
    _getenv_init                              - Undefined Weak Reference
    _handle_redirection                       - Undefined Weak Reference
    _init_alloc                               - Undefined Weak Reference
    _init_user_alloc                          - Undefined Weak Reference
    _initio                                   - Undefined Weak Reference
    _printf_post_padding                      - Undefined Weak Reference
    _printf_pre_padding                       - Undefined Weak Reference
    _printf_truncate_signed                   - Undefined Weak Reference
    _printf_truncate_unsigned                 - Undefined Weak Reference
    _rand_init                                - Undefined Weak Reference
    _scanf_longlong                           - Undefined Weak Reference
    _scanf_mbtowc                             - Undefined Weak Reference
    _scanf_real                               - Undefined Weak Reference
    _scanf_wctomb                             - Undefined Weak Reference
    _scanf_wstring                            - Undefined Weak Reference
    _signal_finish                            - Undefined Weak Reference
    _signal_init                              - Undefined Weak Reference
    _terminate_alloc                          - Undefined Weak Reference
    _terminate_user_alloc                     - Undefined Weak Reference
    _terminateio                              - Undefined Weak Reference
    __Vectors_Size                           0x000001c4   Number         0  startup_stm32f446xx.o ABSOLUTE
    __Vectors                                0x08000000   Data           4  startup_stm32f446xx.o(RESET)
    __Vectors_End                            0x080001c4   Data           0  startup_stm32f446xx.o(RESET)
    __main                                   0x080001c5   Thumb Code     8  __main.o(!!!main)
    __scatterload                            0x080001cd   Thumb Code     0  __scatter.o(!!!scatter)
    __scatterload_rt2                        0x080001cd   Thumb Code    44  __scatter.o(!!!scatter)
    __scatterload_rt2_thumb_only             0x080001cd   Thumb Code     0  __scatter.o(!!!scatter)
    __scatterload_null                       0x080001db   Thumb Code     0  __scatter.o(!!!scatter)
    __scatterload_copy                       0x08000201   Thumb Code    26  __scatter_copy.o(!!handler_copy)
    __scatterload_zeroinit                   0x0800021d   Thumb Code    28  __scatter_zi.o(!!handler_zi)
    _printf_d                                0x08000239   Thumb Code     0  _printf_d.o(.ARM.Collect$$_printf_percent$$00000009)
    _printf_percent                          0x08000239   Thumb Code     0  _printf_percent.o(.ARM.Collect$$_printf_percent$$00000000)
    _printf_percent_end                      0x0800023f   Thumb Code     0  _printf_percent_end.o(.ARM.Collect$$_printf_percent$$00000017)
    __rt_lib_init                            0x08000243   Thumb Code     0  libinit.o(.ARM.Collect$$libinit$$00000000)
    __rt_lib_init_fp_1                       0x08000245   Thumb Code     0  libinit2.o(.ARM.Collect$$libinit$$00000001)
    __rt_lib_init_heap_1                     0x08000249   Thumb Code     0  libinit2.o(.ARM.Collect$$libinit$$0000000A)
    __rt_lib_init_lc_common                  0x08000249   Thumb Code     0  libinit2.o(.ARM.Collect$$libinit$$0000000F)
    __rt_lib_init_preinit_1                  0x08000249   Thumb Code     0  libinit2.o(.ARM.Collect$$libinit$$00000004)
    __rt_lib_init_rand_1                     0x08000249   Thumb Code     0  libinit2.o(.ARM.Collect$$libinit$$0000000E)
    __rt_lib_init_user_alloc_1               0x08000249   Thumb Code     0  libinit2.o(.ARM.Collect$$libinit$$0000000C)
    __rt_lib_init_lc_collate_1               0x0800024f   Thumb Code     0  libinit2.o(.ARM.Collect$$libinit$$00000011)
    __rt_lib_init_lc_ctype_2                 0x0800024f   Thumb Code     0  libinit2.o(.ARM.Collect$$libinit$$00000012)
    __rt_lib_init_alloca_1                   0x0800025b   Thumb Code     0  libinit2.o(.ARM.Collect$$libinit$$0000002E)
    __rt_lib_init_argv_1                     0x0800025b   Thumb Code     0  libinit2.o(.ARM.Collect$$libinit$$0000002C)
    __rt_lib_init_atexit_1                   0x0800025b   Thumb Code     0  libinit2.o(.ARM.Collect$$libinit$$0000001B)
    __rt_lib_init_clock_1                    0x0800025b   Thumb Code     0  libinit2.o(.ARM.Collect$$libinit$$00000021)
    __rt_lib_init_cpp_1                      0x0800025b   Thumb Code     0  libinit2.o(.ARM.Collect$$libinit$$00000032)
    __rt_lib_init_exceptions_1               0x0800025b   Thumb Code     0  libinit2.o(.ARM.Collect$$libinit$$00000030)
    __rt_lib_init_fp_trap_1                  0x0800025b   Thumb Code     0  libinit2.o(.ARM.Collect$$libinit$$0000001F)
    __rt_lib_init_getenv_1                   0x0800025b   Thumb Code     0  libinit2.o(.ARM.Collect$$libinit$$00000023)
    __rt_lib_init_lc_ctype_1                 0x0800025b   Thumb Code     0  libinit2.o(.ARM.Collect$$libinit$$00000013)
    __rt_lib_init_lc_monetary_1              0x0800025b   Thumb Code     0  libinit2.o(.ARM.Collect$$libinit$$00000015)
    __rt_lib_init_lc_numeric_1               0x0800025b   Thumb Code     0  libinit2.o(.ARM.Collect$$libinit$$00000017)
    __rt_lib_init_lc_time_1                  0x0800025b   Thumb Code     0  libinit2.o(.ARM.Collect$$libinit$$00000019)
    __rt_lib_init_return                     0x0800025b   Thumb Code     0  libinit2.o(.ARM.Collect$$libinit$$00000033)
    __rt_lib_init_signal_1                   0x0800025b   Thumb Code     0  libinit2.o(.ARM.Collect$$libinit$$0000001D)
    __rt_lib_init_stdio_1                    0x0800025b   Thumb Code     0  libinit2.o(.ARM.Collect$$libinit$$00000025)
    __rt_lib_shutdown                        0x0800025d   Thumb Code     0  libshutdown.o(.ARM.Collect$$libshutdown$$00000000)
    __rt_lib_shutdown_cpp_1                  0x0800025f   Thumb Code     0  libshutdown2.o(.ARM.Collect$$libshutdown$$00000002)
    __rt_lib_shutdown_fp_trap_1              0x0800025f   Thumb Code     0  libshutdown2.o(.ARM.Collect$$libshutdown$$00000007)
    __rt_lib_shutdown_heap_1                 0x0800025f   Thumb Code     0  libshutdown2.o(.ARM.Collect$$libshutdown$$0000000F)
    __rt_lib_shutdown_return                 0x0800025f   Thumb Code     0  libshutdown2.o(.ARM.Collect$$libshutdown$$00000010)
    __rt_lib_shutdown_signal_1               0x0800025f   Thumb Code     0  libshutdown2.o(.ARM.Collect$$libshutdown$$0000000A)
    __rt_lib_shutdown_stdio_1                0x0800025f   Thumb Code     0  libshutdown2.o(.ARM.Collect$$libshutdown$$00000004)
    __rt_lib_shutdown_user_alloc_1           0x0800025f   Thumb Code     0  libshutdown2.o(.ARM.Collect$$libshutdown$$0000000C)
    __rt_entry                               0x08000261   Thumb Code     0  __rtentry.o(.ARM.Collect$$rtentry$$00000000)
    __rt_entry_presh_1                       0x08000261   Thumb Code     0  __rtentry2.o(.ARM.Collect$$rtentry$$00000002)
    __rt_entry_sh                            0x08000261   Thumb Code     0  __rtentry4.o(.ARM.Collect$$rtentry$$00000004)
    __rt_entry_li                            0x08000267   Thumb Code     0  __rtentry2.o(.ARM.Collect$$rtentry$$0000000A)
    __rt_entry_postsh_1                      0x08000267   Thumb Code     0  __rtentry2.o(.ARM.Collect$$rtentry$$00000009)
    __rt_entry_main                          0x0800026b   Thumb Code     0  __rtentry2.o(.ARM.Collect$$rtentry$$0000000D)
    __rt_entry_postli_1                      0x0800026b   Thumb Code     0  __rtentry2.o(.ARM.Collect$$rtentry$$0000000C)
    __rt_exit                                0x08000273   Thumb Code     0  rtexit.o(.ARM.Collect$$rtexit$$00000000)
    __rt_exit_ls                             0x08000275   Thumb Code     0  rtexit2.o(.ARM.Collect$$rtexit$$00000003)
    __rt_exit_prels_1                        0x08000275   Thumb Code     0  rtexit2.o(.ARM.Collect$$rtexit$$00000002)
    __rt_exit_exit                           0x08000279   Thumb Code     0  rtexit2.o(.ARM.Collect$$rtexit$$00000004)
    Reset_Handler                            0x08000281   Thumb Code     8  startup_stm32f446xx.o(.text)
    NMI_Handler                              0x08000289   Thumb Code     2  startup_stm32f446xx.o(.text)
    HardFault_Handler                        0x0800028b   Thumb Code     2  startup_stm32f446xx.o(.text)
    MemManage_Handler                        0x0800028d   Thumb Code     2  startup_stm32f446xx.o(.text)
    BusFault_Handler                         0x0800028f   Thumb Code     2  startup_stm32f446xx.o(.text)
    UsageFault_Handler                       0x08000291   Thumb Code     2  startup_stm32f446xx.o(.text)
    SVC_Handler                              0x08000293   Thumb Code     2  startup_stm32f446xx.o(.text)
    DebugMon_Handler                         0x08000295   Thumb Code     2  startup_stm32f446xx.o(.text)
    PendSV_Handler                           0x08000297   Thumb Code     2  startup_stm32f446xx.o(.text)
    ADC_IRQHandler                           0x0800029b   Thumb Code     0  startup_stm32f446xx.o(.text)
    CAN1_RX0_IRQHandler                      0x0800029b   Thumb Code     0  startup_stm32f446xx.o(.text)
    CAN1_RX1_IRQHandler                      0x0800029b   Thumb Code     0  startup_stm32f446xx.o(.text)
    CAN1_SCE_IRQHandler                      0x0800029b   Thumb Code     0  startup_stm32f446xx.o(.text)
    CAN1_TX_IRQHandler                       0x0800029b   Thumb Code     0  startup_stm32f446xx.o(.text)
    CAN2_RX0_IRQHandler                      0x0800029b   Thumb Code     0  startup_stm32f446xx.o(.text)
    CAN2_RX1_IRQHandler                      0x0800029b   Thumb Code     0  startup_stm32f446xx.o(.text)
    CAN2_SCE_IRQHandler                      0x0800029b   Thumb Code     0  startup_stm32f446xx.o(.text)
    CAN2_TX_IRQHandler                       0x0800029b   Thumb Code     0  startup_stm32f446xx.o(.text)
    CEC_IRQHandler                           0x0800029b   Thumb Code     0  startup_stm32f446xx.o(.text)
    DCMI_IRQHandler                          0x0800029b   Thumb Code     0  startup_stm32f446xx.o(.text)
    DMA1_Stream0_IRQHandler                  0x0800029b   Thumb Code     0  startup_stm32f446xx.o(.text)
    DMA1_Stream1_IRQHandler                  0x0800029b   Thumb Code     0  startup_stm32f446xx.o(.text)
    DMA1_Stream2_IRQHandler                  0x0800029b   Thumb Code     0  startup_stm32f446xx.o(.text)
    DMA1_Stream3_IRQHandler                  0x0800029b   Thumb Code     0  startup_stm32f446xx.o(.text)
    DMA1_Stream4_IRQHandler                  0x0800029b   Thumb Code     0  startup_stm32f446xx.o(.text)
    DMA1_Stream5_IRQHandler                  0x0800029b   Thumb Code     0  startup_stm32f446xx.o(.text)
    DMA1_Stream6_IRQHandler                  0x0800029b   Thumb Code     0  startup_stm32f446xx.o(.text)
    DMA1_Stream7_IRQHandler                  0x0800029b   Thumb Code     0  startup_stm32f446xx.o(.text)
    DMA2_Stream0_IRQHandler                  0x0800029b   Thumb Code     0  startup_stm32f446xx.o(.text)
    DMA2_Stream1_IRQHandler                  0x0800029b   Thumb Code     0  startup_stm32f446xx.o(.text)
    DMA2_Stream2_IRQHandler                  0x0800029b   Thumb Code     0  startup_stm32f446xx.o(.text)
    DMA2_Stream3_IRQHandler                  0x0800029b   Thumb Code     0  startup_stm32f446xx.o(.text)
    DMA2_Stream4_IRQHandler                  0x0800029b   Thumb Code     0  startup_stm32f446xx.o(.text)
    DMA2_Stream5_IRQHandler                  0x0800029b   Thumb Code     0  startup_stm32f446xx.o(.text)
    DMA2_Stream6_IRQHandler                  0x0800029b   Thumb Code     0  startup_stm32f446xx.o(.text)
    DMA2_Stream7_IRQHandler                  0x0800029b   Thumb Code     0  startup_stm32f446xx.o(.text)
    EXTI0_IRQHandler                         0x0800029b   Thumb Code     0  startup_stm32f446xx.o(.text)
    EXTI15_10_IRQHandler                     0x0800029b   Thumb Code     0  startup_stm32f446xx.o(.text)
    EXTI1_IRQHandler                         0x0800029b   Thumb Code     0  startup_stm32f446xx.o(.text)
    EXTI2_IRQHandler                         0x0800029b   Thumb Code     0  startup_stm32f446xx.o(.text)
    EXTI3_IRQHandler                         0x0800029b   Thumb Code     0  startup_stm32f446xx.o(.text)
    EXTI4_IRQHandler                         0x0800029b   Thumb Code     0  startup_stm32f446xx.o(.text)
    EXTI9_5_IRQHandler                       0x0800029b   Thumb Code     0  startup_stm32f446xx.o(.text)
    FLASH_IRQHandler                         0x0800029b   Thumb Code     0  startup_stm32f446xx.o(.text)
    FMC_IRQHandler                           0x0800029b   Thumb Code     0  startup_stm32f446xx.o(.text)
    FMPI2C1_ER_IRQHandler                    0x0800029b   Thumb Code     0  startup_stm32f446xx.o(.text)
    FMPI2C1_EV_IRQHandler                    0x0800029b   Thumb Code     0  startup_stm32f446xx.o(.text)
    FPU_IRQHandler                           0x0800029b   Thumb Code     0  startup_stm32f446xx.o(.text)
    I2C1_ER_IRQHandler                       0x0800029b   Thumb Code     0  startup_stm32f446xx.o(.text)
    I2C1_EV_IRQHandler                       0x0800029b   Thumb Code     0  startup_stm32f446xx.o(.text)
    I2C2_ER_IRQHandler                       0x0800029b   Thumb Code     0  startup_stm32f446xx.o(.text)
    I2C2_EV_IRQHandler                       0x0800029b   Thumb Code     0  startup_stm32f446xx.o(.text)
    I2C3_ER_IRQHandler                       0x0800029b   Thumb Code     0  startup_stm32f446xx.o(.text)
    I2C3_EV_IRQHandler                       0x0800029b   Thumb Code     0  startup_stm32f446xx.o(.text)
    OTG_FS_IRQHandler                        0x0800029b   Thumb Code     0  startup_stm32f446xx.o(.text)
    OTG_FS_WKUP_IRQHandler                   0x0800029b   Thumb Code     0  startup_stm32f446xx.o(.text)
    OTG_HS_EP1_IN_IRQHandler                 0x0800029b   Thumb Code     0  startup_stm32f446xx.o(.text)
    OTG_HS_EP1_OUT_IRQHandler                0x0800029b   Thumb Code     0  startup_stm32f446xx.o(.text)
    OTG_HS_IRQHandler                        0x0800029b   Thumb Code     0  startup_stm32f446xx.o(.text)
    OTG_HS_WKUP_IRQHandler                   0x0800029b   Thumb Code     0  startup_stm32f446xx.o(.text)
    PVD_IRQHandler                           0x0800029b   Thumb Code     0  startup_stm32f446xx.o(.text)
    QUADSPI_IRQHandler                       0x0800029b   Thumb Code     0  startup_stm32f446xx.o(.text)
    RCC_IRQHandler                           0x0800029b   Thumb Code     0  startup_stm32f446xx.o(.text)
    RTC_Alarm_IRQHandler                     0x0800029b   Thumb Code     0  startup_stm32f446xx.o(.text)
    RTC_WKUP_IRQHandler                      0x0800029b   Thumb Code     0  startup_stm32f446xx.o(.text)
    SAI1_IRQHandler                          0x0800029b   Thumb Code     0  startup_stm32f446xx.o(.text)
    SAI2_IRQHandler                          0x0800029b   Thumb Code     0  startup_stm32f446xx.o(.text)
    SDIO_IRQHandler                          0x0800029b   Thumb Code     0  startup_stm32f446xx.o(.text)
    SPDIF_RX_IRQHandler                      0x0800029b   Thumb Code     0  startup_stm32f446xx.o(.text)
    SPI1_IRQHandler                          0x0800029b   Thumb Code     0  startup_stm32f446xx.o(.text)
    SPI2_IRQHandler                          0x0800029b   Thumb Code     0  startup_stm32f446xx.o(.text)
    SPI3_IRQHandler                          0x0800029b   Thumb Code     0  startup_stm32f446xx.o(.text)
    SPI4_IRQHandler                          0x0800029b   Thumb Code     0  startup_stm32f446xx.o(.text)
    TAMP_STAMP_IRQHandler                    0x0800029b   Thumb Code     0  startup_stm32f446xx.o(.text)
    TIM1_BRK_TIM9_IRQHandler                 0x0800029b   Thumb Code     0  startup_stm32f446xx.o(.text)
    TIM1_CC_IRQHandler                       0x0800029b   Thumb Code     0  startup_stm32f446xx.o(.text)
    TIM1_TRG_COM_TIM11_IRQHandler            0x0800029b   Thumb Code     0  startup_stm32f446xx.o(.text)
    TIM1_UP_TIM10_IRQHandler                 0x0800029b   Thumb Code     0  startup_stm32f446xx.o(.text)
    TIM3_IRQHandler                          0x0800029b   Thumb Code     0  startup_stm32f446xx.o(.text)
    TIM4_IRQHandler                          0x0800029b   Thumb Code     0  startup_stm32f446xx.o(.text)
    TIM5_IRQHandler                          0x0800029b   Thumb Code     0  startup_stm32f446xx.o(.text)
    TIM6_DAC_IRQHandler                      0x0800029b   Thumb Code     0  startup_stm32f446xx.o(.text)
    TIM7_IRQHandler                          0x0800029b   Thumb Code     0  startup_stm32f446xx.o(.text)
    TIM8_BRK_TIM12_IRQHandler                0x0800029b   Thumb Code     0  startup_stm32f446xx.o(.text)
    TIM8_CC_IRQHandler                       0x0800029b   Thumb Code     0  startup_stm32f446xx.o(.text)
    TIM8_TRG_COM_TIM14_IRQHandler            0x0800029b   Thumb Code     0  startup_stm32f446xx.o(.text)
    TIM8_UP_TIM13_IRQHandler                 0x0800029b   Thumb Code     0  startup_stm32f446xx.o(.text)
    UART4_IRQHandler                         0x0800029b   Thumb Code     0  startup_stm32f446xx.o(.text)
    UART5_IRQHandler                         0x0800029b   Thumb Code     0  startup_stm32f446xx.o(.text)
    USART1_IRQHandler                        0x0800029b   Thumb Code     0  startup_stm32f446xx.o(.text)
    USART3_IRQHandler                        0x0800029b   Thumb Code     0  startup_stm32f446xx.o(.text)
    USART6_IRQHandler                        0x0800029b   Thumb Code     0  startup_stm32f446xx.o(.text)
    WWDG_IRQHandler                          0x0800029b   Thumb Code     0  startup_stm32f446xx.o(.text)
    __user_initial_stackheap                 0x0800029d   Thumb Code     0  startup_stm32f446xx.o(.text)
    __2sprintf                               0x080002c1   Thumb Code    34  noretval__2sprintf.o(.text)
    __printf                                 0x080002e9   Thumb Code   104  __printf.o(.text)
    _printf_int_dec                          0x08000351   Thumb Code   104  _printf_dec.o(.text)
    __0sscanf                                0x080003c9   Thumb Code    52  __0sscanf.o(.text)
    _scanf_int                               0x08000405   Thumb Code   332  _scanf_int.o(.text)
    _scanf_string                            0x08000551   Thumb Code   224  _scanf_str.o(.text)
    strlen                                   0x08000631   Thumb Code    62  strlen.o(.text)
    __aeabi_memcpy4                          0x0800066f   Thumb Code     0  rt_memcpy_w.o(.text)
    __aeabi_memcpy8                          0x0800066f   Thumb Code     0  rt_memcpy_w.o(.text)
    __rt_memcpy_w                            0x0800066f   Thumb Code   100  rt_memcpy_w.o(.text)
    _memcpy_lastbytes_aligned                0x080006b7   Thumb Code     0  rt_memcpy_w.o(.text)
    __use_two_region_memory                  0x080006d3   Thumb Code     2  heapauxi.o(.text)
    __rt_heap_escrow$2region                 0x080006d5   Thumb Code     2  heapauxi.o(.text)
    __rt_heap_expand$2region                 0x080006d7   Thumb Code     2  heapauxi.o(.text)
    _printf_int_common                       0x080006d9   Thumb Code   178  _printf_intcommon.o(.text)
    _printf_char_common                      0x08000797   Thumb Code    32  _printf_char_common.o(.text)
    _sputc                                   0x080007bd   Thumb Code    10  _sputc.o(.text)
    _chval                                   0x080007c7   Thumb Code    28  _chval.o(.text)
    __vfscanf_char                           0x080007f1   Thumb Code    24  scanf_char.o(.text)
    _sgetc                                   0x08000811   Thumb Code    30  _sgetc.o(.text)
    _sbackspace                              0x0800082f   Thumb Code    34  _sgetc.o(.text)
    isspace                                  0x08000851   Thumb Code    18  isspace.o(.text)
    __vfscanf                                0x08000865   Thumb Code   878  _scanf.o(.text)
    __user_setup_stackheap                   0x08000bd9   Thumb Code    74  sys_stackheap_outer.o(.text)
    __rt_ctype_table                         0x08000c25   Thumb Code    16  rt_ctype_table.o(.text)
    exit                                     0x08000c35   Thumb Code    18  exit.o(.text)
    __user_libspace                          0x08000c49   Thumb Code     8  libspace.o(.text)
    __user_perproc_libspace                  0x08000c49   Thumb Code     0  libspace.o(.text)
    __user_perthread_libspace                0x08000c49   Thumb Code     0  libspace.o(.text)
    __rt_locale                              0x08000c51   Thumb Code     8  rt_locale_intlibspace.o(.text)
    strcmp                                   0x08000c59   Thumb Code   128  strcmpv7m.o(.text)
    _sys_exit                                0x08000cd9   Thumb Code     8  sys_exit.o(.text)
    __I$use$semihosting                      0x08000ce5   Thumb Code     0  use_no_semi.o(.text)
    __use_no_semihosting_swi                 0x08000ce5   Thumb Code     2  use_no_semi.o(.text)
    __semihosting_library_function           0x08000ce7   Thumb Code     0  indicate_semi.o(.text)
    InitDAC                                  0x08000ce9   Thumb Code    68  dac.o(i.InitDAC)
    Init_Systick                             0x08000d39   Thumb Code    20  usart2.o(i.Init_Systick)
    SysTick_Handler                          0x08000d4d   Thumb Code   118  main.o(i.SysTick_Handler)
    SystemInit                               0x08000de5   Thumb Code    82  system_stm32f4xx.o(i.SystemInit)
    TIM2_IRQHandler                          0x08000e49   Thumb Code   100  main.o(i.TIM2_IRQHandler)
    USART2_IRQHandler                        0x08000ec9   Thumb Code    66  main.o(i.USART2_IRQHandler)
    WriteDAC                                 0x08000f1d   Thumb Code     6  dac.o(i.WriteDAC)
    initUSART2                               0x08000f29   Thumb Code   108  usart2.o(i.initUSART2)
    interp_input                             0x08000fa5   Thumb Code   106  main.o(i.interp_input)
    main                                     0x0800105d   Thumb Code    66  main.o(i.main)
    readChar                                 0x080010e5   Thumb Code    22  usart2.o(i.readChar)
    writeChar                                0x08001101   Thumb Code    36  usart2.o(i.writeChar)
    writeString                              0x08001129   Thumb Code    30  usart2.o(i.writeString)
    _get_lc_ctype                            0x08001149   Thumb Code    44  lc_ctype_c.o(locale$$code)
    __aeabi_dadd                             0x08001175   Thumb Code     0  daddsub_clz.o(x$fpl$dadd)
    _dadd                                    0x08001175   Thumb Code   332  daddsub_clz.o(x$fpl$dadd)
    __aeabi_d2uiz                            0x080012c5   Thumb Code     0  dfixu.o(x$fpl$dfixu)
    _dfixu                                   0x080012c5   Thumb Code    90  dfixu.o(x$fpl$dfixu)
    __aeabi_ui2d                             0x0800131f   Thumb Code     0  dflt_clz.o(x$fpl$dfltu)
    _dfltu                                   0x0800131f   Thumb Code    38  dflt_clz.o(x$fpl$dfltu)
    __aeabi_dmul                             0x08001345   Thumb Code     0  dmul.o(x$fpl$dmul)
    _dmul                                    0x08001345   Thumb Code   332  dmul.o(x$fpl$dmul)
    __fpl_dnaninf                            0x08001499   Thumb Code   156  dnaninf.o(x$fpl$dnaninf)
    __fpl_dretinf                            0x08001535   Thumb Code    12  dretinf.o(x$fpl$dretinf)
    __aeabi_drsub                            0x08001541   Thumb Code     0  daddsub_clz.o(x$fpl$drsb)
    _drsb                                    0x08001541   Thumb Code    22  daddsub_clz.o(x$fpl$drsb)
    __aeabi_dsub                             0x08001559   Thumb Code     0  daddsub_clz.o(x$fpl$dsub)
    _dsub                                    0x08001559   Thumb Code   464  daddsub_clz.o(x$fpl$dsub)
    _fp_init                                 0x0800172d   Thumb Code    10  fpinit.o(x$fpl$fpinit)
    __fplib_config_fpu_vfp                   0x08001735   Thumb Code     0  fpinit.o(x$fpl$fpinit)
    __fplib_config_pureend_doubles           0x08001735   Thumb Code     0  fpinit.o(x$fpl$fpinit)
    __I$use$fp                               0x08001736   Number         0  usenofp.o(x$fpl$usenofp)
    Region$$Table$$Base                      0x08001758   Number         0  anon$$obj.o(Region$$Table)
    Region$$Table$$Limit                     0x08001778   Number         0  anon$$obj.o(Region$$Table)
    __ctype                                  0x08001785   Data           0  lc_ctype_c.o(locale$$data)
    c                                        0x20000000   Data           1  main.o(.data)
    executeflag                              0x20000001   Data           1  main.o(.data)
    soundvals                                0x20000002   Data          62  main.o(.data)
    frequenzy                                0x20000040   Data           2  main.o(.data)
    amplitude                                0x20000042   Data           1  main.o(.data)
    inputBuffer                              0x20000060   Data          64  usart2.o(.bss)
    __libspace_start                         0x200000a0   Data          96  libspace.o(.bss)
    __temporary_stack_top$libspace           0x20000100   Data           0  libspace.o(.bss)



==============================================================================

Memory Map of the image

  Image Entry point : 0x08000281

  Load Region LR_1 (Base: 0x08000000, Size: 0x000018d4, Max: 0xffffffff, ABSOLUTE)

    Execution Region ER_RO (Exec base: 0x08000000, Load base: 0x08000000, Size: 0x00001888, Max: 0xffffffff, ABSOLUTE)

    Exec Addr    Load Addr    Size         Type   Attr      Idx    E Section Name        Object

    0x08000000   0x08000000   0x000001c4   Data   RO          198    RESET               startup_stm32f446xx.o
    0x080001c4   0x080001c4   0x00000008   Code   RO          284  * !!!main             c_w.l(__main.o)
    0x080001cc   0x080001cc   0x00000034   Code   RO          495    !!!scatter          c_w.l(__scatter.o)
    0x08000200   0x08000200   0x0000001a   Code   RO          497    !!handler_copy      c_w.l(__scatter_copy.o)
    0x0800021a   0x0800021a   0x00000002   PAD
    0x0800021c   0x0800021c   0x0000001c   Code   RO          499    !!handler_zi        c_w.l(__scatter_zi.o)
    0x08000238   0x08000238   0x00000000   Code   RO          271    .ARM.Collect$$_printf_percent$$00000000  c_w.l(_printf_percent.o)
    0x08000238   0x08000238   0x00000006   Code   RO          270    .ARM.Collect$$_printf_percent$$00000009  c_w.l(_printf_d.o)
    0x0800023e   0x0800023e   0x00000004   Code   RO          311    .ARM.Collect$$_printf_percent$$00000017  c_w.l(_printf_percent_end.o)
    0x08000242   0x08000242   0x00000002   Code   RO          355    .ARM.Collect$$libinit$$00000000  c_w.l(libinit.o)
    0x08000244   0x08000244   0x00000004   Code   RO          369    .ARM.Collect$$libinit$$00000001  c_w.l(libinit2.o)
    0x08000248   0x08000248   0x00000000   Code   RO          372    .ARM.Collect$$libinit$$00000004  c_w.l(libinit2.o)
    0x08000248   0x08000248   0x00000000   Code   RO          375    .ARM.Collect$$libinit$$0000000A  c_w.l(libinit2.o)
    0x08000248   0x08000248   0x00000000   Code   RO          377    .ARM.Collect$$libinit$$0000000C  c_w.l(libinit2.o)
    0x08000248   0x08000248   0x00000000   Code   RO          379    .ARM.Collect$$libinit$$0000000E  c_w.l(libinit2.o)
    0x08000248   0x08000248   0x00000006   Code   RO          380    .ARM.Collect$$libinit$$0000000F  c_w.l(libinit2.o)
    0x0800024e   0x0800024e   0x00000000   Code   RO          382    .ARM.Collect$$libinit$$00000011  c_w.l(libinit2.o)
    0x0800024e   0x0800024e   0x0000000c   Code   RO          383    .ARM.Collect$$libinit$$00000012  c_w.l(libinit2.o)
    0x0800025a   0x0800025a   0x00000000   Code   RO          384    .ARM.Collect$$libinit$$00000013  c_w.l(libinit2.o)
    0x0800025a   0x0800025a   0x00000000   Code   RO          386    .ARM.Collect$$libinit$$00000015  c_w.l(libinit2.o)
    0x0800025a   0x0800025a   0x00000000   Code   RO          388    .ARM.Collect$$libinit$$00000017  c_w.l(libinit2.o)
    0x0800025a   0x0800025a   0x00000000   Code   RO          390    .ARM.Collect$$libinit$$00000019  c_w.l(libinit2.o)
    0x0800025a   0x0800025a   0x00000000   Code   RO          392    .ARM.Collect$$libinit$$0000001B  c_w.l(libinit2.o)
    0x0800025a   0x0800025a   0x00000000   Code   RO          394    .ARM.Collect$$libinit$$0000001D  c_w.l(libinit2.o)
    0x0800025a   0x0800025a   0x00000000   Code   RO          396    .ARM.Collect$$libinit$$0000001F  c_w.l(libinit2.o)
    0x0800025a   0x0800025a   0x00000000   Code   RO          398    .ARM.Collect$$libinit$$00000021  c_w.l(libinit2.o)
    0x0800025a   0x0800025a   0x00000000   Code   RO          400    .ARM.Collect$$libinit$$00000023  c_w.l(libinit2.o)
    0x0800025a   0x0800025a   0x00000000   Code   RO          402    .ARM.Collect$$libinit$$00000025  c_w.l(libinit2.o)
    0x0800025a   0x0800025a   0x00000000   Code   RO          406    .ARM.Collect$$libinit$$0000002C  c_w.l(libinit2.o)
    0x0800025a   0x0800025a   0x00000000   Code   RO          408    .ARM.Collect$$libinit$$0000002E  c_w.l(libinit2.o)
    0x0800025a   0x0800025a   0x00000000   Code   RO          410    .ARM.Collect$$libinit$$00000030  c_w.l(libinit2.o)
    0x0800025a   0x0800025a   0x00000000   Code   RO          412    .ARM.Collect$$libinit$$00000032  c_w.l(libinit2.o)
    0x0800025a   0x0800025a   0x00000002   Code   RO          413    .ARM.Collect$$libinit$$00000033  c_w.l(libinit2.o)
    0x0800025c   0x0800025c   0x00000002   Code   RO          435    .ARM.Collect$$libshutdown$$00000000  c_w.l(libshutdown.o)
    0x0800025e   0x0800025e   0x00000000   Code   RO          448    .ARM.Collect$$libshutdown$$00000002  c_w.l(libshutdown2.o)
    0x0800025e   0x0800025e   0x00000000   Code   RO          450    .ARM.Collect$$libshutdown$$00000004  c_w.l(libshutdown2.o)
    0x0800025e   0x0800025e   0x00000000   Code   RO          453    .ARM.Collect$$libshutdown$$00000007  c_w.l(libshutdown2.o)
    0x0800025e   0x0800025e   0x00000000   Code   RO          456    .ARM.Collect$$libshutdown$$0000000A  c_w.l(libshutdown2.o)
    0x0800025e   0x0800025e   0x00000000   Code   RO          458    .ARM.Collect$$libshutdown$$0000000C  c_w.l(libshutdown2.o)
    0x0800025e   0x0800025e   0x00000000   Code   RO          461    .ARM.Collect$$libshutdown$$0000000F  c_w.l(libshutdown2.o)
    0x0800025e   0x0800025e   0x00000002   Code   RO          462    .ARM.Collect$$libshutdown$$00000010  c_w.l(libshutdown2.o)
    0x08000260   0x08000260   0x00000000   Code   RO          304    .ARM.Collect$$rtentry$$00000000  c_w.l(__rtentry.o)
    0x08000260   0x08000260   0x00000000   Code   RO          324    .ARM.Collect$$rtentry$$00000002  c_w.l(__rtentry2.o)
    0x08000260   0x08000260   0x00000006   Code   RO          336    .ARM.Collect$$rtentry$$00000004  c_w.l(__rtentry4.o)
    0x08000266   0x08000266   0x00000000   Code   RO          326    .ARM.Collect$$rtentry$$00000009  c_w.l(__rtentry2.o)
    0x08000266   0x08000266   0x00000004   Code   RO          327    .ARM.Collect$$rtentry$$0000000A  c_w.l(__rtentry2.o)
    0x0800026a   0x0800026a   0x00000000   Code   RO          329    .ARM.Collect$$rtentry$$0000000C  c_w.l(__rtentry2.o)
    0x0800026a   0x0800026a   0x00000008   Code   RO          330    .ARM.Collect$$rtentry$$0000000D  c_w.l(__rtentry2.o)
    0x08000272   0x08000272   0x00000002   Code   RO          359    .ARM.Collect$$rtexit$$00000000  c_w.l(rtexit.o)
    0x08000274   0x08000274   0x00000000   Code   RO          415    .ARM.Collect$$rtexit$$00000002  c_w.l(rtexit2.o)
    0x08000274   0x08000274   0x00000004   Code   RO          416    .ARM.Collect$$rtexit$$00000003  c_w.l(rtexit2.o)
    0x08000278   0x08000278   0x00000006   Code   RO          417    .ARM.Collect$$rtexit$$00000004  c_w.l(rtexit2.o)
    0x0800027e   0x0800027e   0x00000002   PAD
    0x08000280   0x08000280   0x00000040   Code   RO          199  * .text               startup_stm32f446xx.o
    0x080002c0   0x080002c0   0x00000028   Code   RO          244    .text               c_w.l(noretval__2sprintf.o)
    0x080002e8   0x080002e8   0x00000068   Code   RO          246    .text               c_w.l(__printf.o)
    0x08000350   0x08000350   0x00000078   Code   RO          248    .text               c_w.l(_printf_dec.o)
    0x080003c8   0x080003c8   0x0000003c   Code   RO          272    .text               c_w.l(__0sscanf.o)
    0x08000404   0x08000404   0x0000014c   Code   RO          274    .text               c_w.l(_scanf_int.o)
    0x08000550   0x08000550   0x000000e0   Code   RO          276    .text               c_w.l(_scanf_str.o)
    0x08000630   0x08000630   0x0000003e   Code   RO          278    .text               c_w.l(strlen.o)
    0x0800066e   0x0800066e   0x00000064   Code   RO          280    .text               c_w.l(rt_memcpy_w.o)
    0x080006d2   0x080006d2   0x00000006   Code   RO          282    .text               c_w.l(heapauxi.o)
    0x080006d8   0x080006d8   0x000000b2   Code   RO          305    .text               c_w.l(_printf_intcommon.o)
    0x0800078a   0x0800078a   0x00000002   PAD
    0x0800078c   0x0800078c   0x00000030   Code   RO          307    .text               c_w.l(_printf_char_common.o)
    0x080007bc   0x080007bc   0x0000000a   Code   RO          309    .text               c_w.l(_sputc.o)
    0x080007c6   0x080007c6   0x0000001c   Code   RO          312    .text               c_w.l(_chval.o)
    0x080007e2   0x080007e2   0x00000002   PAD
    0x080007e4   0x080007e4   0x0000002c   Code   RO          314    .text               c_w.l(scanf_char.o)
    0x08000810   0x08000810   0x00000040   Code   RO          316    .text               c_w.l(_sgetc.o)
    0x08000850   0x08000850   0x00000012   Code   RO          338    .text               c_w.l(isspace.o)
    0x08000862   0x08000862   0x00000002   PAD
    0x08000864   0x08000864   0x00000374   Code   RO          342    .text               c_w.l(_scanf.o)
    0x08000bd8   0x08000bd8   0x0000004a   Code   RO          344    .text               c_w.l(sys_stackheap_outer.o)
    0x08000c22   0x08000c22   0x00000002   PAD
    0x08000c24   0x08000c24   0x00000010   Code   RO          346    .text               c_w.l(rt_ctype_table.o)
    0x08000c34   0x08000c34   0x00000012   Code   RO          348    .text               c_w.l(exit.o)
    0x08000c46   0x08000c46   0x00000002   PAD
    0x08000c48   0x08000c48   0x00000008   Code   RO          356    .text               c_w.l(libspace.o)
    0x08000c50   0x08000c50   0x00000008   Code   RO          364    .text               c_w.l(rt_locale_intlibspace.o)
    0x08000c58   0x08000c58   0x00000080   Code   RO          421    .text               c_w.l(strcmpv7m.o)
    0x08000cd8   0x08000cd8   0x0000000c   Code   RO          427    .text               c_w.l(sys_exit.o)
    0x08000ce4   0x08000ce4   0x00000002   Code   RO          438    .text               c_w.l(use_no_semi.o)
    0x08000ce6   0x08000ce6   0x00000000   Code   RO          440    .text               c_w.l(indicate_semi.o)
    0x08000ce6   0x08000ce6   0x00000002   PAD
    0x08000ce8   0x08000ce8   0x00000050   Code   RO            4    i.InitDAC           dac.o
    0x08000d38   0x08000d38   0x00000014   Code   RO          144    i.Init_Systick      usart2.o
    0x08000d4c   0x08000d4c   0x00000098   Code   RO           72    i.SysTick_Handler   main.o
    0x08000de4   0x08000de4   0x00000064   Code   RO          207    i.SystemInit        system_stm32f4xx.o
    0x08000e48   0x08000e48   0x00000080   Code   RO           73    i.TIM2_IRQHandler   main.o
    0x08000ec8   0x08000ec8   0x00000054   Code   RO           74    i.USART2_IRQHandler  main.o
    0x08000f1c   0x08000f1c   0x0000000c   Code   RO            6    i.WriteDAC          dac.o
    0x08000f28   0x08000f28   0x0000007c   Code   RO          145    i.initUSART2        usart2.o
    0x08000fa4   0x08000fa4   0x000000b8   Code   RO           75    i.interp_input      main.o
    0x0800105c   0x0800105c   0x00000088   Code   RO           76    i.main              main.o
    0x080010e4   0x080010e4   0x0000001c   Code   RO          146    i.readChar          usart2.o
    0x08001100   0x08001100   0x00000028   Code   RO          147    i.writeChar         usart2.o
    0x08001128   0x08001128   0x0000001e   Code   RO          148    i.writeString       usart2.o
    0x08001146   0x08001146   0x00000002   PAD
    0x08001148   0x08001148   0x0000002c   Code   RO          367    locale$$code        c_w.l(lc_ctype_c.o)
    0x08001174   0x08001174   0x00000150   Code   RO          286    x$fpl$dadd          fz_wm.l(daddsub_clz.o)
    0x080012c4   0x080012c4   0x0000005a   Code   RO          292    x$fpl$dfixu         fz_wm.l(dfixu.o)
    0x0800131e   0x0800131e   0x00000026   Code   RO          296    x$fpl$dfltu         fz_wm.l(dflt_clz.o)
    0x08001344   0x08001344   0x00000154   Code   RO          302    x$fpl$dmul          fz_wm.l(dmul.o)
    0x08001498   0x08001498   0x0000009c   Code   RO          318    x$fpl$dnaninf       fz_wm.l(dnaninf.o)
    0x08001534   0x08001534   0x0000000c   Code   RO          320    x$fpl$dretinf       fz_wm.l(dretinf.o)
    0x08001540   0x08001540   0x00000016   Code   RO          287    x$fpl$drsb          fz_wm.l(daddsub_clz.o)
    0x08001556   0x08001556   0x00000002   PAD
    0x08001558   0x08001558   0x000001d4   Code   RO          288    x$fpl$dsub          fz_wm.l(daddsub_clz.o)
    0x0800172c   0x0800172c   0x0000000a   Code   RO          425    x$fpl$fpinit        fz_wm.l(fpinit.o)
    0x08001736   0x08001736   0x00000000   Code   RO          322    x$fpl$usenofp       fz_wm.l(usenofp.o)
    0x08001736   0x08001736   0x00000002   PAD
    0x08001738   0x08001738   0x0000001e   Data   RO           78    .constdata          main.o
    0x08001756   0x08001756   0x00000002   PAD
    0x08001758   0x08001758   0x00000020   Data   RO          493    Region$$Table       anon$$obj.o
    0x08001778   0x08001778   0x00000110   Data   RO          366    locale$$data        c_w.l(lc_ctype_c.o)


    Execution Region ER_RW (Exec base: 0x20000000, Load base: 0x08001888, Size: 0x0000004c, Max: 0xffffffff, ABSOLUTE)

    Exec Addr    Load Addr    Size         Type   Attr      Idx    E Section Name        Object

    0x20000000   0x08001888   0x0000004b   Data   RW           79    .data               main.o


    Execution Region ER_ZI (Exec base: 0x2000004c, Load base: 0x080018d4, Size: 0x000006b4, Max: 0xffffffff, ABSOLUTE)

    Exec Addr    Load Addr    Size         Type   Attr      Idx    E Section Name        Object

    0x2000004c        -       0x00000014   Zero   RW           77    .bss                main.o
    0x20000060        -       0x00000040   Zero   RW          149    .bss                usart2.o
    0x200000a0        -       0x00000060   Zero   RW          357    .bss                c_w.l(libspace.o)
    0x20000100        -       0x00000200   Zero   RW          197    HEAP                startup_stm32f446xx.o
    0x20000300        -       0x00000400   Zero   RW          196    STACK               startup_stm32f446xx.o


==============================================================================

Image component sizes


      Code (inc. data)   RO Data    RW Data    ZI Data      Debug   Object Name

        92         18          0          0          0       5545   dac.o
       684        228         30         75         20       4240   main.o
        64         26        452          0       1536        924   startup_stm32f446xx.o
       100         18          0          0          0        585   system_stm32f4xx.o
       242         26          0          0         64       3655   usart2.o

    ----------------------------------------------------------------------
      1184        316        516         76       1620      14949   Object Totals
         0          0         32          0          0          0   (incl. Generated)
         2          0          2          1          0          0   (incl. Padding)

    ----------------------------------------------------------------------

      Code (inc. data)   RO Data    RW Data    ZI Data      Debug   Library Member Name

        60          8          0          0          0         84   __0sscanf.o
         8          0          0          0          0         68   __main.o
       104          0          0          0          0         84   __printf.o
         0          0          0          0          0          0   __rtentry.o
        12          0          0          0          0          0   __rtentry2.o
         6          0          0          0          0          0   __rtentry4.o
        52          8          0          0          0          0   __scatter.o
        26          0          0          0          0          0   __scatter_copy.o
        28          0          0          0          0          0   __scatter_zi.o
        28          0          0          0          0         68   _chval.o
        48          6          0          0          0         96   _printf_char_common.o
         6          0          0          0          0          0   _printf_d.o
       120         16          0          0          0         92   _printf_dec.o
       178          0          0          0          0         88   _printf_intcommon.o
         0          0          0          0          0          0   _printf_percent.o
         4          0          0          0          0          0   _printf_percent_end.o
       884          6          0          0          0        100   _scanf.o
       332          0          0          0          0         96   _scanf_int.o
       224          0          0          0          0         96   _scanf_str.o
        64          0          0          0          0         84   _sgetc.o
        10          0          0          0          0         68   _sputc.o
        18          0          0          0          0         80   exit.o
         6          0          0          0          0        152   heapauxi.o
         0          0          0          0          0          0   indicate_semi.o
        18          0          0          0          0         76   isspace.o
        44         10        272          0          0         76   lc_ctype_c.o
         2          0          0          0          0          0   libinit.o
        24          0          0          0          0          0   libinit2.o
         2          0          0          0          0          0   libshutdown.o
         2          0          0          0          0          0   libshutdown2.o
         8          4          0          0         96         68   libspace.o
        40          6          0          0          0         84   noretval__2sprintf.o
        16          4          0          0          0         76   rt_ctype_table.o
         8          4          0          0          0         68   rt_locale_intlibspace.o
       100          0          0          0          0         80   rt_memcpy_w.o
         2          0          0          0          0          0   rtexit.o
        10          0          0          0          0          0   rtexit2.o
        44          8          0          0          0         84   scanf_char.o
       128          0          0          0          0         68   strcmpv7m.o
        62          0          0          0          0         76   strlen.o
        12          4          0          0          0         68   sys_exit.o
        74          0          0          0          0         80   sys_stackheap_outer.o
         2          0          0          0          0         68   use_no_semi.o
       826         16          0          0          0        492   daddsub_clz.o
        90          4          0          0          0        140   dfixu.o
        38          0          0          0          0        116   dflt_clz.o
       340         12          0          0          0        152   dmul.o
       156          4          0          0          0        140   dnaninf.o
        12          0          0          0          0        116   dretinf.o
        10          0          0          0          0        116   fpinit.o
         0          0          0          0          0          0   usenofp.o

    ----------------------------------------------------------------------
      4308        120        272          0         96       3500   Library Totals
        20          0          0          0          0          0   (incl. Padding)

    ----------------------------------------------------------------------

      Code (inc. data)   RO Data    RW Data    ZI Data      Debug   Library Name

      2816         84        272          0         96       2228   c_w.l
      1472         36          0          0          0       1272   fz_wm.l

    ----------------------------------------------------------------------
      4308        120        272          0         96       3500   Library Totals

    ----------------------------------------------------------------------

==============================================================================


      Code (inc. data)   RO Data    RW Data    ZI Data      Debug   

      5492        436        788         76       1716      15353   Grand Totals
      5492        436        788         76       1716      15353   ELF Image Totals
      5492        436        788         76          0          0   ROM Totals

==============================================================================

    Total RO  Size (Code + RO Data)                 6280 (   6.13kB)
    Total RW  Size (RW Data + ZI Data)              1792 (   1.75kB)
    Total ROM Size (Code + RO Data + RW Data)       6356 (   6.21kB)

==============================================================================

