Component: ARM Compiler 5.06 update 6 (build 750) Tool: armlink [4d35ed]

==============================================================================

Section Cross References

    main.o(i.ExecuteCmd) refers to _printf_pad.o(.text) for _printf_pre_padding
    main.o(i.ExecuteCmd) refers to _printf_percent.o(.ARM.Collect$$_printf_percent$$00000000) for _printf_percent
    main.o(i.ExecuteCmd) refers to _printf_u.o(.ARM.Collect$$_printf_percent$$0000000A) for _printf_u
    main.o(i.ExecuteCmd) refers to _printf_dec.o(.text) for _printf_int_dec
    main.o(i.ExecuteCmd) refers to _scanf_int.o(.text) for _scanf_int
    main.o(i.ExecuteCmd) refers to _printf_d.o(.ARM.Collect$$_printf_percent$$00000009) for _printf_d
    main.o(i.ExecuteCmd) refers to lcd.o(i.lcd_send_cmd) for lcd_send_cmd
    main.o(i.ExecuteCmd) refers to lcd.o(i.lcd_send_data) for lcd_send_data
    main.o(i.ExecuteCmd) refers to temperatur.o(i.read_Temp) for read_Temp
    main.o(i.ExecuteCmd) refers to noretval__2sprintf.o(.text) for __2sprintf
    main.o(i.ExecuteCmd) refers to usart2.o(i.WriteString) for WriteString
    main.o(i.ExecuteCmd) refers to temperatur.o(i.set_TempRes) for set_TempRes
    main.o(i.ExecuteCmd) refers to __0sscanf.o(.text) for __0sscanf
    main.o(i.ExecuteCmd) refers to tim3_pwm.o(i.TIM3_servo) for TIM3_servo
    main.o(i.ExecuteCmd) refers to tim3_pwm.o(i.TIM3_RGB) for TIM3_RGB
    main.o(i.ExecuteCmd) refers to main.o(i.Help_Display) for Help_Display
    main.o(i.ExecuteCmd) refers to usart2.o(.bss) for inputBuffer
    main.o(i.ExecuteCmd) refers to main.o(.bss) for output
    main.o(i.ExecuteCmd) refers to main.o(.data) for sinus
    main.o(i.ExecuteCmd) refers to stepper.o(.data) for stepdir
    main.o(i.Help_Display) refers to usart2.o(i.WriteString) for WriteString
    main.o(i.Help_Display) refers to main.o(.conststring) for .conststring
    main.o(i.main) refers to dac.o(i.InitDAC) for InitDAC
    main.o(i.main) refers to usart2.o(i.InitUSART2) for InitUSART2
    main.o(i.main) refers to tim3_pwm.o(i.InitTIM3_PWM) for InitTIM3_PWM
    main.o(i.main) refers to usart2.o(i.WriteString) for WriteString
    main.o(i.main) refers to stepper.o(i.InitStepper) for InitStepper
    main.o(i.main) refers to stepper.o(i.InitSysTick) for InitSysTick
    main.o(i.main) refers to i2c.o(i.I2C_init) for I2C_init
    main.o(i.main) refers to temperatur.o(i.set_TempRes) for set_TempRes
    main.o(i.main) refers to main.o(i.delay) for delay
    main.o(i.main) refers to dac.o(i.WriteDAC) for WriteDAC
    main.o(i.main) refers to main.o(i.ExecuteCmd) for ExecuteCmd
    main.o(i.main) refers to main.o(.data) for freq
    main.o(i.main) refers to usart2.o(.data) for cmdflag
    stepper.o(i.SysTick_Handler) refers to stepper.o(i.nextstep) for nextstep
    stepper.o(i.SysTick_Handler) refers to stepper.o(.data) for fahreanposflag
    stepper.o(i.nextstep) refers to stepper.o(.data) for index
    tim3_pwm.o(i.TIM3_RGB) refers to tim3_pwm.o(i.map) for map
    tim3_pwm.o(i.TIM3_RGB) refers to tim3_pwm.o(i.TIM3_zahlenbereich) for TIM3_zahlenbereich
    tim3_pwm.o(i.map) refers to dflt_clz.o(x$fpl$dfltu) for __aeabi_ui2d
    tim3_pwm.o(i.map) refers to dflt_clz.o(x$fpl$dflt) for __aeabi_i2d
    tim3_pwm.o(i.map) refers to ddiv.o(x$fpl$ddiv) for __aeabi_ddiv
    tim3_pwm.o(i.map) refers to dmul.o(x$fpl$dmul) for __aeabi_dmul
    tim3_pwm.o(i.map) refers to dfixu.o(x$fpl$dfixu) for __aeabi_d2uiz
    usart2.o(i.InitUSART2) refers to system_stm32f4xx.o(.data) for SystemCoreClock
    usart2.o(i.USART2_IRQHandler) refers to usart2.o(i.WriteChar) for WriteChar
    usart2.o(i.USART2_IRQHandler) refers to usart2.o(i.WriteString) for WriteString
    usart2.o(i.USART2_IRQHandler) refers to usart2.o(.data) for bufferPos
    usart2.o(i.USART2_IRQHandler) refers to usart2.o(.bss) for inputBuffer
    usart2.o(i.WriteString) refers to usart2.o(i.WriteChar) for WriteChar
    i2c.o(i.I2C_config) refers to system_stm32f4xx.o(.data) for SystemCoreClock
    i2c.o(i.I2C_init) refers to i2c.o(i.I2C_config) for I2C_config
    temperatur.o(i.read_Temp) refers to i2c.o(i.I2C_write) for I2C_write
    temperatur.o(i.read_Temp) refers to i2c.o(i.I2C_read) for I2C_read
    temperatur.o(i.read_Temp) refers to atoi.o(.text) for atoi
    temperatur.o(i.read_Temp) refers to temperatur.o(.data) for buf
    temperatur.o(i.set_TempRes) refers to strncpy.o(.text) for strncpy
    temperatur.o(i.set_TempRes) refers to i2c.o(i.I2C_write) for I2C_write
    temperatur.o(i.set_TempRes) refers to temperatur.o(.constdata) for REG_RES
    temperatur.o(i.set_TempRes) refers to temperatur.o(.data) for buf
    lcd.o(i.lcd_print_x_y) refers to lcd.o(i.lcd_send_cmd) for lcd_send_cmd
    lcd.o(i.lcd_print_x_y) refers to lcd.o(i.lcd_send_data) for lcd_send_data
    lcd.o(i.lcd_send_cmd) refers to i2c.o(i.I2C_write) for I2C_write
    lcd.o(i.lcd_send_data) refers to i2c.o(i.I2C_write) for I2C_write
    lcd.o(i.lcd_send_string) refers to lcd.o(i.lcd_send_data) for lcd_send_data
[...]
    libinit.o(.ARM.Collect$$libinit$$00000000) refers (Special) to libinit2.o(.ARM.Collect$$libinit$$0000002E) for __rt_lib_init_alloca_1
    libinit.o(.ARM.Collect$$libinit$$00000000) refers (Special) to libinit2.o(.ARM.Collect$$libinit$$0000002C) for __rt_lib_init_argv_1
    libinit.o(.ARM.Collect$$libinit$$00000000) refers (Special) to libinit2.o(.ARM.Collect$$libinit$$0000001B) for __rt_lib_init_atexit_1
    libinit.o(.ARM.Collect$$libinit$$00000000) refers (Special) to libinit2.o(.ARM.Collect$$libinit$$00000021) for __rt_lib_init_clock_1
    libinit.o(.ARM.Collect$$libinit$$00000000) refers (Special) to libinit2.o(.ARM.Collect$$libinit$$00000032) for __rt_lib_init_cpp_1
    libinit.o(.ARM.Collect$$libinit$$00000000) refers (Special) to libinit2.o(.ARM.Collect$$libinit$$00000030) for __rt_lib_init_exceptions_1
    libinit.o(.ARM.Collect$$libinit$$00000000) refers (Special) to libinit2.o(.ARM.Collect$$libinit$$00000001) for __rt_lib_init_fp_1
    libinit.o(.ARM.Collect$$libinit$$00000000) refers (Special) to libinit2.o(.ARM.Collect$$libinit$$0000001F) for __rt_lib_init_fp_trap_1
    libinit.o(.ARM.Collect$$libinit$$00000000) refers (Special) to libinit2.o(.ARM.Collect$$libinit$$00000023) for __rt_lib_init_getenv_1
    libinit.o(.ARM.Collect$$libinit$$00000000) refers (Special) to libinit2.o(.ARM.Collect$$libinit$$0000000A) for __rt_lib_init_heap_1
    libinit.o(.ARM.Collect$$libinit$$00000000) refers (Special) to libinit2.o(.ARM.Collect$$libinit$$00000011) for __rt_lib_init_lc_collate_1
    libinit.o(.ARM.Collect$$libinit$$00000000) refers (Special) to libinit2.o(.ARM.Collect$$libinit$$00000013) for __rt_lib_init_lc_ctype_1
    libinit.o(.ARM.Collect$$libinit$$00000000) refers (Special) to libinit2.o(.ARM.Collect$$libinit$$00000015) for __rt_lib_init_lc_monetary_1
    libinit.o(.ARM.Collect$$libinit$$00000000) refers (Special) to libinit2.o(.ARM.Collect$$libinit$$00000017) for __rt_lib_init_lc_numeric_1
    libinit.o(.ARM.Collect$$libinit$$00000000) refers (Special) to libinit2.o(.ARM.Collect$$libinit$$00000019) for __rt_lib_init_lc_time_1
    libinit.o(.ARM.Collect$$libinit$$00000000) refers (Special) to libinit2.o(.ARM.Collect$$libinit$$00000004) for __rt_lib_init_preinit_1
    libinit.o(.ARM.Collect$$libinit$$00000000) refers (Special) to libinit2.o(.ARM.Collect$$libinit$$0000000E) for __rt_lib_init_rand_1
    libinit.o(.ARM.Collect$$libinit$$00000000) refers (Special) to libinit2.o(.ARM.Collect$$libinit$$00000033) for __rt_lib_init_return
    libinit.o(.ARM.Collect$$libinit$$00000000) refers (Special) to libinit2.o(.ARM.Collect$$libinit$$0000001D) for __rt_lib_init_signal_1
    libinit.o(.ARM.Collect$$libinit$$00000000) refers (Special) to libinit2.o(.ARM.Collect$$libinit$$00000025) for __rt_lib_init_stdio_1
    libinit.o(.ARM.Collect$$libinit$$00000000) refers (Special) to libinit2.o(.ARM.Collect$$libinit$$0000000C) for __rt_lib_init_user_alloc_1
    rtexit.o(.ARM.Collect$$rtexit$$00000000) refers (Special) to rtexit2.o(.ARM.Collect$$rtexit$$00000004) for __rt_exit_exit
    rtexit.o(.ARM.Collect$$rtexit$$00000000) refers (Special) to rtexit2.o(.ARM.Collect$$rtexit$$00000003) for __rt_exit_ls
    rtexit.o(.ARM.Collect$$rtexit$$00000000) refers (Special) to rtexit2.o(.ARM.Collect$$rtexit$$00000002) for __rt_exit_prels_1
    rtexit.o(.ARM.exidx) refers (Special) to rtexit2.o(.ARM.Collect$$rtexit$$00000004) for __rt_exit_exit
    rtexit.o(.ARM.exidx) refers (Special) to rtexit2.o(.ARM.Collect$$rtexit$$00000003) for __rt_exit_ls
    rtexit.o(.ARM.exidx) refers (Special) to rtexit2.o(.ARM.Collect$$rtexit$$00000002) for __rt_exit_prels_1
    rtexit.o(.ARM.exidx) refers to rtexit.o(.ARM.Collect$$rtexit$$00000000) for .ARM.Collect$$rtexit$$00000000
    libinit2.o(.ARM.Collect$$libinit$$00000001) refers to fpinit.o(x$fpl$fpinit) for _fp_init
    libinit2.o(.ARM.Collect$$libinit$$0000000F) refers (Weak) to rt_locale_intlibspace.o(.text) for __rt_locale
    libinit2.o(.ARM.Collect$$libinit$$00000010) refers to libinit2.o(.ARM.Collect$$libinit$$0000000F) for .ARM.Collect$$libinit$$0000000F
    libinit2.o(.ARM.Collect$$libinit$$00000012) refers to libinit2.o(.ARM.Collect$$libinit$$0000000F) for .ARM.Collect$$libinit$$0000000F
    libinit2.o(.ARM.Collect$$libinit$$00000012) refers (Weak) to lc_ctype_c.o(locale$$code) for _get_lc_ctype
    libinit2.o(.ARM.Collect$$libinit$$00000014) refers to libinit2.o(.ARM.Collect$$libinit$$0000000F) for .ARM.Collect$$libinit$$0000000F
    libinit2.o(.ARM.Collect$$libinit$$00000016) refers to libinit2.o(.ARM.Collect$$libinit$$0000000F) for .ARM.Collect$$libinit$$0000000F
    libinit2.o(.ARM.Collect$$libinit$$00000018) refers to libinit2.o(.ARM.Collect$$libinit$$0000000F) for .ARM.Collect$$libinit$$0000000F
    libinit2.o(.ARM.Collect$$libinit$$00000026) refers to argv_veneer.o(.emb_text) for __ARM_argv_veneer
    libinit2.o(.ARM.Collect$$libinit$$00000027) refers to argv_veneer.o(.emb_text) for __ARM_argv_veneer
    rtexit2.o(.ARM.Collect$$rtexit$$00000003) refers to libshutdown.o(.ARM.Collect$$libshutdown$$00000000) for __rt_lib_shutdown
    rtexit2.o(.ARM.Collect$$rtexit$$00000004) refers to sys_exit.o(.text) for _sys_exit
    rtexit2.o(.ARM.exidx) refers to rtexit2.o(.ARM.Collect$$rtexit$$00000001) for .ARM.Collect$$rtexit$$00000001
    rtexit2.o(.ARM.exidx) refers to rtexit2.o(.ARM.Collect$$rtexit$$00000003) for .ARM.Collect$$rtexit$$00000003
    rtexit2.o(.ARM.exidx) refers to rtexit2.o(.ARM.Collect$$rtexit$$00000004) for .ARM.Collect$$rtexit$$00000004
    argv_veneer.o(.emb_text) refers to no_argv.o(.text) for __ARM_get_argv
    sys_exit.o(.text) refers (Special) to use_no_semi.o(.text) for __I$use$semihosting
    sys_exit.o(.text) refers (Special) to indicate_semi.o(.text) for __semihosting_library_function
    _get_argv_nomalloc.o(.text) refers (Special) to hrguard.o(.text) for __heap_region$guard
    _get_argv_nomalloc.o(.text) refers to defsig_rtmem_outer.o(.text) for __rt_SIGRTMEM
    _get_argv_nomalloc.o(.text) refers to sys_command.o(.text) for _sys_command_string
    libshutdown.o(.ARM.Collect$$libshutdown$$00000000) refers (Special) to libshutdown2.o(.ARM.Collect$$libshutdown$$00000002) for __rt_lib_shutdown_cpp_1
    libshutdown.o(.ARM.Collect$$libshutdown$$00000000) refers (Special) to libshutdown2.o(.ARM.Collect$$libshutdown$$00000007) for __rt_lib_shutdown_fp_trap_1
    libshutdown.o(.ARM.Collect$$libshutdown$$00000000) refers (Special) to libshutdown2.o(.ARM.Collect$$libshutdown$$0000000F) for __rt_lib_shutdown_heap_1
    libshutdown.o(.ARM.Collect$$libshutdown$$00000000) refers (Special) to libshutdown2.o(.ARM.Collect$$libshutdown$$00000010) for __rt_lib_shutdown_return
    libshutdown.o(.ARM.Collect$$libshutdown$$00000000) refers (Special) to libshutdown2.o(.ARM.Collect$$libshutdown$$0000000A) for __rt_lib_shutdown_signal_1
    libshutdown.o(.ARM.Collect$$libshutdown$$00000000) refers (Special) to libshutdown2.o(.ARM.Collect$$libshutdown$$00000004) for __rt_lib_shutdown_stdio_1
    libshutdown.o(.ARM.Collect$$libshutdown$$00000000) refers (Special) to libshutdown2.o(.ARM.Collect$$libshutdown$$0000000C) for __rt_lib_shutdown_user_alloc_1
    sys_command.o(.text) refers (Special) to use_no_semi.o(.text) for __I$use$semihosting
    sys_command.o(.text) refers (Special) to indicate_semi.o(.text) for __semihosting_library_function
    defsig_rtmem_outer.o(.text) refers to defsig_rtmem_inner.o(.text) for __rt_SIGRTMEM_inner
    defsig_rtmem_outer.o(.text) refers to defsig_exit.o(.text) for __sig_exit
    defsig_rtmem_formal.o(.text) refers to rt_raise.o(.text) for __rt_raise
    rt_raise.o(.text) refers to __raise.o(.text) for __raise
    rt_raise.o(.text) refers to sys_exit.o(.text) for _sys_exit
    defsig_exit.o(.text) refers to sys_exit.o(.text) for _sys_exit
    defsig_rtmem_inner.o(.text) refers to defsig_general.o(.text) for __default_signal_display
    __raise.o(.text) refers to defsig.o(CL$$defsig) for __default_signal_handler
    defsig_general.o(.text) refers to sys_wrch.o(.text) for _ttywrch
    sys_wrch.o(.text) refers (Special) to use_no_semi.o(.text) for __I$use$semihosting
    sys_wrch.o(.text) refers (Special) to indicate_semi.o(.text) for __semihosting_library_function
    defsig.o(CL$$defsig) refers to defsig_rtmem_inner.o(.text) for __rt_SIGRTMEM_inner
    defsig_abrt_inner.o(.text) refers to defsig_general.o(.text) for __default_signal_display
    defsig_fpe_inner.o(.text) refers to defsig_general.o(.text) for __default_signal_display
    defsig_rtred_inner.o(.text) refers to defsig_general.o(.text) for __default_signal_display
    defsig_stak_inner.o(.text) refers to defsig_general.o(.text) for __default_signal_display
    defsig_pvfn_inner.o(.text) refers to defsig_general.o(.text) for __default_signal_display
    defsig_cppl_inner.o(.text) refers to defsig_general.o(.text) for __default_signal_display
    defsig_segv_inner.o(.text) refers to defsig_general.o(.text) for __default_signal_display
    defsig_other.o(.text) refers to defsig_general.o(.text) for __default_signal_display


==============================================================================

Removing Unused input sections from the image.

    Removing dac.o(.rev16_text), (4 bytes).
    Removing dac.o(.revsh_text), (4 bytes).
    Removing dac.o(.rrx_text), (6 bytes).
    Removing main.o(.rev16_text), (4 bytes).
    Removing main.o(.revsh_text), (4 bytes).
    Removing main.o(.rrx_text), (6 bytes).
    Removing stepper.o(.rev16_text), (4 bytes).
    Removing stepper.o(.revsh_text), (4 bytes).
    Removing stepper.o(.rrx_text), (6 bytes).
    Removing stepper.o(i.Step_Out), (28 bytes).
    Removing tim3_pwm.o(.rev16_text), (4 bytes).
    Removing tim3_pwm.o(.revsh_text), (4 bytes).
    Removing tim3_pwm.o(.rrx_text), (6 bytes).
    Removing usart2.o(.rev16_text), (4 bytes).
    Removing usart2.o(.revsh_text), (4 bytes).
    Removing usart2.o(.rrx_text), (6 bytes).
    Removing i2c.o(.rev16_text), (4 bytes).
    Removing i2c.o(.revsh_text), (4 bytes).
    Removing i2c.o(.rrx_text), (6 bytes).
    Removing lcd.o(i.lcd_print_x_y), (66 bytes).
    Removing lcd.o(i.lcd_send_string), (22 bytes).
    Removing LCDInit.o(.rev16_text), (4 bytes).
    Removing LCDInit.o(.revsh_text), (4 bytes).
    Removing LCDInit.o(.rrx_text), (6 bytes).
    Removing LCDInit.o(i.lcd_cmd), (58 bytes).
    Removing LCDInit.o(i.lcd_init), (118 bytes).
    Removing LCDInit.o(i.lcd_waitms), (34 bytes).
    Removing system_stm32f4xx.o(.rev16_text), (4 bytes).
    Removing system_stm32f4xx.o(.revsh_text), (4 bytes).
    Removing system_stm32f4xx.o(.rrx_text), (6 bytes).
    Removing system_stm32f4xx.o(i.SystemCoreClockUpdate), (192 bytes).
    Removing system_stm32f4xx.o(.constdata), (24 bytes).

32 unused section(s) (total 654 bytes) removed from the image.

==============================================================================

Image Symbol Table

    Local Symbols

    Symbol Name                              Value     Ov Type        Size  Object(Section)

    ../clib/angel/boardlib.s                 0x00000000   Number         0  boardinit1.o ABSOLUTE
    ../clib/angel/boardlib.s                 0x00000000   Number         0  boardinit3.o ABSOLUTE
    ../clib/angel/boardlib.s                 0x00000000   Number         0  boardshut.o ABSOLUTE
    ../clib/angel/boardlib.s                 0x00000000   Number         0  boardinit2.o ABSOLUTE
    ../clib/angel/handlers.s                 0x00000000   Number         0  __scatter_zi.o ABSOLUTE
    ../clib/angel/handlers.s                 0x00000000   Number         0  __scatter_copy.o ABSOLUTE
    ../clib/angel/kernel.s                   0x00000000   Number         0  __rtentry2.o ABSOLUTE
    ../clib/angel/kernel.s                   0x00000000   Number         0  __rtentry.o ABSOLUTE
    ../clib/angel/kernel.s                   0x00000000   Number         0  rtexit2.o ABSOLUTE
    ../clib/angel/kernel.s                   0x00000000   Number         0  __rtentry4.o ABSOLUTE
    ../clib/angel/kernel.s                   0x00000000   Number         0  rtexit.o ABSOLUTE
    ../clib/angel/rt.s                       0x00000000   Number         0  rt_ctype_table.o ABSOLUTE
    ../clib/angel/rt.s                       0x00000000   Number         0  rt_locale.o ABSOLUTE
    ../clib/angel/rt.s                       0x00000000   Number         0  rt_locale_intlibspace.o ABSOLUTE
    ../clib/angel/rt.s                       0x00000000   Number         0  rt_raise.o ABSOLUTE
    ../clib/angel/rt.s                       0x00000000   Number         0  rt_errno_addr_intlibspace.o ABSOLUTE
    ../clib/angel/rt.s                       0x00000000   Number         0  rt_errno_addr.o ABSOLUTE
    ../clib/angel/scatter.s                  0x00000000   Number         0  __scatter.o ABSOLUTE
    ../clib/angel/startup.s                  0x00000000   Number         0  __main.o ABSOLUTE
    ../clib/angel/sys.s                      0x00000000   Number         0  indicate_semi.o ABSOLUTE
    ../clib/angel/sys.s                      0x00000000   Number         0  use_no_semi.o ABSOLUTE
    ../clib/angel/sys.s                      0x00000000   Number         0  sys_stackheap_outer.o ABSOLUTE
    ../clib/angel/sys.s                      0x00000000   Number         0  libspace.o ABSOLUTE
    ../clib/angel/sysapp.c                   0x00000000   Number         0  sys_exit.o ABSOLUTE
    ../clib/angel/sysapp.c                   0x00000000   Number         0  sys_command.o ABSOLUTE
    ../clib/angel/sysapp.c                   0x00000000   Number         0  sys_wrch.o ABSOLUTE
    ../clib/armsys.c                         0x00000000   Number         0  argv_veneer.o ABSOLUTE
    ../clib/armsys.c                         0x00000000   Number         0  _get_argv_nomalloc.o ABSOLUTE
    ../clib/armsys.c                         0x00000000   Number         0  argv_veneer.o ABSOLUTE
    ../clib/armsys.c                         0x00000000   Number         0  no_argv.o ABSOLUTE
    ../clib/ctype.c                          0x00000000   Number         0  isspace.o ABSOLUTE
    ../clib/heapalloc.c                      0x00000000   Number         0  hrguard.o ABSOLUTE
    ../clib/heapaux.c                        0x00000000   Number         0  heapauxi.o ABSOLUTE
    ../clib/libinit.s                        0x00000000   Number         0  libshutdown.o ABSOLUTE
    ../clib/libinit.s                        0x00000000   Number         0  libinit.o ABSOLUTE
    ../clib/libinit.s                        0x00000000   Number         0  libinit2.o ABSOLUTE
    ../clib/libinit.s                        0x00000000   Number         0  libshutdown2.o ABSOLUTE
    ../clib/locale.s                         0x00000000   Number         0  lc_ctype_c.o ABSOLUTE
    ../clib/memcpset.s                       0x00000000   Number         0  strncpy.o ABSOLUTE
    ../clib/memcpset.s                       0x00000000   Number         0  rt_memclr_w.o ABSOLUTE
    ../clib/memcpset.s                       0x00000000   Number         0  strcmpv7m.o ABSOLUTE
    ../clib/memcpset.s                       0x00000000   Number         0  rt_memclr.o ABSOLUTE
    ../clib/misc.s                           0x00000000   Number         0  printf_stubs.o ABSOLUTE
    ../clib/printf.c                         0x00000000   Number         0  __printf_wp.o ABSOLUTE
    ../clib/printf.c                         0x00000000   Number         0  __printf_ss.o ABSOLUTE
    ../clib/printf.c                         0x00000000   Number         0  __printf_ss_wp.o ABSOLUTE
    ../clib/printf.c                         0x00000000   Number         0  __2sprintf.o ABSOLUTE
    ../clib/printf.c                         0x00000000   Number         0  __printf_flags.o ABSOLUTE
    ../clib/printf.c                         0x00000000   Number         0  _printf_dec.o ABSOLUTE
    ../clib/printf.c                         0x00000000   Number         0  __printf_nopercent.o ABSOLUTE
    ../clib/printf.c                         0x00000000   Number         0  noretval__2sprintf.o ABSOLUTE
    ../clib/printf.c                         0x00000000   Number         0  __printf.o ABSOLUTE
    ../clib/printf.c                         0x00000000   Number         0  _printf_pad.o ABSOLUTE
    ../clib/printf.c                         0x00000000   Number         0  __printf_flags_ss.o ABSOLUTE
    ../clib/printf.c                         0x00000000   Number         0  _sputc.o ABSOLUTE
    ../clib/printf.c                         0x00000000   Number         0  __printf_flags_ss_wp.o ABSOLUTE
    ../clib/printf.c                         0x00000000   Number         0  _printf_intcommon.o ABSOLUTE
    ../clib/printf.c                         0x00000000   Number         0  __printf_flags_wp.o ABSOLUTE
    ../clib/printf.c                         0x00000000   Number         0  _printf_char_common.o ABSOLUTE
    ../clib/printf_percent.s                 0x00000000   Number         0  _printf_percent_end.o ABSOLUTE
    ../clib/printf_percent.s                 0x00000000   Number         0  _printf_d.o ABSOLUTE
    ../clib/printf_percent.s                 0x00000000   Number         0  _printf_percent.o ABSOLUTE
    ../clib/printf_percent.s                 0x00000000   Number         0  _printf_u.o ABSOLUTE
    ../clib/scanf.c                          0x00000000   Number         0  _scanf_int.o ABSOLUTE
    ../clib/scanf.c                          0x00000000   Number         0  _strtoul.o ABSOLUTE
    ../clib/scanf.c                          0x00000000   Number         0  _chval.o ABSOLUTE
    ../clib/scanf.c                          0x00000000   Number         0  atoi.o ABSOLUTE
    ../clib/scanf.c                          0x00000000   Number         0  scanf_char.o ABSOLUTE
    ../clib/scanf.c                          0x00000000   Number         0  _scanf.o ABSOLUTE
    ../clib/scanf.c                          0x00000000   Number         0  __0sscanf.o ABSOLUTE
    ../clib/scanf.c                          0x00000000   Number         0  strtol.o ABSOLUTE
    ../clib/scanf.c                          0x00000000   Number         0  _sgetc.o ABSOLUTE
    ../clib/signal.c                         0x00000000   Number         0  defsig_fpe_inner.o ABSOLUTE
    ../clib/signal.c                         0x00000000   Number         0  defsig_abrt_inner.o ABSOLUTE
    ../clib/signal.c                         0x00000000   Number         0  defsig_general.o ABSOLUTE
    ../clib/signal.c                         0x00000000   Number         0  __raise.o ABSOLUTE
    ../clib/signal.c                         0x00000000   Number         0  defsig_rtmem_inner.o ABSOLUTE
    ../clib/signal.c                         0x00000000   Number         0  defsig_exit.o ABSOLUTE
    ../clib/signal.c                         0x00000000   Number         0  defsig_rtmem_formal.o ABSOLUTE
    ../clib/signal.c                         0x00000000   Number         0  defsig_rtmem_outer.o ABSOLUTE
    ../clib/signal.c                         0x00000000   Number         0  defsig_cppl_inner.o ABSOLUTE
    ../clib/signal.c                         0x00000000   Number         0  defsig_other.o ABSOLUTE
    ../clib/signal.c                         0x00000000   Number         0  defsig_segv_inner.o ABSOLUTE
    ../clib/signal.c                         0x00000000   Number         0  defsig_pvfn_inner.o ABSOLUTE
    ../clib/signal.c                         0x00000000   Number         0  defsig_stak_inner.o ABSOLUTE
    ../clib/signal.c                         0x00000000   Number         0  defsig_rtred_inner.o ABSOLUTE
    ../clib/signal.s                         0x00000000   Number         0  defsig.o ABSOLUTE
    ../clib/stdlib.c                         0x00000000   Number         0  exit.o ABSOLUTE
    ../fplib/ddiv.s                          0x00000000   Number         0  ddiv.o ABSOLUTE
    ../fplib/dfixu.s                         0x00000000   Number         0  dfixu.o ABSOLUTE
    ../fplib/dflt.s                          0x00000000   Number         0  dflt_clz.o ABSOLUTE
    ../fplib/dmul.s                          0x00000000   Number         0  dmul.o ABSOLUTE
    ../fplib/dnaninf.s                       0x00000000   Number         0  dnaninf.o ABSOLUTE
    ../fplib/dretinf.s                       0x00000000   Number         0  dretinf.o ABSOLUTE
    ../fplib/fpinit.s                        0x00000000   Number         0  fpinit.o ABSOLUTE
    ../fplib/usenofp.s                       0x00000000   Number         0  usenofp.o ABSOLUTE
    DAC.c                                    0x00000000   Number         0  dac.o ABSOLUTE
    DAC.c                                    0x00000000   Number         0  dac.o ABSOLUTE
    I2C.c                                    0x00000000   Number         0  i2c.o ABSOLUTE
    I2C.c                                    0x00000000   Number         0  i2c.o ABSOLUTE
    LCD.c                                    0x00000000   Number         0  lcd.o ABSOLUTE
    LCDInit.c                                0x00000000   Number         0  LCDInit.o ABSOLUTE
    LCDInit.c                                0x00000000   Number         0  LCDInit.o ABSOLUTE
    RTE\Device\STM32F446RETx\startup_stm32f446xx.s 0x00000000   Number         0  startup_stm32f446xx.o ABSOLUTE
    RTE\Device\STM32F446RETx\system_stm32f4xx.c 0x00000000   Number         0  system_stm32f4xx.o ABSOLUTE
    RTE\\Device\\STM32F446RETx\\system_stm32f4xx.c 0x00000000   Number         0  system_stm32f4xx.o ABSOLUTE
    Stepper.c                                0x00000000   Number         0  stepper.o ABSOLUTE
    Stepper.c                                0x00000000   Number         0  stepper.o ABSOLUTE
    TIM3_PWM.c                               0x00000000   Number         0  tim3_pwm.o ABSOLUTE
    TIM3_PWM.c                               0x00000000   Number         0  tim3_pwm.o ABSOLUTE
    Temperatur.c                             0x00000000   Number         0  temperatur.o ABSOLUTE
    USART2.c                                 0x00000000   Number         0  usart2.o ABSOLUTE
    USART2.c                                 0x00000000   Number         0  usart2.o ABSOLUTE
    dc.s                                     0x00000000   Number         0  dc.o ABSOLUTE
    main.c                                   0x00000000   Number         0  main.o ABSOLUTE
    main.c                                   0x00000000   Number         0  main.o ABSOLUTE
    RESET                                    0x08000000   Section      452  startup_stm32f446xx.o(RESET)
    !!!main                                  0x080001c4   Section        8  __main.o(!!!main)
    !!!scatter                               0x080001cc   Section       52  __scatter.o(!!!scatter)
    !!handler_copy                           0x08000200   Section       26  __scatter_copy.o(!!handler_copy)
    !!handler_zi                             0x0800021c   Section       28  __scatter_zi.o(!!handler_zi)
    .ARM.Collect$$_printf_percent$$00000000  0x08000238   Section        0  _printf_percent.o(.ARM.Collect$$_printf_percent$$00000000)
    .ARM.Collect$$_printf_percent$$00000009  0x08000238   Section        6  _printf_d.o(.ARM.Collect$$_printf_percent$$00000009)
    .ARM.Collect$$_printf_percent$$0000000A  0x0800023e   Section        6  _printf_u.o(.ARM.Collect$$_printf_percent$$0000000A)
    .ARM.Collect$$_printf_percent$$00000017  0x08000244   Section        4  _printf_percent_end.o(.ARM.Collect$$_printf_percent$$00000017)
    .ARM.Collect$$libinit$$00000000          0x08000248   Section        2  libinit.o(.ARM.Collect$$libinit$$00000000)
    .ARM.Collect$$libinit$$00000001          0x0800024a   Section        4  libinit2.o(.ARM.Collect$$libinit$$00000001)
    .ARM.Collect$$libinit$$00000004          0x0800024e   Section        0  libinit2.o(.ARM.Collect$$libinit$$00000004)
    .ARM.Collect$$libinit$$0000000A          0x0800024e   Section        0  libinit2.o(.ARM.Collect$$libinit$$0000000A)
    .ARM.Collect$$libinit$$0000000C          0x0800024e   Section        0  libinit2.o(.ARM.Collect$$libinit$$0000000C)
    .ARM.Collect$$libinit$$0000000E          0x0800024e   Section        0  libinit2.o(.ARM.Collect$$libinit$$0000000E)
    .ARM.Collect$$libinit$$0000000F          0x0800024e   Section        6  libinit2.o(.ARM.Collect$$libinit$$0000000F)
    .ARM.Collect$$libinit$$00000011          0x08000254   Section        0  libinit2.o(.ARM.Collect$$libinit$$00000011)
    .ARM.Collect$$libinit$$00000012          0x08000254   Section       12  libinit2.o(.ARM.Collect$$libinit$$00000012)
    .ARM.Collect$$libinit$$00000013          0x08000260   Section        0  libinit2.o(.ARM.Collect$$libinit$$00000013)
    .ARM.Collect$$libinit$$00000015          0x08000260   Section        0  libinit2.o(.ARM.Collect$$libinit$$00000015)
    .ARM.Collect$$libinit$$00000017          0x08000260   Section        0  libinit2.o(.ARM.Collect$$libinit$$00000017)
    .ARM.Collect$$libinit$$00000019          0x08000260   Section        0  libinit2.o(.ARM.Collect$$libinit$$00000019)
    .ARM.Collect$$libinit$$0000001B          0x08000260   Section        0  libinit2.o(.ARM.Collect$$libinit$$0000001B)
    .ARM.Collect$$libinit$$0000001D          0x08000260   Section        0  libinit2.o(.ARM.Collect$$libinit$$0000001D)
    .ARM.Collect$$libinit$$0000001F          0x08000260   Section        0  libinit2.o(.ARM.Collect$$libinit$$0000001F)
    .ARM.Collect$$libinit$$00000021          0x08000260   Section        0  libinit2.o(.ARM.Collect$$libinit$$00000021)
    .ARM.Collect$$libinit$$00000023          0x08000260   Section        0  libinit2.o(.ARM.Collect$$libinit$$00000023)
    .ARM.Collect$$libinit$$00000025          0x08000260   Section        0  libinit2.o(.ARM.Collect$$libinit$$00000025)
    .ARM.Collect$$libinit$$0000002C          0x08000260   Section        0  libinit2.o(.ARM.Collect$$libinit$$0000002C)
    .ARM.Collect$$libinit$$0000002E          0x08000260   Section        0  libinit2.o(.ARM.Collect$$libinit$$0000002E)
    .ARM.Collect$$libinit$$00000030          0x08000260   Section        0  libinit2.o(.ARM.Collect$$libinit$$00000030)
    .ARM.Collect$$libinit$$00000032          0x08000260   Section        0  libinit2.o(.ARM.Collect$$libinit$$00000032)
    .ARM.Collect$$libinit$$00000033          0x08000260   Section        2  libinit2.o(.ARM.Collect$$libinit$$00000033)
    .ARM.Collect$$libshutdown$$00000000      0x08000262   Section        2  libshutdown.o(.ARM.Collect$$libshutdown$$00000000)
    .ARM.Collect$$libshutdown$$00000002      0x08000264   Section        0  libshutdown2.o(.ARM.Collect$$libshutdown$$00000002)
    .ARM.Collect$$libshutdown$$00000004      0x08000264   Section        0  libshutdown2.o(.ARM.Collect$$libshutdown$$00000004)
    .ARM.Collect$$libshutdown$$00000007      0x08000264   Section        0  libshutdown2.o(.ARM.Collect$$libshutdown$$00000007)
    .ARM.Collect$$libshutdown$$0000000A      0x08000264   Section        0  libshutdown2.o(.ARM.Collect$$libshutdown$$0000000A)
    .ARM.Collect$$libshutdown$$0000000C      0x08000264   Section        0  libshutdown2.o(.ARM.Collect$$libshutdown$$0000000C)
    .ARM.Collect$$libshutdown$$0000000F      0x08000264   Section        0  libshutdown2.o(.ARM.Collect$$libshutdown$$0000000F)
    .ARM.Collect$$libshutdown$$00000010      0x08000264   Section        2  libshutdown2.o(.ARM.Collect$$libshutdown$$00000010)
    .ARM.Collect$$rtentry$$00000000          0x08000266   Section        0  __rtentry.o(.ARM.Collect$$rtentry$$00000000)
    .ARM.Collect$$rtentry$$00000002          0x08000266   Section        0  __rtentry2.o(.ARM.Collect$$rtentry$$00000002)
    .ARM.Collect$$rtentry$$00000004          0x08000266   Section        6  __rtentry4.o(.ARM.Collect$$rtentry$$00000004)
    .ARM.Collect$$rtentry$$00000009          0x0800026c   Section        0  __rtentry2.o(.ARM.Collect$$rtentry$$00000009)
    .ARM.Collect$$rtentry$$0000000A          0x0800026c   Section        4  __rtentry2.o(.ARM.Collect$$rtentry$$0000000A)
    .ARM.Collect$$rtentry$$0000000C          0x08000270   Section        0  __rtentry2.o(.ARM.Collect$$rtentry$$0000000C)
    .ARM.Collect$$rtentry$$0000000D          0x08000270   Section        8  __rtentry2.o(.ARM.Collect$$rtentry$$0000000D)
    .ARM.Collect$$rtexit$$00000000           0x08000278   Section        2  rtexit.o(.ARM.Collect$$rtexit$$00000000)
    .ARM.Collect$$rtexit$$00000002           0x0800027a   Section        0  rtexit2.o(.ARM.Collect$$rtexit$$00000002)
    .ARM.Collect$$rtexit$$00000003           0x0800027a   Section        4  rtexit2.o(.ARM.Collect$$rtexit$$00000003)
    .ARM.Collect$$rtexit$$00000004           0x0800027e   Section        6  rtexit2.o(.ARM.Collect$$rtexit$$00000004)
    .text                                    0x08000284   Section       64  startup_stm32f446xx.o(.text)
    $v0                                      0x08000284   Number         0  startup_stm32f446xx.o(.text)
    .text                                    0x080002c4   Section        0  noretval__2sprintf.o(.text)
    .text                                    0x080002ec   Section        0  _printf_pad.o(.text)
    .text                                    0x0800033c   Section        0  _printf_dec.o(.text)
    .text                                    0x080003b4   Section        0  __printf_wp.o(.text)
    .text                                    0x080004c4   Section        0  __0sscanf.o(.text)
    .text                                    0x08000500   Section        0  _scanf_int.o(.text)
    .text                                    0x0800064c   Section        0  atoi.o(.text)
    .text                                    0x08000666   Section       86  strncpy.o(.text)
    .text                                    0x080006bc   Section        0  heapauxi.o(.text)
    .text                                    0x080006c4   Section        8  rt_errno_addr_intlibspace.o(.text)
    .text                                    0x080006cc   Section        0  _printf_intcommon.o(.text)
    .text                                    0x08000780   Section        0  _printf_char_common.o(.text)
    _printf_input_char                       0x08000781   Thumb Code    10  _printf_char_common.o(.text)
    .text                                    0x080007b0   Section        0  _sputc.o(.text)
    .text                                    0x080007ba   Section        0  _chval.o(.text)
    .text                                    0x080007d8   Section        0  scanf_char.o(.text)
    _scanf_char_input                        0x080007d9   Thumb Code    12  scanf_char.o(.text)
    .text                                    0x08000804   Section        0  _sgetc.o(.text)
    .text                                    0x08000844   Section        0  strtol.o(.text)
    .text                                    0x080008b4   Section       68  rt_memclr.o(.text)
    .text                                    0x080008f8   Section        8  libspace.o(.text)
    .text                                    0x08000900   Section       16  rt_ctype_table.o(.text)
    .text                                    0x08000910   Section        0  isspace.o(.text)
    .text                                    0x08000924   Section        0  _scanf.o(.text)
    .text                                    0x08000c98   Section        0  _strtoul.o(.text)
    .text                                    0x08000d36   Section       78  rt_memclr_w.o(.text)
    .text                                    0x08000d84   Section       74  sys_stackheap_outer.o(.text)
    .text                                    0x08000dd0   Section        8  rt_locale_intlibspace.o(.text)
    .text                                    0x08000dd8   Section        0  exit.o(.text)
    .text                                    0x08000dec   Section      128  strcmpv7m.o(.text)
    .text                                    0x08000e6c   Section        0  sys_exit.o(.text)
    .text                                    0x08000e78   Section        2  use_no_semi.o(.text)
    .text                                    0x08000e7a   Section        0  indicate_semi.o(.text)
    i.ExecuteCmd                             0x08000e7c   Section        0  main.o(i.ExecuteCmd)
    i.Help_Display                           0x080010b8   Section        0  main.o(i.Help_Display)
    i.I2C_config                             0x08001224   Section        0  i2c.o(i.I2C_config)
    i.I2C_init                               0x080012bc   Section        0  i2c.o(i.I2C_init)
    i.I2C_read                               0x08001324   Section        0  i2c.o(i.I2C_read)
    i.I2C_write                              0x0800149c   Section        0  i2c.o(i.I2C_write)
    i.InitDAC                                0x08001544   Section        0  dac.o(i.InitDAC)
    i.InitStepper                            0x08001568   Section        0  stepper.o(i.InitStepper)
    i.InitSysTick                            0x080015b0   Section        0  stepper.o(i.InitSysTick)
    i.InitTIM3_PWM                           0x080015c4   Section        0  tim3_pwm.o(i.InitTIM3_PWM)
    i.InitUSART2                             0x0800170c   Section        0  usart2.o(i.InitUSART2)
    i.SysTick_Handler                        0x08001794   Section        0  stepper.o(i.SysTick_Handler)
    i.SystemInit                             0x080017fc   Section        0  system_stm32f4xx.o(i.SystemInit)
    i.TIM3_RGB                               0x08001860   Section        0  tim3_pwm.o(i.TIM3_RGB)
    i.TIM3_servo                             0x080018f0   Section        0  tim3_pwm.o(i.TIM3_servo)
    i.TIM3_zahlenbereich                     0x0800190c   Section        0  tim3_pwm.o(i.TIM3_zahlenbereich)
    i.USART2_IRQHandler                      0x08001920   Section        0  usart2.o(i.USART2_IRQHandler)
    i.WriteChar                              0x08001994   Section        0  usart2.o(i.WriteChar)
    i.WriteDAC                               0x080019b0   Section        0  dac.o(i.WriteDAC)
    i.WriteString                            0x080019bc   Section        0  usart2.o(i.WriteString)
    i._is_digit                              0x080019d2   Section        0  __printf_wp.o(i._is_digit)
    i.delay                                  0x080019e0   Section        0  main.o(i.delay)
    i.lcd_send_cmd                           0x080019ec   Section        0  lcd.o(i.lcd_send_cmd)
    i.lcd_send_data                          0x08001a26   Section        0  lcd.o(i.lcd_send_data)
    i.main                                   0x08001a60   Section        0  main.o(i.main)
    i.map                                    0x08001afc   Section        0  tim3_pwm.o(i.map)
    i.nextstep                               0x08001b54   Section        0  stepper.o(i.nextstep)
    i.read_Temp                              0x08001bd4   Section        0  temperatur.o(i.read_Temp)
    i.set_TempRes                            0x08001c5c   Section        0  temperatur.o(i.set_TempRes)
    locale$$code                             0x08001c88   Section       44  lc_ctype_c.o(locale$$code)
    x$fpl$ddiv                               0x08001cb4   Section      688  ddiv.o(x$fpl$ddiv)
    $v0                                      0x08001cb4   Number         0  ddiv.o(x$fpl$ddiv)
    ddiv_entry                               0x08001cbb   Thumb Code     0  ddiv.o(x$fpl$ddiv)
    x$fpl$dfixu                              0x08001f64   Section       90  dfixu.o(x$fpl$dfixu)
    $v0                                      0x08001f64   Number         0  dfixu.o(x$fpl$dfixu)
    x$fpl$dflt                               0x08001fbe   Section       46  dflt_clz.o(x$fpl$dflt)
    $v0                                      0x08001fbe   Number         0  dflt_clz.o(x$fpl$dflt)
    x$fpl$dfltu                              0x08001fec   Section       38  dflt_clz.o(x$fpl$dfltu)
    $v0                                      0x08001fec   Number         0  dflt_clz.o(x$fpl$dfltu)
    x$fpl$dmul                               0x08002014   Section      340  dmul.o(x$fpl$dmul)
    $v0                                      0x08002014   Number         0  dmul.o(x$fpl$dmul)
    x$fpl$dnaninf                            0x08002168   Section      156  dnaninf.o(x$fpl$dnaninf)
    $v0                                      0x08002168   Number         0  dnaninf.o(x$fpl$dnaninf)
    x$fpl$dretinf                            0x08002204   Section       12  dretinf.o(x$fpl$dretinf)
    $v0                                      0x08002204   Number         0  dretinf.o(x$fpl$dretinf)
    x$fpl$fpinit                             0x08002210   Section       10  fpinit.o(x$fpl$fpinit)
    $v0                                      0x08002210   Number         0  fpinit.o(x$fpl$fpinit)
    .constdata                               0x0800221a   Section        4  temperatur.o(.constdata)
    x$fpl$usenofp                            0x0800221a   Section        0  usenofp.o(x$fpl$usenofp)
    .conststring                             0x08002220   Section      208  main.o(.conststring)
    locale$$data                             0x08002310   Section      272  lc_ctype_c.o(locale$$data)
    __lcctype_c_name                         0x08002314   Data           2  lc_ctype_c.o(locale$$data)
    __lcctype_c_start                        0x0800231c   Data           0  lc_ctype_c.o(locale$$data)
    __lcctype_c_end                          0x08002420   Data           0  lc_ctype_c.o(locale$$data)
    .data                                    0x20000000   Section      148  main.o(.data)
    red                                      0x20000088   Data           4  main.o(.data)
    green                                    0x2000008c   Data           4  main.o(.data)
    blue                                     0x20000090   Data           4  main.o(.data)
    .data                                    0x20000094   Section       92  stepper.o(.data)
    index                                    0x200000ec   Data           4  stepper.o(.data)
    .data                                    0x200000f0   Section        8  usart2.o(.data)
    bufferPos                                0x200000f4   Data           4  usart2.o(.data)
    .data                                    0x200000f8   Section        3  temperatur.o(.data)
    .data                                    0x200000fc   Section        4  system_stm32f4xx.o(.data)
    .bss                                     0x20000100   Section       40  main.o(.bss)
    output                                   0x20000100   Data          20  main.o(.bss)
    output                                   0x20000114   Data          20  main.o(.bss)
    .bss                                     0x20000128   Section       64  usart2.o(.bss)
    .bss                                     0x20000168   Section       96  libspace.o(.bss)
    HEAP                                     0x200001c8   Section      512  startup_stm32f446xx.o(HEAP)
    Heap_Mem                                 0x200001c8   Data         512  startup_stm32f446xx.o(HEAP)
    STACK                                    0x200003c8   Section     1024  startup_stm32f446xx.o(STACK)
    Stack_Mem                                0x200003c8   Data        1024  startup_stm32f446xx.o(STACK)
    __initial_sp                             0x200007c8   Data           0  startup_stm32f446xx.o(STACK)

    Global Symbols

    Symbol Name                              Value     Ov Type        Size  Object(Section)

    BuildAttributes$$THM_ISAv4$E$P$D$K$B$S$7EM$VFPi3$EXTD16$VFPS$VFMA$PE$A:L22UL41UL21$X:L11$S22US41US21$IEEE1$IW$USESV6$~STKCKD$USESV7$~SHL$OSPACE$ROPI$EBA8$UX$STANDARDLIB$REQ8$PRES8$EABIv2 0x00000000   Number         0  anon$$obj.o ABSOLUTE
    __ARM_use_no_argv                        0x00000000   Number         0  main.o ABSOLUTE
    _printf_flags                            0x00000000   Number         0  printf_stubs.o ABSOLUTE
    _printf_return_value                     0x00000000   Number         0  printf_stubs.o ABSOLUTE
    _printf_sizespec                         0x00000000   Number         0  printf_stubs.o ABSOLUTE
    _printf_widthprec                        0x00000000   Number         0  printf_stubs.o ABSOLUTE
    __ARM_exceptions_init                     - Undefined Weak Reference
    __alloca_initialize                       - Undefined Weak Reference
    __arm_preinit_                            - Undefined Weak Reference
    __cpp_initialize__aeabi_                  - Undefined Weak Reference
    __cxa_finalize                            - Undefined Weak Reference
    __sigvec_lookup                           - Undefined Weak Reference
    _atexit_init                              - Undefined Weak Reference
    _call_atexit_fns                          - Undefined Weak Reference
    _clock_init                               - Undefined Weak Reference
    _fp_trap_init                             - Undefined Weak Reference
    _fp_trap_shutdown                         - Undefined Weak Reference
    _get_lc_collate                           - Undefined Weak Reference
    _get_lc_monetary                          - Undefined Weak Reference
    _get_lc_numeric                           - Undefined Weak Reference
    _get_lc_time                              - Undefined Weak Reference
    _getenv_init                              - Undefined Weak Reference
    _handle_redirection                       - Undefined Weak Reference
    _init_alloc                               - Undefined Weak Reference
    _init_user_alloc                          - Undefined Weak Reference
    _initio                                   - Undefined Weak Reference
    _printf_truncate_signed                   - Undefined Weak Reference
    _printf_truncate_unsigned                 - Undefined Weak Reference
    _rand_init                                - Undefined Weak Reference
    _scanf_longlong                           - Undefined Weak Reference
    _scanf_mbtowc                             - Undefined Weak Reference
    _scanf_real                               - Undefined Weak Reference
    _scanf_string                             - Undefined Weak Reference
    _scanf_wctomb                             - Undefined Weak Reference
    _scanf_wstring                            - Undefined Weak Reference
    _signal_finish                            - Undefined Weak Reference
    _signal_init                              - Undefined Weak Reference
    _terminate_alloc                          - Undefined Weak Reference
    _terminate_user_alloc                     - Undefined Weak Reference
    _terminateio                              - Undefined Weak Reference
    __Vectors_Size                           0x000001c4   Number         0  startup_stm32f446xx.o ABSOLUTE
    __Vectors                                0x08000000   Data           4  startup_stm32f446xx.o(RESET)
    __Vectors_End                            0x080001c4   Data           0  startup_stm32f446xx.o(RESET)
    __main                                   0x080001c5   Thumb Code     8  __main.o(!!!main)
    __scatterload                            0x080001cd   Thumb Code     0  __scatter.o(!!!scatter)
    __scatterload_rt2                        0x080001cd   Thumb Code    44  __scatter.o(!!!scatter)
    __scatterload_rt2_thumb_only             0x080001cd   Thumb Code     0  __scatter.o(!!!scatter)
    __scatterload_null                       0x080001db   Thumb Code     0  __scatter.o(!!!scatter)
    __scatterload_copy                       0x08000201   Thumb Code    26  __scatter_copy.o(!!handler_copy)
    __scatterload_zeroinit                   0x0800021d   Thumb Code    28  __scatter_zi.o(!!handler_zi)
    _printf_d                                0x08000239   Thumb Code     0  _printf_d.o(.ARM.Collect$$_printf_percent$$00000009)
    _printf_percent                          0x08000239   Thumb Code     0  _printf_percent.o(.ARM.Collect$$_printf_percent$$00000000)
    _printf_u                                0x0800023f   Thumb Code     0  _printf_u.o(.ARM.Collect$$_printf_percent$$0000000A)
    _printf_percent_end                      0x08000245   Thumb Code     0  _printf_percent_end.o(.ARM.Collect$$_printf_percent$$00000017)
    __rt_lib_init                            0x08000249   Thumb Code     0  libinit.o(.ARM.Collect$$libinit$$00000000)
    __rt_lib_init_fp_1                       0x0800024b   Thumb Code     0  libinit2.o(.ARM.Collect$$libinit$$00000001)
    __rt_lib_init_heap_1                     0x0800024f   Thumb Code     0  libinit2.o(.ARM.Collect$$libinit$$0000000A)
    __rt_lib_init_lc_common                  0x0800024f   Thumb Code     0  libinit2.o(.ARM.Collect$$libinit$$0000000F)
    __rt_lib_init_preinit_1                  0x0800024f   Thumb Code     0  libinit2.o(.ARM.Collect$$libinit$$00000004)
    __rt_lib_init_rand_1                     0x0800024f   Thumb Code     0  libinit2.o(.ARM.Collect$$libinit$$0000000E)
    __rt_lib_init_user_alloc_1               0x0800024f   Thumb Code     0  libinit2.o(.ARM.Collect$$libinit$$0000000C)
    __rt_lib_init_lc_collate_1               0x08000255   Thumb Code     0  libinit2.o(.ARM.Collect$$libinit$$00000011)
    __rt_lib_init_lc_ctype_2                 0x08000255   Thumb Code     0  libinit2.o(.ARM.Collect$$libinit$$00000012)
    __rt_lib_init_alloca_1                   0x08000261   Thumb Code     0  libinit2.o(.ARM.Collect$$libinit$$0000002E)
    __rt_lib_init_argv_1                     0x08000261   Thumb Code     0  libinit2.o(.ARM.Collect$$libinit$$0000002C)
    __rt_lib_init_atexit_1                   0x08000261   Thumb Code     0  libinit2.o(.ARM.Collect$$libinit$$0000001B)
    __rt_lib_init_clock_1                    0x08000261   Thumb Code     0  libinit2.o(.ARM.Collect$$libinit$$00000021)
    __rt_lib_init_cpp_1                      0x08000261   Thumb Code     0  libinit2.o(.ARM.Collect$$libinit$$00000032)
    __rt_lib_init_exceptions_1               0x08000261   Thumb Code     0  libinit2.o(.ARM.Collect$$libinit$$00000030)
    __rt_lib_init_fp_trap_1                  0x08000261   Thumb Code     0  libinit2.o(.ARM.Collect$$libinit$$0000001F)
    __rt_lib_init_getenv_1                   0x08000261   Thumb Code     0  libinit2.o(.ARM.Collect$$libinit$$00000023)
    __rt_lib_init_lc_ctype_1                 0x08000261   Thumb Code     0  libinit2.o(.ARM.Collect$$libinit$$00000013)
    __rt_lib_init_lc_monetary_1              0x08000261   Thumb Code     0  libinit2.o(.ARM.Collect$$libinit$$00000015)
    __rt_lib_init_lc_numeric_1               0x08000261   Thumb Code     0  libinit2.o(.ARM.Collect$$libinit$$00000017)
    __rt_lib_init_lc_time_1                  0x08000261   Thumb Code     0  libinit2.o(.ARM.Collect$$libinit$$00000019)
    __rt_lib_init_return                     0x08000261   Thumb Code     0  libinit2.o(.ARM.Collect$$libinit$$00000033)
    __rt_lib_init_signal_1                   0x08000261   Thumb Code     0  libinit2.o(.ARM.Collect$$libinit$$0000001D)
    __rt_lib_init_stdio_1                    0x08000261   Thumb Code     0  libinit2.o(.ARM.Collect$$libinit$$00000025)
    __rt_lib_shutdown                        0x08000263   Thumb Code     0  libshutdown.o(.ARM.Collect$$libshutdown$$00000000)
    __rt_lib_shutdown_cpp_1                  0x08000265   Thumb Code     0  libshutdown2.o(.ARM.Collect$$libshutdown$$00000002)
    __rt_lib_shutdown_fp_trap_1              0x08000265   Thumb Code     0  libshutdown2.o(.ARM.Collect$$libshutdown$$00000007)
    __rt_lib_shutdown_heap_1                 0x08000265   Thumb Code     0  libshutdown2.o(.ARM.Collect$$libshutdown$$0000000F)
    __rt_lib_shutdown_return                 0x08000265   Thumb Code     0  libshutdown2.o(.ARM.Collect$$libshutdown$$00000010)
    __rt_lib_shutdown_signal_1               0x08000265   Thumb Code     0  libshutdown2.o(.ARM.Collect$$libshutdown$$0000000A)
    __rt_lib_shutdown_stdio_1                0x08000265   Thumb Code     0  libshutdown2.o(.ARM.Collect$$libshutdown$$00000004)
    __rt_lib_shutdown_user_alloc_1           0x08000265   Thumb Code     0  libshutdown2.o(.ARM.Collect$$libshutdown$$0000000C)
    __rt_entry                               0x08000267   Thumb Code     0  __rtentry.o(.ARM.Collect$$rtentry$$00000000)
    __rt_entry_presh_1                       0x08000267   Thumb Code     0  __rtentry2.o(.ARM.Collect$$rtentry$$00000002)
    __rt_entry_sh                            0x08000267   Thumb Code     0  __rtentry4.o(.ARM.Collect$$rtentry$$00000004)
    __rt_entry_li                            0x0800026d   Thumb Code     0  __rtentry2.o(.ARM.Collect$$rtentry$$0000000A)
    __rt_entry_postsh_1                      0x0800026d   Thumb Code     0  __rtentry2.o(.ARM.Collect$$rtentry$$00000009)
    __rt_entry_main                          0x08000271   Thumb Code     0  __rtentry2.o(.ARM.Collect$$rtentry$$0000000D)
    __rt_entry_postli_1                      0x08000271   Thumb Code     0  __rtentry2.o(.ARM.Collect$$rtentry$$0000000C)
    __rt_exit                                0x08000279   Thumb Code     0  rtexit.o(.ARM.Collect$$rtexit$$00000000)
    __rt_exit_ls                             0x0800027b   Thumb Code     0  rtexit2.o(.ARM.Collect$$rtexit$$00000003)
    __rt_exit_prels_1                        0x0800027b   Thumb Code     0  rtexit2.o(.ARM.Collect$$rtexit$$00000002)
    __rt_exit_exit                           0x0800027f   Thumb Code     0  rtexit2.o(.ARM.Collect$$rtexit$$00000004)
    Reset_Handler                            0x08000285   Thumb Code     8  startup_stm32f446xx.o(.text)
    NMI_Handler                              0x0800028d   Thumb Code     2  startup_stm32f446xx.o(.text)
    HardFault_Handler                        0x0800028f   Thumb Code     2  startup_stm32f446xx.o(.text)
    MemManage_Handler                        0x08000291   Thumb Code     2  startup_stm32f446xx.o(.text)
    BusFault_Handler                         0x08000293   Thumb Code     2  startup_stm32f446xx.o(.text)
    UsageFault_Handler                       0x08000295   Thumb Code     2  startup_stm32f446xx.o(.text)
    SVC_Handler                              0x08000297   Thumb Code     2  startup_stm32f446xx.o(.text)
    DebugMon_Handler                         0x08000299   Thumb Code     2  startup_stm32f446xx.o(.text)
    PendSV_Handler                           0x0800029b   Thumb Code     2  startup_stm32f446xx.o(.text)
    ADC_IRQHandler                           0x0800029f   Thumb Code     0  startup_stm32f446xx.o(.text)
    CAN1_RX0_IRQHandler                      0x0800029f   Thumb Code     0  startup_stm32f446xx.o(.text)
    CAN1_RX1_IRQHandler                      0x0800029f   Thumb Code     0  startup_stm32f446xx.o(.text)
    CAN1_SCE_IRQHandler                      0x0800029f   Thumb Code     0  startup_stm32f446xx.o(.text)
    CAN1_TX_IRQHandler                       0x0800029f   Thumb Code     0  startup_stm32f446xx.o(.text)
    CAN2_RX0_IRQHandler                      0x0800029f   Thumb Code     0  startup_stm32f446xx.o(.text)
    CAN2_RX1_IRQHandler                      0x0800029f   Thumb Code     0  startup_stm32f446xx.o(.text)
    CAN2_SCE_IRQHandler                      0x0800029f   Thumb Code     0  startup_stm32f446xx.o(.text)
    CAN2_TX_IRQHandler                       0x0800029f   Thumb Code     0  startup_stm32f446xx.o(.text)
    CEC_IRQHandler                           0x0800029f   Thumb Code     0  startup_stm32f446xx.o(.text)
    DCMI_IRQHandler                          0x0800029f   Thumb Code     0  startup_stm32f446xx.o(.text)
    DMA1_Stream0_IRQHandler                  0x0800029f   Thumb Code     0  startup_stm32f446xx.o(.text)
    DMA1_Stream1_IRQHandler                  0x0800029f   Thumb Code     0  startup_stm32f446xx.o(.text)
    DMA1_Stream2_IRQHandler                  0x0800029f   Thumb Code     0  startup_stm32f446xx.o(.text)
    DMA1_Stream3_IRQHandler                  0x0800029f   Thumb Code     0  startup_stm32f446xx.o(.text)
    DMA1_Stream4_IRQHandler                  0x0800029f   Thumb Code     0  startup_stm32f446xx.o(.text)
    DMA1_Stream5_IRQHandler                  0x0800029f   Thumb Code     0  startup_stm32f446xx.o(.text)
    DMA1_Stream6_IRQHandler                  0x0800029f   Thumb Code     0  startup_stm32f446xx.o(.text)
    DMA1_Stream7_IRQHandler                  0x0800029f   Thumb Code     0  startup_stm32f446xx.o(.text)
    DMA2_Stream0_IRQHandler                  0x0800029f   Thumb Code     0  startup_stm32f446xx.o(.text)
    DMA2_Stream1_IRQHandler                  0x0800029f   Thumb Code     0  startup_stm32f446xx.o(.text)
    DMA2_Stream2_IRQHandler                  0x0800029f   Thumb Code     0  startup_stm32f446xx.o(.text)
    DMA2_Stream3_IRQHandler                  0x0800029f   Thumb Code     0  startup_stm32f446xx.o(.text)
    DMA2_Stream4_IRQHandler                  0x0800029f   Thumb Code     0  startup_stm32f446xx.o(.text)
    DMA2_Stream5_IRQHandler                  0x0800029f   Thumb Code     0  startup_stm32f446xx.o(.text)
    DMA2_Stream6_IRQHandler                  0x0800029f   Thumb Code     0  startup_stm32f446xx.o(.text)
    DMA2_Stream7_IRQHandler                  0x0800029f   Thumb Code     0  startup_stm32f446xx.o(.text)
    EXTI0_IRQHandler                         0x0800029f   Thumb Code     0  startup_stm32f446xx.o(.text)
    EXTI15_10_IRQHandler                     0x0800029f   Thumb Code     0  startup_stm32f446xx.o(.text)
    EXTI1_IRQHandler                         0x0800029f   Thumb Code     0  startup_stm32f446xx.o(.text)
    EXTI2_IRQHandler                         0x0800029f   Thumb Code     0  startup_stm32f446xx.o(.text)
    EXTI3_IRQHandler                         0x0800029f   Thumb Code     0  startup_stm32f446xx.o(.text)
    EXTI4_IRQHandler                         0x0800029f   Thumb Code     0  startup_stm32f446xx.o(.text)
    EXTI9_5_IRQHandler                       0x0800029f   Thumb Code     0  startup_stm32f446xx.o(.text)
    FLASH_IRQHandler                         0x0800029f   Thumb Code     0  startup_stm32f446xx.o(.text)
    FMC_IRQHandler                           0x0800029f   Thumb Code     0  startup_stm32f446xx.o(.text)
    FMPI2C1_ER_IRQHandler                    0x0800029f   Thumb Code     0  startup_stm32f446xx.o(.text)
    FMPI2C1_EV_IRQHandler                    0x0800029f   Thumb Code     0  startup_stm32f446xx.o(.text)
    FPU_IRQHandler                           0x0800029f   Thumb Code     0  startup_stm32f446xx.o(.text)
    I2C1_ER_IRQHandler                       0x0800029f   Thumb Code     0  startup_stm32f446xx.o(.text)
    I2C1_EV_IRQHandler                       0x0800029f   Thumb Code     0  startup_stm32f446xx.o(.text)
    I2C2_ER_IRQHandler                       0x0800029f   Thumb Code     0  startup_stm32f446xx.o(.text)
    I2C2_EV_IRQHandler                       0x0800029f   Thumb Code     0  startup_stm32f446xx.o(.text)
    I2C3_ER_IRQHandler                       0x0800029f   Thumb Code     0  startup_stm32f446xx.o(.text)
    I2C3_EV_IRQHandler                       0x0800029f   Thumb Code     0  startup_stm32f446xx.o(.text)
    OTG_FS_IRQHandler                        0x0800029f   Thumb Code     0  startup_stm32f446xx.o(.text)
    OTG_FS_WKUP_IRQHandler                   0x0800029f   Thumb Code     0  startup_stm32f446xx.o(.text)
    OTG_HS_EP1_IN_IRQHandler                 0x0800029f   Thumb Code     0  startup_stm32f446xx.o(.text)
    OTG_HS_EP1_OUT_IRQHandler                0x0800029f   Thumb Code     0  startup_stm32f446xx.o(.text)
    OTG_HS_IRQHandler                        0x0800029f   Thumb Code     0  startup_stm32f446xx.o(.text)
    OTG_HS_WKUP_IRQHandler                   0x0800029f   Thumb Code     0  startup_stm32f446xx.o(.text)
    PVD_IRQHandler                           0x0800029f   Thumb Code     0  startup_stm32f446xx.o(.text)
    QUADSPI_IRQHandler                       0x0800029f   Thumb Code     0  startup_stm32f446xx.o(.text)
    RCC_IRQHandler                           0x0800029f   Thumb Code     0  startup_stm32f446xx.o(.text)
    RTC_Alarm_IRQHandler                     0x0800029f   Thumb Code     0  startup_stm32f446xx.o(.text)
    RTC_WKUP_IRQHandler                      0x0800029f   Thumb Code     0  startup_stm32f446xx.o(.text)
    SAI1_IRQHandler                          0x0800029f   Thumb Code     0  startup_stm32f446xx.o(.text)
    SAI2_IRQHandler                          0x0800029f   Thumb Code     0  startup_stm32f446xx.o(.text)
    SDIO_IRQHandler                          0x0800029f   Thumb Code     0  startup_stm32f446xx.o(.text)
    SPDIF_RX_IRQHandler                      0x0800029f   Thumb Code     0  startup_stm32f446xx.o(.text)
    SPI1_IRQHandler                          0x0800029f   Thumb Code     0  startup_stm32f446xx.o(.text)
    SPI2_IRQHandler                          0x0800029f   Thumb Code     0  startup_stm32f446xx.o(.text)
    SPI3_IRQHandler                          0x0800029f   Thumb Code     0  startup_stm32f446xx.o(.text)
    SPI4_IRQHandler                          0x0800029f   Thumb Code     0  startup_stm32f446xx.o(.text)
    TAMP_STAMP_IRQHandler                    0x0800029f   Thumb Code     0  startup_stm32f446xx.o(.text)
    TIM1_BRK_TIM9_IRQHandler                 0x0800029f   Thumb Code     0  startup_stm32f446xx.o(.text)
    TIM1_CC_IRQHandler                       0x0800029f   Thumb Code     0  startup_stm32f446xx.o(.text)
    TIM1_TRG_COM_TIM11_IRQHandler            0x0800029f   Thumb Code     0  startup_stm32f446xx.o(.text)
    TIM1_UP_TIM10_IRQHandler                 0x0800029f   Thumb Code     0  startup_stm32f446xx.o(.text)
    TIM2_IRQHandler                          0x0800029f   Thumb Code     0  startup_stm32f446xx.o(.text)
    TIM3_IRQHandler                          0x0800029f   Thumb Code     0  startup_stm32f446xx.o(.text)
    TIM4_IRQHandler                          0x0800029f   Thumb Code     0  startup_stm32f446xx.o(.text)
    TIM5_IRQHandler                          0x0800029f   Thumb Code     0  startup_stm32f446xx.o(.text)
    TIM6_DAC_IRQHandler                      0x0800029f   Thumb Code     0  startup_stm32f446xx.o(.text)
    TIM7_IRQHandler                          0x0800029f   Thumb Code     0  startup_stm32f446xx.o(.text)
    TIM8_BRK_TIM12_IRQHandler                0x0800029f   Thumb Code     0  startup_stm32f446xx.o(.text)
    TIM8_CC_IRQHandler                       0x0800029f   Thumb Code     0  startup_stm32f446xx.o(.text)
    TIM8_TRG_COM_TIM14_IRQHandler            0x0800029f   Thumb Code     0  startup_stm32f446xx.o(.text)
    TIM8_UP_TIM13_IRQHandler                 0x0800029f   Thumb Code     0  startup_stm32f446xx.o(.text)
    UART4_IRQHandler                         0x0800029f   Thumb Code     0  startup_stm32f446xx.o(.text)
    UART5_IRQHandler                         0x0800029f   Thumb Code     0  startup_stm32f446xx.o(.text)
    USART1_IRQHandler                        0x0800029f   Thumb Code     0  startup_stm32f446xx.o(.text)
    USART3_IRQHandler                        0x0800029f   Thumb Code     0  startup_stm32f446xx.o(.text)
    USART6_IRQHandler                        0x0800029f   Thumb Code     0  startup_stm32f446xx.o(.text)
    WWDG_IRQHandler                          0x0800029f   Thumb Code     0  startup_stm32f446xx.o(.text)
    __user_initial_stackheap                 0x080002a1   Thumb Code     0  startup_stm32f446xx.o(.text)
    __2sprintf                               0x080002c5   Thumb Code    34  noretval__2sprintf.o(.text)
    _printf_pre_padding                      0x080002ed   Thumb Code    44  _printf_pad.o(.text)
    _printf_post_padding                     0x08000319   Thumb Code    34  _printf_pad.o(.text)
    _printf_int_dec                          0x0800033d   Thumb Code   104  _printf_dec.o(.text)
    __printf                                 0x080003b5   Thumb Code   270  __printf_wp.o(.text)
    __0sscanf                                0x080004c5   Thumb Code    52  __0sscanf.o(.text)
    _scanf_int                               0x08000501   Thumb Code   332  _scanf_int.o(.text)
    atoi                                     0x0800064d   Thumb Code    26  atoi.o(.text)
    strncpy                                  0x08000667   Thumb Code    86  strncpy.o(.text)
    __use_two_region_memory                  0x080006bd   Thumb Code     2  heapauxi.o(.text)
    __rt_heap_escrow$2region                 0x080006bf   Thumb Code     2  heapauxi.o(.text)
    __rt_heap_expand$2region                 0x080006c1   Thumb Code     2  heapauxi.o(.text)
    __aeabi_errno_addr                       0x080006c5   Thumb Code     8  rt_errno_addr_intlibspace.o(.text)
    __errno$intlibspace                      0x080006c5   Thumb Code     0  rt_errno_addr_intlibspace.o(.text)
    __rt_errno_addr$intlibspace              0x080006c5   Thumb Code     0  rt_errno_addr_intlibspace.o(.text)
    _printf_int_common                       0x080006cd   Thumb Code   178  _printf_intcommon.o(.text)
    _printf_char_common                      0x0800078b   Thumb Code    32  _printf_char_common.o(.text)
    _sputc                                   0x080007b1   Thumb Code    10  _sputc.o(.text)
    _chval                                   0x080007bb   Thumb Code    28  _chval.o(.text)
    __vfscanf_char                           0x080007e5   Thumb Code    24  scanf_char.o(.text)
    _sgetc                                   0x08000805   Thumb Code    30  _sgetc.o(.text)
    _sbackspace                              0x08000823   Thumb Code    34  _sgetc.o(.text)
    strtol                                   0x08000845   Thumb Code   112  strtol.o(.text)
    __aeabi_memclr                           0x080008b5   Thumb Code     0  rt_memclr.o(.text)
    __rt_memclr                              0x080008b5   Thumb Code    68  rt_memclr.o(.text)
    _memset                                  0x080008b9   Thumb Code     0  rt_memclr.o(.text)
    __user_libspace                          0x080008f9   Thumb Code     8  libspace.o(.text)
    __user_perproc_libspace                  0x080008f9   Thumb Code     0  libspace.o(.text)
    __user_perthread_libspace                0x080008f9   Thumb Code     0  libspace.o(.text)
    __rt_ctype_table                         0x08000901   Thumb Code    16  rt_ctype_table.o(.text)
    isspace                                  0x08000911   Thumb Code    18  isspace.o(.text)
    __vfscanf                                0x08000925   Thumb Code   878  _scanf.o(.text)
    _strtoul                                 0x08000c99   Thumb Code   158  _strtoul.o(.text)
    __aeabi_memclr4                          0x08000d37   Thumb Code     0  rt_memclr_w.o(.text)
    __aeabi_memclr8                          0x08000d37   Thumb Code     0  rt_memclr_w.o(.text)
    __rt_memclr_w                            0x08000d37   Thumb Code    78  rt_memclr_w.o(.text)
    _memset_w                                0x08000d3b   Thumb Code     0  rt_memclr_w.o(.text)
    __user_setup_stackheap                   0x08000d85   Thumb Code    74  sys_stackheap_outer.o(.text)
    __rt_locale                              0x08000dd1   Thumb Code     8  rt_locale_intlibspace.o(.text)
    exit                                     0x08000dd9   Thumb Code    18  exit.o(.text)
    strcmp                                   0x08000ded   Thumb Code   128  strcmpv7m.o(.text)
    _sys_exit                                0x08000e6d   Thumb Code     8  sys_exit.o(.text)
    __I$use$semihosting                      0x08000e79   Thumb Code     0  use_no_semi.o(.text)
    __use_no_semihosting_swi                 0x08000e79   Thumb Code     2  use_no_semi.o(.text)
    __semihosting_library_function           0x08000e7b   Thumb Code     0  indicate_semi.o(.text)
    ExecuteCmd                               0x08000e7d   Thumb Code   428  main.o(i.ExecuteCmd)
    Help_Display                             0x080010b9   Thumb Code    64  main.o(i.Help_Display)
    I2C_config                               0x08001225   Thumb Code   138  i2c.o(i.I2C_config)
    I2C_init                                 0x080012bd   Thumb Code    96  i2c.o(i.I2C_init)
    I2C_read                                 0x08001325   Thumb Code   372  i2c.o(i.I2C_read)
    I2C_write                                0x0800149d   Thumb Code   162  i2c.o(i.I2C_write)
    InitDAC                                  0x08001545   Thumb Code    26  dac.o(i.InitDAC)
    InitStepper                              0x08001569   Thumb Code    62  stepper.o(i.InitStepper)
    InitSysTick                              0x080015b1   Thumb Code    20  stepper.o(i.InitSysTick)
    InitTIM3_PWM                             0x080015c5   Thumb Code   310  tim3_pwm.o(i.InitTIM3_PWM)
    InitUSART2                               0x0800170d   Thumb Code   116  usart2.o(i.InitUSART2)
    SysTick_Handler                          0x08001795   Thumb Code    84  stepper.o(i.SysTick_Handler)
    SystemInit                               0x080017fd   Thumb Code    82  system_stm32f4xx.o(i.SystemInit)
    TIM3_RGB                                 0x08001861   Thumb Code   138  tim3_pwm.o(i.TIM3_RGB)
    TIM3_servo                               0x080018f1   Thumb Code    22  tim3_pwm.o(i.TIM3_servo)
    TIM3_zahlenbereich                       0x0800190d   Thumb Code    18  tim3_pwm.o(i.TIM3_zahlenbereich)
    USART2_IRQHandler                        0x08001921   Thumb Code    94  usart2.o(i.USART2_IRQHandler)
    WriteChar                                0x08001995   Thumb Code    22  usart2.o(i.WriteChar)
    WriteDAC                                 0x080019b1   Thumb Code     6  dac.o(i.WriteDAC)
    WriteString                              0x080019bd   Thumb Code    22  usart2.o(i.WriteString)
    _is_digit                                0x080019d3   Thumb Code    14  __printf_wp.o(i._is_digit)
    delay                                    0x080019e1   Thumb Code    12  main.o(i.delay)
    lcd_send_cmd                             0x080019ed   Thumb Code    58  lcd.o(i.lcd_send_cmd)
    lcd_send_data                            0x08001a27   Thumb Code    58  lcd.o(i.lcd_send_data)
    main                                     0x08001a61   Thumb Code   114  main.o(i.main)
    map                                      0x08001afd   Thumb Code    86  tim3_pwm.o(i.map)
    nextstep                                 0x08001b55   Thumb Code   112  stepper.o(i.nextstep)
    read_Temp                                0x08001bd5   Thumb Code   128  temperatur.o(i.read_Temp)
    set_TempRes                              0x08001c5d   Thumb Code    34  temperatur.o(i.set_TempRes)
    _get_lc_ctype                            0x08001c89   Thumb Code    44  lc_ctype_c.o(locale$$code)
    __aeabi_ddiv                             0x08001cb5   Thumb Code     0  ddiv.o(x$fpl$ddiv)
    _ddiv                                    0x08001cb5   Thumb Code   552  ddiv.o(x$fpl$ddiv)
    __aeabi_d2uiz                            0x08001f65   Thumb Code     0  dfixu.o(x$fpl$dfixu)
    _dfixu                                   0x08001f65   Thumb Code    90  dfixu.o(x$fpl$dfixu)
    __aeabi_i2d                              0x08001fbf   Thumb Code     0  dflt_clz.o(x$fpl$dflt)
    _dflt                                    0x08001fbf   Thumb Code    46  dflt_clz.o(x$fpl$dflt)
    __aeabi_ui2d                             0x08001fed   Thumb Code     0  dflt_clz.o(x$fpl$dfltu)
    _dfltu                                   0x08001fed   Thumb Code    38  dflt_clz.o(x$fpl$dfltu)
    __aeabi_dmul                             0x08002015   Thumb Code     0  dmul.o(x$fpl$dmul)
    _dmul                                    0x08002015   Thumb Code   332  dmul.o(x$fpl$dmul)
    __fpl_dnaninf                            0x08002169   Thumb Code   156  dnaninf.o(x$fpl$dnaninf)
    __fpl_dretinf                            0x08002205   Thumb Code    12  dretinf.o(x$fpl$dretinf)
    _fp_init                                 0x08002211   Thumb Code    10  fpinit.o(x$fpl$fpinit)
    __fplib_config_fpu_vfp                   0x08002219   Thumb Code     0  fpinit.o(x$fpl$fpinit)
    __fplib_config_pureend_doubles           0x08002219   Thumb Code     0  fpinit.o(x$fpl$fpinit)
    MCP9808                                  0x0800221a   Data           1  temperatur.o(.constdata)
    __I$use$fp                               0x0800221a   Number         0  usenofp.o(x$fpl$usenofp)
    REG_TEMP                                 0x0800221b   Data           1  temperatur.o(.constdata)
    REG_RES                                  0x0800221c   Data           1  temperatur.o(.constdata)
    RES_VAL                                  0x0800221d   Data           1  temperatur.o(.constdata)
    Region$$Table$$Base                      0x080022f0   Number         0  anon$$obj.o(Region$$Table)
    Region$$Table$$Limit                     0x08002310   Number         0  anon$$obj.o(Region$$Table)
    __ctype                                  0x0800231d   Data           0  lc_ctype_c.o(locale$$data)
    sinus                                    0x20000000   Data         128  main.o(.data)
    amp                                      0x20000080   Data           4  main.o(.data)
    freq                                     0x20000084   Data           4  main.o(.data)
    fahreanposflag                           0x20000094   Data           4  stepper.o(.data)
    fahreanposerreichtflag                   0x20000098   Data           4  stepper.o(.data)
    stepdir                                  0x2000009c   Data           4  stepper.o(.data)
    akt_pos                                  0x200000a0   Data           4  stepper.o(.data)
    ziel_pos                                 0x200000a4   Data           4  stepper.o(.data)
    stepmode                                 0x200000a8   Data           4  stepper.o(.data)
    step_pos                                 0x200000ac   Data          64  stepper.o(.data)
    cmdflag                                  0x200000f0   Data           4  usart2.o(.data)
    buf                                      0x200000f8   Data           3  temperatur.o(.data)
    SystemCoreClock                          0x200000fc   Data           4  system_stm32f4xx.o(.data)
    inputBuffer                              0x20000128   Data          64  usart2.o(.bss)
    __libspace_start                         0x20000168   Data          96  libspace.o(.bss)
    __temporary_stack_top$libspace           0x200001c8   Data           0  libspace.o(.bss)



==============================================================================

Memory Map of the image

  Image Entry point : 0x08000285

  Load Region LR_1 (Base: 0x08000000, Size: 0x00002520, Max: 0xffffffff, ABSOLUTE)

    Execution Region ER_RO (Exec base: 0x08000000, Load base: 0x08000000, Size: 0x00002420, Max: 0xffffffff, ABSOLUTE)

    Exec Addr    Load Addr    Size         Type   Attr      Idx    E Section Name        Object

    0x08000000   0x08000000   0x000001c4   Data   RO          441    RESET               startup_stm32f446xx.o
    0x080001c4   0x080001c4   0x00000008   Code   RO          528  * !!!main             c_w.l(__main.o)
    0x080001cc   0x080001cc   0x00000034   Code   RO          750    !!!scatter          c_w.l(__scatter.o)
    0x08000200   0x08000200   0x0000001a   Code   RO          752    !!handler_copy      c_w.l(__scatter_copy.o)
    0x0800021a   0x0800021a   0x00000002   PAD
    0x0800021c   0x0800021c   0x0000001c   Code   RO          754    !!handler_zi        c_w.l(__scatter_zi.o)
    0x08000238   0x08000238   0x00000000   Code   RO          517    .ARM.Collect$$_printf_percent$$00000000  c_w.l(_printf_percent.o)
    0x08000238   0x08000238   0x00000006   Code   RO          515    .ARM.Collect$$_printf_percent$$00000009  c_w.l(_printf_d.o)
    0x0800023e   0x0800023e   0x00000006   Code   RO          516    .ARM.Collect$$_printf_percent$$0000000A  c_w.l(_printf_u.o)
    0x08000244   0x08000244   0x00000004   Code   RO          558    .ARM.Collect$$_printf_percent$$00000017  c_w.l(_printf_percent_end.o)
    0x08000248   0x08000248   0x00000002   Code   RO          621    .ARM.Collect$$libinit$$00000000  c_w.l(libinit.o)
    0x0800024a   0x0800024a   0x00000004   Code   RO          626    .ARM.Collect$$libinit$$00000001  c_w.l(libinit2.o)
    0x0800024e   0x0800024e   0x00000000   Code   RO          629    .ARM.Collect$$libinit$$00000004  c_w.l(libinit2.o)
    0x0800024e   0x0800024e   0x00000000   Code   RO          632    .ARM.Collect$$libinit$$0000000A  c_w.l(libinit2.o)
    0x0800024e   0x0800024e   0x00000000   Code   RO          634    .ARM.Collect$$libinit$$0000000C  c_w.l(libinit2.o)
    0x0800024e   0x0800024e   0x00000000   Code   RO          636    .ARM.Collect$$libinit$$0000000E  c_w.l(libinit2.o)
    0x0800024e   0x0800024e   0x00000006   Code   RO          637    .ARM.Collect$$libinit$$0000000F  c_w.l(libinit2.o)
    0x08000254   0x08000254   0x00000000   Code   RO          639    .ARM.Collect$$libinit$$00000011  c_w.l(libinit2.o)
    0x08000254   0x08000254   0x0000000c   Code   RO          640    .ARM.Collect$$libinit$$00000012  c_w.l(libinit2.o)
    0x08000260   0x08000260   0x00000000   Code   RO          641    .ARM.Collect$$libinit$$00000013  c_w.l(libinit2.o)
    0x08000260   0x08000260   0x00000000   Code   RO          643    .ARM.Collect$$libinit$$00000015  c_w.l(libinit2.o)
    0x08000260   0x08000260   0x00000000   Code   RO          645    .ARM.Collect$$libinit$$00000017  c_w.l(libinit2.o)
    0x08000260   0x08000260   0x00000000   Code   RO          647    .ARM.Collect$$libinit$$00000019  c_w.l(libinit2.o)
    0x08000260   0x08000260   0x00000000   Code   RO          649    .ARM.Collect$$libinit$$0000001B  c_w.l(libinit2.o)
    0x08000260   0x08000260   0x00000000   Code   RO          651    .ARM.Collect$$libinit$$0000001D  c_w.l(libinit2.o)
    0x08000260   0x08000260   0x00000000   Code   RO          653    .ARM.Collect$$libinit$$0000001F  c_w.l(libinit2.o)
    0x08000260   0x08000260   0x00000000   Code   RO          655    .ARM.Collect$$libinit$$00000021  c_w.l(libinit2.o)
    0x08000260   0x08000260   0x00000000   Code   RO          657    .ARM.Collect$$libinit$$00000023  c_w.l(libinit2.o)
    0x08000260   0x08000260   0x00000000   Code   RO          659    .ARM.Collect$$libinit$$00000025  c_w.l(libinit2.o)
    0x08000260   0x08000260   0x00000000   Code   RO          663    .ARM.Collect$$libinit$$0000002C  c_w.l(libinit2.o)
    0x08000260   0x08000260   0x00000000   Code   RO          665    .ARM.Collect$$libinit$$0000002E  c_w.l(libinit2.o)
    0x08000260   0x08000260   0x00000000   Code   RO          667    .ARM.Collect$$libinit$$00000030  c_w.l(libinit2.o)
    0x08000260   0x08000260   0x00000000   Code   RO          669    .ARM.Collect$$libinit$$00000032  c_w.l(libinit2.o)
    0x08000260   0x08000260   0x00000002   Code   RO          670    .ARM.Collect$$libinit$$00000033  c_w.l(libinit2.o)
    0x08000262   0x08000262   0x00000002   Code   RO          690    .ARM.Collect$$libshutdown$$00000000  c_w.l(libshutdown.o)
    0x08000264   0x08000264   0x00000000   Code   RO          703    .ARM.Collect$$libshutdown$$00000002  c_w.l(libshutdown2.o)
    0x08000264   0x08000264   0x00000000   Code   RO          705    .ARM.Collect$$libshutdown$$00000004  c_w.l(libshutdown2.o)
    0x08000264   0x08000264   0x00000000   Code   RO          708    .ARM.Collect$$libshutdown$$00000007  c_w.l(libshutdown2.o)
    0x08000264   0x08000264   0x00000000   Code   RO          711    .ARM.Collect$$libshutdown$$0000000A  c_w.l(libshutdown2.o)
    0x08000264   0x08000264   0x00000000   Code   RO          713    .ARM.Collect$$libshutdown$$0000000C  c_w.l(libshutdown2.o)
    0x08000264   0x08000264   0x00000000   Code   RO          716    .ARM.Collect$$libshutdown$$0000000F  c_w.l(libshutdown2.o)
    0x08000264   0x08000264   0x00000002   Code   RO          717    .ARM.Collect$$libshutdown$$00000010  c_w.l(libshutdown2.o)
    0x08000266   0x08000266   0x00000000   Code   RO          546    .ARM.Collect$$rtentry$$00000000  c_w.l(__rtentry.o)
    0x08000266   0x08000266   0x00000000   Code   RO          578    .ARM.Collect$$rtentry$$00000002  c_w.l(__rtentry2.o)
    0x08000266   0x08000266   0x00000006   Code   RO          590    .ARM.Collect$$rtentry$$00000004  c_w.l(__rtentry4.o)
    0x0800026c   0x0800026c   0x00000000   Code   RO          580    .ARM.Collect$$rtentry$$00000009  c_w.l(__rtentry2.o)
    0x0800026c   0x0800026c   0x00000004   Code   RO          581    .ARM.Collect$$rtentry$$0000000A  c_w.l(__rtentry2.o)
    0x08000270   0x08000270   0x00000000   Code   RO          583    .ARM.Collect$$rtentry$$0000000C  c_w.l(__rtentry2.o)
    0x08000270   0x08000270   0x00000008   Code   RO          584    .ARM.Collect$$rtentry$$0000000D  c_w.l(__rtentry2.o)
    0x08000278   0x08000278   0x00000002   Code   RO          622    .ARM.Collect$$rtexit$$00000000  c_w.l(rtexit.o)
    0x0800027a   0x0800027a   0x00000000   Code   RO          672    .ARM.Collect$$rtexit$$00000002  c_w.l(rtexit2.o)
    0x0800027a   0x0800027a   0x00000004   Code   RO          673    .ARM.Collect$$rtexit$$00000003  c_w.l(rtexit2.o)
    0x0800027e   0x0800027e   0x00000006   Code   RO          674    .ARM.Collect$$rtexit$$00000004  c_w.l(rtexit2.o)
    0x08000284   0x08000284   0x00000040   Code   RO          442  * .text               startup_stm32f446xx.o
    0x080002c4   0x080002c4   0x00000028   Code   RO          487    .text               c_w.l(noretval__2sprintf.o)
    0x080002ec   0x080002ec   0x0000004e   Code   RO          491    .text               c_w.l(_printf_pad.o)
    0x0800033a   0x0800033a   0x00000002   PAD
    0x0800033c   0x0800033c   0x00000078   Code   RO          493    .text               c_w.l(_printf_dec.o)
    0x080003b4   0x080003b4   0x0000010e   Code   RO          503    .text               c_w.l(__printf_wp.o)
    0x080004c2   0x080004c2   0x00000002   PAD
    0x080004c4   0x080004c4   0x0000003c   Code   RO          518    .text               c_w.l(__0sscanf.o)
    0x08000500   0x08000500   0x0000014c   Code   RO          520    .text               c_w.l(_scanf_int.o)
    0x0800064c   0x0800064c   0x0000001a   Code   RO          522    .text               c_w.l(atoi.o)
    0x08000666   0x08000666   0x00000056   Code   RO          524    .text               c_w.l(strncpy.o)
    0x080006bc   0x080006bc   0x00000006   Code   RO          526    .text               c_w.l(heapauxi.o)
    0x080006c2   0x080006c2   0x00000002   PAD
    0x080006c4   0x080006c4   0x00000008   Code   RO          550    .text               c_w.l(rt_errno_addr_intlibspace.o)
    0x080006cc   0x080006cc   0x000000b2   Code   RO          552    .text               c_w.l(_printf_intcommon.o)
    0x0800077e   0x0800077e   0x00000002   PAD
    0x08000780   0x08000780   0x00000030   Code   RO          554    .text               c_w.l(_printf_char_common.o)
    0x080007b0   0x080007b0   0x0000000a   Code   RO          556    .text               c_w.l(_sputc.o)
    0x080007ba   0x080007ba   0x0000001c   Code   RO          559    .text               c_w.l(_chval.o)
    0x080007d6   0x080007d6   0x00000002   PAD
    0x080007d8   0x080007d8   0x0000002c   Code   RO          561    .text               c_w.l(scanf_char.o)
    0x08000804   0x08000804   0x00000040   Code   RO          563    .text               c_w.l(_sgetc.o)
    0x08000844   0x08000844   0x00000070   Code   RO          565    .text               c_w.l(strtol.o)
    0x080008b4   0x080008b4   0x00000044   Code   RO          567    .text               c_w.l(rt_memclr.o)
    0x080008f8   0x080008f8   0x00000008   Code   RO          574    .text               c_w.l(libspace.o)
    0x08000900   0x08000900   0x00000010   Code   RO          592    .text               c_w.l(rt_ctype_table.o)
    0x08000910   0x08000910   0x00000012   Code   RO          594    .text               c_w.l(isspace.o)
    0x08000922   0x08000922   0x00000002   PAD
    0x08000924   0x08000924   0x00000374   Code   RO          598    .text               c_w.l(_scanf.o)
    0x08000c98   0x08000c98   0x0000009e   Code   RO          600    .text               c_w.l(_strtoul.o)
    0x08000d36   0x08000d36   0x0000004e   Code   RO          602    .text               c_w.l(rt_memclr_w.o)
    0x08000d84   0x08000d84   0x0000004a   Code   RO          604    .text               c_w.l(sys_stackheap_outer.o)
    0x08000dce   0x08000dce   0x00000002   PAD
    0x08000dd0   0x08000dd0   0x00000008   Code   RO          609    .text               c_w.l(rt_locale_intlibspace.o)
    0x08000dd8   0x08000dd8   0x00000012   Code   RO          614    .text               c_w.l(exit.o)
    0x08000dea   0x08000dea   0x00000002   PAD
    0x08000dec   0x08000dec   0x00000080   Code   RO          624    .text               c_w.l(strcmpv7m.o)
    0x08000e6c   0x08000e6c   0x0000000c   Code   RO          682    .text               c_w.l(sys_exit.o)
    0x08000e78   0x08000e78   0x00000002   Code   RO          693    .text               c_w.l(use_no_semi.o)
    0x08000e7a   0x08000e7a   0x00000000   Code   RO          695    .text               c_w.l(indicate_semi.o)
    0x08000e7a   0x08000e7a   0x00000002   PAD
    0x08000e7c   0x08000e7c   0x0000023c   Code   RO           66    i.ExecuteCmd        main.o
    0x080010b8   0x080010b8   0x0000016c   Code   RO           67    i.Help_Display      main.o
    0x08001224   0x08001224   0x00000098   Code   RO          280    i.I2C_config        i2c.o
    0x080012bc   0x080012bc   0x00000068   Code   RO          281    i.I2C_init          i2c.o
    0x08001324   0x08001324   0x00000178   Code   RO          282    i.I2C_read          i2c.o
    0x0800149c   0x0800149c   0x000000a8   Code   RO          283    i.I2C_write         i2c.o
    0x08001544   0x08001544   0x00000024   Code   RO            4    i.InitDAC           dac.o
    0x08001568   0x08001568   0x00000048   Code   RO          129    i.InitStepper       stepper.o
    0x080015b0   0x080015b0   0x00000014   Code   RO          130    i.InitSysTick       stepper.o
    0x080015c4   0x080015c4   0x00000148   Code   RO          186    i.InitTIM3_PWM      tim3_pwm.o
    0x0800170c   0x0800170c   0x00000088   Code   RO          234    i.InitUSART2        usart2.o
    0x08001794   0x08001794   0x00000068   Code   RO          132    i.SysTick_Handler   stepper.o
    0x080017fc   0x080017fc   0x00000064   Code   RO          450    i.SystemInit        system_stm32f4xx.o
    0x08001860   0x08001860   0x00000090   Code   RO          187    i.TIM3_RGB          tim3_pwm.o
    0x080018f0   0x080018f0   0x0000001c   Code   RO          188    i.TIM3_servo        tim3_pwm.o
    0x0800190c   0x0800190c   0x00000012   Code   RO          189    i.TIM3_zahlenbereich  tim3_pwm.o
    0x0800191e   0x0800191e   0x00000002   PAD
    0x08001920   0x08001920   0x00000074   Code   RO          235    i.USART2_IRQHandler  usart2.o
    0x08001994   0x08001994   0x0000001c   Code   RO          236    i.WriteChar         usart2.o
    0x080019b0   0x080019b0   0x0000000c   Code   RO            5    i.WriteDAC          dac.o
    0x080019bc   0x080019bc   0x00000016   Code   RO          237    i.WriteString       usart2.o
    0x080019d2   0x080019d2   0x0000000e   Code   RO          505    i._is_digit         c_w.l(__printf_wp.o)
    0x080019e0   0x080019e0   0x0000000c   Code   RO           68    i.delay             main.o
    0x080019ec   0x080019ec   0x0000003a   Code   RO          345    i.lcd_send_cmd      lcd.o
    0x08001a26   0x08001a26   0x0000003a   Code   RO          346    i.lcd_send_data     lcd.o
    0x08001a60   0x08001a60   0x0000009c   Code   RO           69    i.main              main.o
    0x08001afc   0x08001afc   0x00000056   Code   RO          190    i.map               tim3_pwm.o
    0x08001b52   0x08001b52   0x00000002   PAD
    0x08001b54   0x08001b54   0x00000080   Code   RO          133    i.nextstep          stepper.o
    0x08001bd4   0x08001bd4   0x00000088   Code   RO          319    i.read_Temp         temperatur.o
    0x08001c5c   0x08001c5c   0x0000002c   Code   RO          320    i.set_TempRes       temperatur.o
    0x08001c88   0x08001c88   0x0000002c   Code   RO          612    locale$$code        c_w.l(lc_ctype_c.o)
    0x08001cb4   0x08001cb4   0x000002b0   Code   RO          531    x$fpl$ddiv          fz_wm.l(ddiv.o)
    0x08001f64   0x08001f64   0x0000005a   Code   RO          534    x$fpl$dfixu         fz_wm.l(dfixu.o)
    0x08001fbe   0x08001fbe   0x0000002e   Code   RO          539    x$fpl$dflt          fz_wm.l(dflt_clz.o)
    0x08001fec   0x08001fec   0x00000026   Code   RO          538    x$fpl$dfltu         fz_wm.l(dflt_clz.o)
    0x08002012   0x08002012   0x00000002   PAD
    0x08002014   0x08002014   0x00000154   Code   RO          544    x$fpl$dmul          fz_wm.l(dmul.o)
    0x08002168   0x08002168   0x0000009c   Code   RO          569    x$fpl$dnaninf       fz_wm.l(dnaninf.o)
    0x08002204   0x08002204   0x0000000c   Code   RO          571    x$fpl$dretinf       fz_wm.l(dretinf.o)
    0x08002210   0x08002210   0x0000000a   Code   RO          680    x$fpl$fpinit        fz_wm.l(fpinit.o)
    0x0800221a   0x0800221a   0x00000000   Code   RO          573    x$fpl$usenofp       fz_wm.l(usenofp.o)
    0x0800221a   0x0800221a   0x00000004   Data   RO          321    .constdata          temperatur.o
    0x0800221e   0x0800221e   0x00000002   PAD
    0x08002220   0x08002220   0x000000d0   Data   RO           71    .conststring        main.o
    0x080022f0   0x080022f0   0x00000020   Data   RO          748    Region$$Table       anon$$obj.o
    0x08002310   0x08002310   0x00000110   Data   RO          611    locale$$data        c_w.l(lc_ctype_c.o)


    Execution Region ER_RW (Exec base: 0x20000000, Load base: 0x08002420, Size: 0x00000100, Max: 0xffffffff, ABSOLUTE)

    Exec Addr    Load Addr    Size         Type   Attr      Idx    E Section Name        Object

    0x20000000   0x08002420   0x00000094   Data   RW           72    .data               main.o
    0x20000094   0x080024b4   0x0000005c   Data   RW          134    .data               stepper.o
    0x200000f0   0x08002510   0x00000008   Data   RW          239    .data               usart2.o
    0x200000f8   0x08002518   0x00000003   Data   RW          322    .data               temperatur.o
    0x200000fb   0x0800251b   0x00000001   PAD
    0x200000fc   0x0800251c   0x00000004   Data   RW          452    .data               system_stm32f4xx.o


    Execution Region ER_ZI (Exec base: 0x20000100, Load base: 0x08002520, Size: 0x000006c8, Max: 0xffffffff, ABSOLUTE)

    Exec Addr    Load Addr    Size         Type   Attr      Idx    E Section Name        Object

    0x20000100        -       0x00000028   Zero   RW           70    .bss                main.o
    0x20000128        -       0x00000040   Zero   RW          238    .bss                usart2.o
    0x20000168        -       0x00000060   Zero   RW          575    .bss                c_w.l(libspace.o)
    0x200001c8        -       0x00000200   Zero   RW          440    HEAP                startup_stm32f446xx.o
    0x200003c8        -       0x00000400   Zero   RW          439    STACK               startup_stm32f446xx.o


==============================================================================

Image component sizes


      Code (inc. data)   RO Data    RW Data    ZI Data      Debug   Object Name

        48         16          0          0          0       5489   dac.o
       800         32          0          0          0       2931   i2c.o
       116          0          0          0          0       1275   lcd.o
      1104        486        208        148         40       3540   main.o
        64         26        452          0       1536        904   startup_stm32f446xx.o
       324         46          0         92          0       3432   stepper.o
       100         18          0          4          0       1619   system_stm32f4xx.o
       180         18          4          3          0       2205   temperatur.o
       604         30          0          0          0       3146   tim3_pwm.o
       302         48          0          8         64       3025   usart2.o

    ----------------------------------------------------------------------
      3646        720        698        256       1640      27566   Object Totals
         0          0         32          0          0          0   (incl. Generated)
         4          0          2          1          0          0   (incl. Padding)

    ----------------------------------------------------------------------

      Code (inc. data)   RO Data    RW Data    ZI Data      Debug   Library Member Name

        60          8          0          0          0         84   __0sscanf.o
         8          0          0          0          0         68   __main.o
       284          0          0          0          0        156   __printf_wp.o
         0          0          0          0          0          0   __rtentry.o
        12          0          0          0          0          0   __rtentry2.o
         6          0          0          0          0          0   __rtentry4.o
        52          8          0          0          0          0   __scatter.o
        26          0          0          0          0          0   __scatter_copy.o
        28          0          0          0          0          0   __scatter_zi.o
        28          0          0          0          0         68   _chval.o
        48          6          0          0          0         96   _printf_char_common.o
         6          0          0          0          0          0   _printf_d.o
       120         16          0          0          0         92   _printf_dec.o
       178          0          0          0          0         88   _printf_intcommon.o
        78          0          0          0          0        108   _printf_pad.o
         0          0          0          0          0          0   _printf_percent.o
         4          0          0          0          0          0   _printf_percent_end.o
         6          0          0          0          0          0   _printf_u.o
       884          6          0          0          0        100   _scanf.o
       332          0          0          0          0         96   _scanf_int.o
        64          0          0          0          0         84   _sgetc.o
        10          0          0          0          0         68   _sputc.o
       158          0          0          0          0         92   _strtoul.o
        26          0          0          0          0         80   atoi.o
        18          0          0          0          0         80   exit.o
         6          0          0          0          0        152   heapauxi.o
         0          0          0          0          0          0   indicate_semi.o
        18          0          0          0          0         76   isspace.o
        44         10        272          0          0         76   lc_ctype_c.o
         2          0          0          0          0          0   libinit.o
        24          0          0          0          0          0   libinit2.o
         2          0          0          0          0          0   libshutdown.o
         2          0          0          0          0          0   libshutdown2.o
         8          4          0          0         96         68   libspace.o
        40          6          0          0          0         84   noretval__2sprintf.o
        16          4          0          0          0         76   rt_ctype_table.o
         8          4          0          0          0         68   rt_errno_addr_intlibspace.o
         8          4          0          0          0         68   rt_locale_intlibspace.o
        68          0          0          0          0         68   rt_memclr.o
        78          0          0          0          0         80   rt_memclr_w.o
         2          0          0          0          0          0   rtexit.o
        10          0          0          0          0          0   rtexit2.o
        44          8          0          0          0         84   scanf_char.o
       128          0          0          0          0         68   strcmpv7m.o
        86          0          0          0          0         76   strncpy.o
       112          0          0          0          0         88   strtol.o
        12          4          0          0          0         68   sys_exit.o
        74          0          0          0          0         80   sys_stackheap_outer.o
         2          0          0          0          0         68   use_no_semi.o
       688        140          0          0          0        256   ddiv.o
        90          4          0          0          0        140   dfixu.o
        84          0          0          0          0        232   dflt_clz.o
       340         12          0          0          0        152   dmul.o
       156          4          0          0          0        140   dnaninf.o
        12          0          0          0          0        116   dretinf.o
        10          0          0          0          0        116   fpinit.o
         0          0          0          0          0          0   usenofp.o

    ----------------------------------------------------------------------
      4632        248        272          0         96       3860   Library Totals
        22          0          0          0          0          0   (incl. Padding)

    ----------------------------------------------------------------------

      Code (inc. data)   RO Data    RW Data    ZI Data      Debug   Library Name

      3230         88        272          0         96       2708   c_w.l
      1380        160          0          0          0       1152   fz_wm.l

    ----------------------------------------------------------------------
      4632        248        272          0         96       3860   Library Totals

    ----------------------------------------------------------------------

==============================================================================


      Code (inc. data)   RO Data    RW Data    ZI Data      Debug   

      8278        968        970        256       1736      26818   Grand Totals
      8278        968        970        256       1736      26818   ELF Image Totals
      8278        968        970        256          0          0   ROM Totals

==============================================================================

    Total RO  Size (Code + RO Data)                 9248 (   9.03kB)
    Total RW  Size (RW Data + ZI Data)              1992 (   1.95kB)
    Total ROM Size (Code + RO Data + RW Data)       9504 (   9.28kB)

==============================================================================

