<!doctype html public "-//w3c//dtd html 4.0 transitional//en">
<html><head>
<title>Static Call Graph - [.\obj\MCTPraktikum.axf]</title></head>
<body><HR>
<H1>Static Call Graph for image .\obj\MCTPraktikum.axf</H1><HR>
<BR><P>#&#060CALLGRAPH&#062# ARM Linker, 5060750: Last Updated: Wed Mar 17 12:54:17 2021
<BR><P>
<H3>Maximum Stack Usage =          0 bytes + Unknown(Cycles, Untraceable Function Pointers)</H3><H3>
Call chain for Maximum Stack Depth:</H3>

<P>
<H3>
Mutually Recursive functions
</H3> <LI><a href="#[2]">HardFault_Handler</a>&nbsp;&nbsp;&nbsp;&rArr;&nbsp;&nbsp;&nbsp;<a href="#[2]">HardFault_Handler</a><BR>
</UL>
<P>
<H3>
Function Pointers
</H3><UL>
 <LI><a href="#[2]">HardFault_Handler</a> from stm32init.o(handler) referenced from stm32init.o(RESET)
 <LI><a href="#[1]">NMI_Handler</a> from stm32init.o(handler) referenced from stm32init.o(RESET)
 <LI><a href="#[5]">Reset_Handler</a> from stm32init.o(init) referenced from stm32init.o(RESET)
 <LI><a href="#[3]">SVC_Handler</a> from stm32init.o(handler) referenced from stm32init.o(RESET)
 <LI><a href="#[4]">SysTick_Handler</a> from stm32init.o(handler) referenced from stm32init.o(RESET)
</UL>
<P>
<H3>
Global Symbols
</H3>
<P><STRONG><a name="[5]"></a>Reset_Handler</STRONG> (Thumb, 4 bytes, Stack size 0 bytes, stm32init.o(init))

<P><STRONG><a name="[6]"></a>Start</STRONG> (Thumb, 124 bytes, Stack size 0 bytes, main.o(myCode), UNUSED)
<P>
<H3>
Local Symbols
</H3>
<P><STRONG><a name="[2]"></a>HardFault_Handler</STRONG> (Thumb, 0 bytes, Stack size 0 bytes, stm32init.o(handler))
<BR><BR>[Calls]<UL><LI><a href="#[2]">&gt;&gt;</a>&nbsp;&nbsp;&nbsp;HardFault_Handler
</UL>
<BR>[Called By]<UL><LI><a href="#[2]">&gt;&gt;</a>&nbsp;&nbsp;&nbsp;HardFault_Handler
</UL>
<BR>[Address Reference Count : 1]<UL><LI> stm32init.o(RESET)
</UL>
<P><STRONG><a name="[1]"></a>NMI_Handler</STRONG> (Thumb, 0 bytes, Stack size 0 bytes, stm32init.o(handler))
<BR>[Address Reference Count : 1]<UL><LI> stm32init.o(RESET)
</UL>
<P><STRONG><a name="[3]"></a>SVC_Handler</STRONG> (Thumb, 0 bytes, Stack size 0 bytes, stm32init.o(handler))
<BR>[Address Reference Count : 1]<UL><LI> stm32init.o(RESET)
</UL>
<P><STRONG><a name="[4]"></a>SysTick_Handler</STRONG> (Thumb, 0 bytes, Stack size 0 bytes, stm32init.o(handler))
<BR>[Address Reference Count : 1]<UL><LI> stm32init.o(RESET)
</UL><P>
<H3>
Undefined Global Symbols
</H3><HR></body></html>
