Component: ARM Compiler 5.06 update 6 (build 750) Tool: armlink [4d35ed]

==============================================================================

Section Cross References

    stm32init.o(init) refers to main.o(myCode) for Start
    stm32init.o(RESET) refers to stm32init.o(stack) for __initial_sp
    stm32init.o(RESET) refers to stm32init.o(init) for Reset_Handler
    stm32init.o(RESET) refers to stm32init.o(handler) for NMI_Handler


==============================================================================

Image Symbol Table

    Local Symbols

    Symbol Name                              Value     Ov Type        Size  Object(Section)

    STM32Init.s                              0x00000000   Number         0  stm32init.o ABSOLUTE
    main.s                                   0x00000000   Number         0  main.o ABSOLUTE
    RESET                                    0x08000000   Section       64  stm32init.o(RESET)
    handler                                  0x08000040   Section        2  stm32init.o(handler)
    $v0                                      0x08000040   Number         0  stm32init.o(handler)
    HardFault_Handler                        0x08000041   Thumb Code     0  stm32init.o(handler)
    NMI_Handler                              0x08000041   Thumb Code     0  stm32init.o(handler)
    SVC_Handler                              0x08000041   Thumb Code     0  stm32init.o(handler)
    SysTick_Handler                          0x08000041   Thumb Code     0  stm32init.o(handler)
    init                                     0x08000044   Section        4  stm32init.o(init)
    $v0                                      0x08000044   Number         0  stm32init.o(init)
    myCode                                   0x08000048   Section      140  main.o(myCode)
    $v0                                      0x08000048   Number         0  main.o(myCode)
    WZ                                       0x080000b4   Data          16  main.o(myCode)
    stack                                    0x20000000   Section     1024  stm32init.o(stack)
    __initial_sp                             0x20000400   Data           0  stm32init.o(stack)

    Global Symbols

    Symbol Name                              Value     Ov Type        Size  Object(Section)

    BuildAttributes$$THM_ISAv4$E$P$D$K$B$S$7EM$VFPi3$EXTD16$VFPS$VFMA$PE$A:L22UL41UL21$X:L11$S22US41US21$IEEE1$IW$USESV6$~STKCKD$USESV7$~SHL$OSPACE$EBA8$STANDARDLIB$PRES8$EABIv2 0x00000000   Number         0  anon$$obj.o ABSOLUTE
    __Vectors                                0x08000000   Data           4  stm32init.o(RESET)
    Reset_Handler                            0x08000045   Thumb Code     4  stm32init.o(init)
    Start                                    0x08000049   Thumb Code   124  main.o(myCode)
    Stack                                    0x20000000   Data        1024  stm32init.o(stack)



==============================================================================

Memory Map of the image

  Image Entry point : 0x08000045

  Load Region LR_1 (Base: 0x08000000, Size: 0x000000d4, Max: 0xffffffff, ABSOLUTE)

    Execution Region ER_RO (Exec base: 0x08000000, Load base: 0x08000000, Size: 0x000000d4, Max: 0xffffffff, ABSOLUTE)

    Exec Addr    Load Addr    Size         Type   Attr      Idx    E Section Name        Object

    0x08000000   0x08000000   0x00000040   Data   RO            3    RESET               stm32init.o
    0x08000040   0x08000040   0x00000002   Code   RO            4    handler             stm32init.o
    0x08000042   0x08000042   0x00000002   PAD
    0x08000044   0x08000044   0x00000004   Code   RO            1  * init                stm32init.o
    0x08000048   0x08000048   0x0000008c   Code   RO           13    myCode              main.o


    Execution Region ER_RW (Exec base: 0x20000000, Load base: 0x080000d4, Size: 0x00000000, Max: 0xffffffff, ABSOLUTE)

    **** No section assigned to this execution region ****


    Execution Region ER_ZI (Exec base: 0x20000000, Load base: 0x080000d4, Size: 0x00000400, Max: 0xffffffff, ABSOLUTE)

    Exec Addr    Load Addr    Size         Type   Attr      Idx    E Section Name        Object

    0x20000000        -       0x00000400   Zero   RW            2    stack               stm32init.o


==============================================================================

Image component sizes


      Code (inc. data)   RO Data    RW Data    ZI Data      Debug   Object Name

       140         34          0          0          0        448   main.o
         6          0         64          0       1024        884   stm32init.o

    ----------------------------------------------------------------------
       148         34         64          0       1024       1332   Object Totals
         0          0          0          0          0          0   (incl. Generated)
         2          0          0          0          0          0   (incl. Padding)

    ----------------------------------------------------------------------
         0          0          0          0          0          0   Library Totals
         0          0          0          0          0          0   (incl. Padding)

    ----------------------------------------------------------------------

==============================================================================


      Code (inc. data)   RO Data    RW Data    ZI Data      Debug   

       148         34         64          0       1024       1132   Grand Totals
       148         34         64          0       1024       1132   ELF Image Totals
       148         34         64          0          0          0   ROM Totals

==============================================================================

    Total RO  Size (Code + RO Data)                  212 (   0.21kB)
    Total RW  Size (RW Data + ZI Data)              1024 (   1.00kB)
    Total ROM Size (Code + RO Data + RW Data)        212 (   0.21kB)

==============================================================================

