<html>
<body>
<pre>
<h1>µVision Build Log</h1>
<h2>Tool Versions:</h2>
IDE-Version: µVision V5.29.0.0
Copyright (C) 2019 ARM Ltd and ARM Germany GmbH. All rights reserved.
License Information: Christian Schmid , HS Augsburg, LIC=----
 
Tool Versions:
Toolchain:       MDK-Lite  Version: 5.29.0.0
Toolchain Path:  C:\Keil_v5\ARM\ARMCC\Bin
C Compiler:      Armcc.exe V5.06 update 6 (build 750)
Assembler:       Armasm.exe V5.06 update 6 (build 750)
Linker/Locator:  ArmLink.exe V5.06 update 6 (build 750)
Library Manager: ArmAr.exe V5.06 update 6 (build 750)
Hex Converter:   FromElf.exe V5.06 update 6 (build 750)
CPU DLL:         SARMCM3.DLL V5.29.0.0
Dialog DLL:      DCM.DLL V1.17.3.0
Target DLL:      STLink\ST-LINKIII-KEIL_SWO.dll V3.0.6.0
Dialog DLL:      TCM.DLL V1.36.5.0
 
<h2>Project:</h2>
G:\Onedrive\Dokumente\Studium\6. Semester\Mikrocomputertechnik\Versuch 3\V3.1_PWM_Stepper\V3.1_PWM_Stepper\V3.1_PWM_Stepper.uvprojx
Project File Date:  04/02/2021

<h2>Output:</h2>
*** Using Compiler 'V5.06 update 6 (build 750)', folder: 'C:\Keil_v5\ARM\ARMCC\Bin'
Rebuild target 'Target 1'
assembling startup_stm32f446xx.s...
compiling USART2.c...
compiling Stepper.c...
Stepper.c(15): warning:  #177-D: variable "index"  was declared but never referenced
  static int index;
Stepper.c: 1 warning, 0 errors
compiling system_stm32f4xx.c...
compiling main.c...
main.c(30): warning:  #177-D: variable "puls"  was declared but never referenced
  	int puls;						// Position Servo
main.c(31): warning:  #177-D: variable "r"  was declared but never referenced
  	int r,g,b;					// Werte für RGB-LED
main.c(31): warning:  #177-D: variable "g"  was declared but never referenced
  	int r,g,b;					// Werte für RGB-LED
main.c(31): warning:  #177-D: variable "b"  was declared but never referenced
  	int r,g,b;					// Werte für RGB-LED
main.c(32): warning:  #177-D: variable "led"  was declared but never referenced
  	char led;						// Wert für einzelne RGB-LED			
main.c: 5 warnings, 0 errors
compiling TIM3_PWM.c...
TIM3_PWM.c(93): warning:  #167-D: argument of type "uint16_t *" is incompatible with parameter of type "unsigned int *"
  			map(&red, 255, 0, 2000, 0);
TIM3_PWM.c(94): warning:  #167-D: argument of type "uint16_t *" is incompatible with parameter of type "unsigned int *"
  		map(&green, 255, 0, 2000, 0);
TIM3_PWM.c(95): warning:  #167-D: argument of type "uint16_t *" is incompatible with parameter of type "unsigned int *"
  		map(&blue, 255, 0, 2000, 0);
TIM3_PWM.c: 3 warnings, 0 errors
compiling DAC.c...
linking...
Program Size: Code=7036 RO-data=964 RW-data=256 ZI-data=1720  
".\Objects\MCTPraktikum.axf" - 0 Error(s), 9 Warning(s).

<h2>Software Packages used:</h2>

Package Vendor: ARM
                http://www.keil.com/pack/ARM.CMSIS.5.6.0.pack
                ARM.CMSIS.5.6.0
                CMSIS (Cortex Microcontroller Software Interface Standard)
   * Component: CORE Version: 5.3.0

Package Vendor: Keil
                http://www.keil.com/pack/Keil.STM32F4xx_DFP.2.14.0.pack
                Keil.STM32F4xx_DFP.2.14.0
                STMicroelectronics STM32F4 Series Device Support, Drivers and Examples
   * Component: Startup Version: 2.6.3

<h2>Collection of Component include folders:</h2>
  .\RTE\_Target_1
  C:\Users\Christian\AppData\Local\Arm\Packs\ARM\CMSIS\5.6.0\CMSIS\Core\Include
  C:\Users\Christian\AppData\Local\Arm\Packs\Keil\STM32F4xx_DFP\2.14.0\Drivers\CMSIS\Device\ST\STM32F4xx\Include

<h2>Collection of Component Files used:</h2>

   * Component: ARM::CMSIS:CORE:5.3.0

   * Component: Keil::Device:Startup:2.6.3
      Source file:   MDK\Device\Source\ARM\STM32F446xx_OPT.s
      Source file:   MDK\Device\Source\ARM\STM32F4xx_OTP.s
      Include file:  Drivers\CMSIS\Device\ST\STM32F4xx\Include\stm32f4xx.h
      Source file:   Drivers\CMSIS\Device\ST\STM32F4xx\Source\Templates\arm\startup_stm32f446xx.s
      Source file:   Drivers\CMSIS\Device\ST\STM32F4xx\Source\Templates\system_stm32f4xx.c
Build Time Elapsed:  00:00:02
</pre>
</body>
</html>
