<html>
<body>
<pre>
<h1>µVision Build Log</h1>
<h2>Tool Versions:</h2>
IDE-Version: µVision V5.29.0.0
Copyright (C) 2019 ARM Ltd and ARM Germany GmbH. All rights reserved.
License Information: Christian Schmid , HS Augsburg, LIC=----
 
Tool Versions:
Toolchain:       MDK-Lite  Version: 5.29.0.0
Toolchain Path:  C:\Keil_v5\ARM\ARMCC\Bin
C Compiler:      Armcc.exe V5.06 update 6 (build 750)
Assembler:       Armasm.exe V5.06 update 6 (build 750)
Linker/Locator:  ArmLink.exe V5.06 update 6 (build 750)
Library Manager: ArmAr.exe V5.06 update 6 (build 750)
Hex Converter:   FromElf.exe V5.06 update 6 (build 750)
CPU DLL:         SARMCM3.DLL V5.29.0.0
Dialog DLL:      DCM.DLL V1.17.3.0
Target DLL:      STLink\ST-LINKIII-KEIL_SWO.dll V3.0.6.0
Dialog DLL:      TCM.DLL V1.36.5.0
 
<h2>Project:</h2>
C:\Users\Christian\Desktop\i2c_test\MDK-ARM\i2c_test.uvprojx
Project File Date:  04/28/2021

<h2>Output:</h2>
*** Using Compiler 'V5.06 update 6 (build 750)', folder: 'C:\Keil_v5\ARM\ARMCC\Bin'
Rebuild target 'i2c_test'
assembling startup_stm32f446xx.s...
compiling stm32f4xx_hal_i2c_ex.c...
compiling stm32f4xx_it.c...
compiling stm32f4xx_hal_msp.c...
compiling main.c...
../Core/Src/main.c(119): warning:  #177-D: variable "temp_c"  was declared but never referenced
  	uint16_t temp_c;
../Core/Src/main.c(120): warning:  #177-D: variable "upper"  was declared but never referenced
  	uint16_t upper;
../Core/Src/main.c(121): warning:  #177-D: variable "lower"  was declared but never referenced
  	uint16_t lower;
../Core/Src/main.c(79): warning:  #177-D: variable "ret"  was declared but never referenced
  	HAL_StatusTypeDef ret;
../Core/Src/main.c(80): warning:  #177-D: variable "buf"  was declared but never referenced
  	uint8_t buf[12];
../Core/Src/main.c: 5 warnings, 0 errors
compiling stm32f4xx_hal_rcc.c...
compiling stm32f4xx_hal_i2c.c...
compiling stm32f4xx_hal_rcc_ex.c...
compiling stm32f4xx_hal_flash_ramfunc.c...
compiling stm32f4xx_hal_gpio.c...
compiling stm32f4xx_hal_flash_ex.c...
compiling stm32f4xx_hal_dma.c...
compiling stm32f4xx_hal_flash.c...
compiling stm32f4xx_hal_pwr.c...
compiling stm32f4xx_hal_dma_ex.c...
compiling stm32f4xx_hal_tim_ex.c...
compiling stm32f4xx_hal_cortex.c...
compiling stm32f4xx_hal.c...
compiling stm32f4xx_hal_exti.c...
compiling stm32f4xx_hal_tim.c...
compiling stm32f4xx_hal_pwr_ex.c...
compiling stm32f4xx_hal_uart.c...
compiling system_stm32f4xx.c...
linking...
Program Size: Code=5472 RO-data=508 RW-data=16 ZI-data=1176  
FromELF: creating hex file...
"i2c_test\i2c_test.axf" - 0 Error(s), 5 Warning(s).

<h2>Software Packages used:</h2>

Package Vendor: ARM
                http://www.keil.com/pack/ARM.CMSIS.5.6.0.pack
                ARM.CMSIS.5.6.0
                CMSIS (Cortex Microcontroller Software Interface Standard)
   * Component: CORE Version: 5.3.0

Package Vendor: Keil
                http://www.keil.com/pack/Keil.STM32F4xx_DFP.2.14.0.pack
                Keil.STM32F4xx_DFP.2.14.0
                STMicroelectronics STM32F4 Series Device Support, Drivers and Examples

<h2>Collection of Component include folders:</h2>
  .\RTE\_i2c_test
  C:\Users\Christian\AppData\Local\Arm\Packs\ARM\CMSIS\5.6.0\CMSIS\Core\Include
  C:\Users\Christian\AppData\Local\Arm\Packs\Keil\STM32F4xx_DFP\2.14.0\Drivers\CMSIS\Device\ST\STM32F4xx\Include

<h2>Collection of Component Files used:</h2>

   * Component: ARM::CMSIS:CORE:5.3.0
Build Time Elapsed:  00:00:37
</pre>
</body>
</html>
