<html>
<body>
<pre>
<h1>µVision Build Log</h1>
<h2>Tool Versions:</h2>
IDE-Version: µVision V5.29.0.0
Copyright (C) 2019 ARM Ltd and ARM Germany GmbH. All rights reserved.
License Information: Christian Schmid , HS Augsburg, LIC=----
 
Tool Versions:
Toolchain:       MDK-Lite  Version: 5.29.0.0
Toolchain Path:  C:\Keil_v5\ARM\ARMCC\Bin
C Compiler:      Armcc.exe V5.06 update 6 (build 750)
Assembler:       Armasm.exe V5.06 update 6 (build 750)
Linker/Locator:  ArmLink.exe V5.06 update 6 (build 750)
Library Manager: ArmAr.exe V5.06 update 6 (build 750)
Hex Converter:   FromElf.exe V5.06 update 6 (build 750)
CPU DLL:         SARMCM3.DLL V5.29.0.0
Dialog DLL:      DCM.DLL V1.17.3.0
Target DLL:      STLink\ST-LINKIII-KEIL_SWO.dll V3.0.6.0
Dialog DLL:      TCM.DLL V1.36.5.0
 
<h2>Project:</h2>
G:\Onedrive\Dokumente\Studium\6. Semester\Mikrocomputertechnik\Versuch 2\V2.1_USART\V2.3\V2.1_USART.uvprojx
Project File Date:  03/24/2021

<h2>Output:</h2>
*** Using Compiler 'V5.06 update 6 (build 750)', folder: 'C:\Keil_v5\ARM\ARMCC\Bin'
Rebuild target 'Target 1'
assembling startup_stm32f446xx.s...
compiling main.c...
USART2.h(4): warning:  #1295-D: Deprecated declaration readChar - give arg types
  char readChar();
main.c(34): warning:  #185-D: dynamic initialization in unreachable code
  	uint16_t soundvals[] = {198,	317,	437,	556,	675,	795,	914,	1033,	1153,	1272,	1391,	1511,	1630,	1749,	1869,	1988,	2107,	2226,	2346,	2465,	2584,	2704,	2823,	2942,	3062,	3181,	3300,	3420,	3539,	3658,	3778,	3897};
main.c(34): warning:  #177-D: variable "soundvals"  was declared but never referenced
  	uint16_t soundvals[] = {198,	317,	437,	556,	675,	795,	914,	1033,	1153,	1272,	1391,	1511,	1630,	1749,	1869,	1988,	2107,	2226,	2346,	2465,	2584,	2704,	2823,	2942,	3062,	3181,	3300,	3420,	3539,	3658,	3778,	3897};
main.c: 3 warnings, 0 errors
compiling system_stm32f4xx.c...
compiling USART2.c...
compiling DAC.c...
linking...
Program Size: Code=816 RO-data=484 RW-data=4 ZI-data=1636  
".\Objects\MCTPraktikum.axf" - 0 Error(s), 3 Warning(s).

<h2>Software Packages used:</h2>

Package Vendor: ARM
                http://www.keil.com/pack/ARM.CMSIS.5.6.0.pack
                ARM.CMSIS.5.6.0
                CMSIS (Cortex Microcontroller Software Interface Standard)
   * Component: CORE Version: 5.3.0

Package Vendor: Keil
                http://www.keil.com/pack/Keil.STM32F4xx_DFP.2.14.0.pack
                Keil.STM32F4xx_DFP.2.14.0
                STMicroelectronics STM32F4 Series Device Support, Drivers and Examples
   * Component: Startup Version: 2.6.3

<h2>Collection of Component include folders:</h2>
  .\RTE\_Target_1
  C:\Users\Christian\AppData\Local\Arm\Packs\ARM\CMSIS\5.6.0\CMSIS\Core\Include
  C:\Users\Christian\AppData\Local\Arm\Packs\Keil\STM32F4xx_DFP\2.14.0\Drivers\CMSIS\Device\ST\STM32F4xx\Include

<h2>Collection of Component Files used:</h2>

   * Component: ARM::CMSIS:CORE:5.3.0

   * Component: Keil::Device:Startup:2.6.3
      Source file:   MDK\Device\Source\ARM\STM32F4xx_OTP.s
      Include file:  Drivers\CMSIS\Device\ST\STM32F4xx\Include\stm32f4xx.h
      Source file:   MDK\Device\Source\ARM\STM32F446xx_OPT.s
      Source file:   Drivers\CMSIS\Device\ST\STM32F4xx\Source\Templates\arm\startup_stm32f446xx.s
      Source file:   Drivers\CMSIS\Device\ST\STM32F4xx\Source\Templates\system_stm32f4xx.c
Build Time Elapsed:  00:00:02
</pre>
</body>
</html>
