<html>
<body>
<pre>
<h1>µVision Build Log</h1>
<h2>Tool Versions:</h2>
IDE-Version: µVision V5.29.0.0
Copyright (C) 2019 ARM Ltd and ARM Germany GmbH. All rights reserved.
License Information: Christian Schmid , HS Augsburg, LIC=----
 
Tool Versions:
Toolchain:       MDK-Lite  Version: 5.29.0.0
Toolchain Path:  C:\Keil_v5\ARM\ARMCC\Bin
C Compiler:      Armcc.exe V5.06 update 6 (build 750)
Assembler:       Armasm.exe V5.06 update 6 (build 750)
Linker/Locator:  ArmLink.exe V5.06 update 6 (build 750)
Library Manager: ArmAr.exe V5.06 update 6 (build 750)
Hex Converter:   FromElf.exe V5.06 update 6 (build 750)
CPU DLL:         SARMCM3.DLL V5.29.0.0
Dialog DLL:      DCM.DLL V1.17.3.0
Target DLL:      STLink\ST-LINKIII-KEIL_SWO.dll V3.0.6.0
Dialog DLL:      TCM.DLL V1.36.5.0
 
<h2>Project:</h2>
G:\Onedrive\Dokumente\Studium\6. Semester\Mikrocomputertechnik\Versuch 5\Projektvorlagen-20210414\V5.1_CMSIS\V5.1_CMSIS\V5.1_CMSIS_lsg.uvprojx
Project File Date:  04/16/2021

<h2>Output:</h2>
*** Using Compiler 'V5.06 update 6 (build 750)', folder: 'C:\Keil_v5\ARM\ARMCC\Bin'
Rebuild target 'Target 1'
compiling Temperatur.c...
compiling LCD.c...
compiling LCDInit.c...
compiling Stepper.c...
compiling main.c...
compiling DAC.c...
compiling USART2.c...
compiling I2C.c...
compiling TIM3_PWM.c...
compiling ESP_USART3.c...
compiling stm32f4xx_ll_gpio.c...
compiling stm32f4xx_ll_dac.c...
assembling startup_stm32f446xx.s...
compiling stm32f4xx_ll_pwr.c...
compiling stm32f4xx_ll_rcc.c...
compiling stm32f4xx_ll_tim.c...
compiling stm32f4xx_ll_i2c.c...
compiling system_stm32f4xx.c...
compiling stm32f4xx_ll_usart.c...
compiling stm32f4xx_ll_utils.c...
linking...
Program Size: Code=17474 RO-data=4798 RW-data=216 ZI-data=1800  
".\Objects\MCTPraktikum.axf" - 0 Error(s), 0 Warning(s).

<h2>Software Packages used:</h2>

Package Vendor: ARM
                http://www.keil.com/pack/ARM.CMSIS.5.6.0.pack
                ARM.CMSIS.5.6.0
                CMSIS (Cortex Microcontroller Software Interface Standard)
   * Component: CORE Version: 5.3.0

Package Vendor: Keil
                http://www.keil.com/pack/Keil.STM32F4xx_DFP.2.14.0.pack
                Keil.STM32F4xx_DFP.2.14.0
                STMicroelectronics STM32F4 Series Device Support, Drivers and Examples
   * Component: Common Version: 1.2.7
   * Component: DAC Version: 1.2.7
   * Component: GPIO Version: 1.2.7
   * Component: I2C Version: 1.2.7
   * Component: PWR Version: 1.2.7
   * Component: RCC Version: 1.2.7
   * Component: TIM Version: 1.2.7
   * Component: USART Version: 1.2.7
   * Component: UTILS Version: 1.2.7
   * Component: Startup Version: 2.6.3

<h2>Collection of Component include folders:</h2>
  .\RTE\_Target_1
  C:\Users\Christian\AppData\Local\Arm\Packs\ARM\CMSIS\5.6.0\CMSIS\Core\Include
  C:\Users\Christian\AppData\Local\Arm\Packs\Keil\STM32F4xx_DFP\2.14.0\Drivers\CMSIS\Device\ST\STM32F4xx\Include
  C:\Users\Christian\AppData\Local\Arm\Packs\Keil\STM32F4xx_DFP\2.14.0\Drivers\STM32F4xx_HAL_Driver\Inc
  C:\Users\Christian\AppData\Local\Arm\Packs\Keil\STM32F4xx_DFP\2.14.0\Drivers\STM32F4xx_HAL_Driver\Inc\Legacy

<h2>Collection of Component Files used:</h2>

   * Component: ARM::CMSIS:CORE:5.3.0

   * Component: Keil::Device:STM32Cube LL:Common:1.2.7

   * Component: Keil::Device:STM32Cube LL:DAC:1.2.7
      Source file:   Drivers\STM32F4xx_HAL_Driver\Src\stm32f4xx_ll_dac.c

   * Component: Keil::Device:STM32Cube LL:GPIO:1.2.7
      Source file:   Drivers\STM32F4xx_HAL_Driver\Src\stm32f4xx_ll_gpio.c

   * Component: Keil::Device:STM32Cube LL:I2C:1.2.7
      Source file:   Drivers\STM32F4xx_HAL_Driver\Src\stm32f4xx_ll_i2c.c

   * Component: Keil::Device:STM32Cube LL:PWR:1.2.7
      Source file:   Drivers\STM32F4xx_HAL_Driver\Src\stm32f4xx_ll_pwr.c

   * Component: Keil::Device:STM32Cube LL:RCC:1.2.7
      Source file:   Drivers\STM32F4xx_HAL_Driver\Src\stm32f4xx_ll_rcc.c

   * Component: Keil::Device:STM32Cube LL:TIM:1.2.7
      Source file:   Drivers\STM32F4xx_HAL_Driver\Src\stm32f4xx_ll_tim.c

   * Component: Keil::Device:STM32Cube LL:USART:1.2.7
      Source file:   Drivers\STM32F4xx_HAL_Driver\Src\stm32f4xx_ll_usart.c

   * Component: Keil::Device:STM32Cube LL:UTILS:1.2.7
      Source file:   Drivers\STM32F4xx_HAL_Driver\Src\stm32f4xx_ll_utils.c

   * Component: Keil::Device:Startup:2.6.3
      Source file:   MDK\Device\Source\ARM\STM32F4xx_OTP.s
      Include file:  Drivers\CMSIS\Device\ST\STM32F4xx\Include\stm32f4xx.h
      Source file:   MDK\Device\Source\ARM\STM32F446xx_OPT.s
      Source file:   Drivers\CMSIS\Device\ST\STM32F4xx\Source\Templates\arm\startup_stm32f446xx.s
      Source file:   Drivers\CMSIS\Device\ST\STM32F4xx\Source\Templates\system_stm32f4xx.c
Build Time Elapsed:  00:00:12
</pre>
</body>
</html>
