Component: ARM Compiler 5.06 update 6 (build 750) Tool: armlink [4d35ed]

==============================================================================

Section Cross References

    dac.o(i.InitDAC) refers to stm32f4xx_ll_dac.o(i.LL_DAC_StructInit) for LL_DAC_StructInit
    dac.o(i.InitDAC) refers to stm32f4xx_ll_dac.o(i.LL_DAC_Init) for LL_DAC_Init
    main.o(i.ExecuteCmd) refers to _scanf_int.o(.text) for _scanf_int
    main.o(i.ExecuteCmd) refers to _scanf_str.o(.text) for _scanf_string
    main.o(i.ExecuteCmd) refers to _printf_percent.o(.ARM.Collect$$_printf_percent$$00000000) for _printf_percent
    main.o(i.ExecuteCmd) refers to _printf_f.o(.ARM.Collect$$_printf_percent$$00000003) for _printf_f
    main.o(i.ExecuteCmd) refers to printf1.o(x$fpl$printf1) for _printf_fp_dec
    main.o(i.ExecuteCmd) refers to __0sscanf.o(.text) for __0sscanf
    main.o(i.ExecuteCmd) refers to tim3_pwm.o(i.TIM3_servo) for TIM3_servo
    main.o(i.ExecuteCmd) refers to tim3_pwm.o(i.TIM3_RGB) for TIM3_RGB
    main.o(i.ExecuteCmd) refers to temperatur.o(i.read_Temp) for read_Temp
    main.o(i.ExecuteCmd) refers to dflt_clz.o(x$fpl$dflt) for __aeabi_i2d
    main.o(i.ExecuteCmd) refers to ddiv.o(x$fpl$ddiv) for __aeabi_ddiv
    main.o(i.ExecuteCmd) refers to noretval__2sprintf.o(.text) for __2sprintf
    main.o(i.ExecuteCmd) refers to usart2.o(i.WriteString) for WriteString
    main.o(i.ExecuteCmd) refers to temperatur.o(i.set_TempRes) for set_TempRes
    main.o(i.ExecuteCmd) refers to lcd.o(i.lcd_send_cmd) for lcd_send_cmd
    main.o(i.ExecuteCmd) refers to lcd.o(i.lcd_send_data) for lcd_send_data
    main.o(i.ExecuteCmd) refers to main.o(i.Help_Display) for Help_Display
    main.o(i.ExecuteCmd) refers to usart2.o(.bss) for inputBuffer
    main.o(i.ExecuteCmd) refers to main.o(.data) for sinus
    main.o(i.ExecuteCmd) refers to stepper.o(.data) for stepmode
    main.o(i.GradZeichen) refers to lcd.o(i.lcd_send_cmd) for lcd_send_cmd
    main.o(i.GradZeichen) refers to lcd.o(i.lcd_send_data) for lcd_send_data
    main.o(i.Help_Display) refers to usart2.o(i.WriteString) for WriteString
    main.o(i.Help_Display) refers to main.o(.conststring) for .conststring
    main.o(i.Temp_Display) refers to _printf_percent.o(.ARM.Collect$$_printf_percent$$00000000) for _printf_percent
    main.o(i.Temp_Display) refers to _printf_f.o(.ARM.Collect$$_printf_percent$$00000003) for _printf_f
    main.o(i.Temp_Display) refers to printf1.o(x$fpl$printf1) for _printf_fp_dec
    main.o(i.Temp_Display) refers to temperatur.o(i.read_Temp) for read_Temp
    main.o(i.Temp_Display) refers to dflt_clz.o(x$fpl$dflt) for __aeabi_i2d
    main.o(i.Temp_Display) refers to ddiv.o(x$fpl$ddiv) for __aeabi_ddiv
    main.o(i.Temp_Display) refers to dfix.o(x$fpl$dfix) for __aeabi_d2iz
    main.o(i.Temp_Display) refers to noretval__2sprintf.o(.text) for __2sprintf
    main.o(i.Temp_Display) refers to lcd.o(i.lcd_print_x_y) for lcd_print_x_y
    main.o(i.Temp_Display) refers to lcd.o(i.lcd_send_data) for lcd_send_data
    main.o(i.Temp_Display) refers to tim3_pwm.o(i.TIM3_servo) for TIM3_servo
    main.o(i.Temp_Display) refers to stepper.o(.data) for ziel_pos
    main.o(i.main) refers to dac.o(i.InitDAC) for InitDAC
    main.o(i.main) refers to usart2.o(i.InitUSART2) for InitUSART2
    main.o(i.main) refers to tim3_pwm.o(i.InitTIM3_PWM) for InitTIM3_PWM
    main.o(i.main) refers to stepper.o(i.InitStepper) for InitStepper
    main.o(i.main) refers to i2c.o(i.I2C_init) for I2C_init
    main.o(i.main) refers to lcdinit.o(i.lcd_init) for lcd_init
    main.o(i.main) refers to tim3_pwm.o(i.TIM3_RGB) for TIM3_RGB
    main.o(i.main) refers to usart2.o(i.WriteString) for WriteString
    main.o(i.main) refers to lcd.o(i.lcd_send_string) for lcd_send_string
    main.o(i.main) refers to main.o(i.GradZeichen) for GradZeichen
    main.o(i.main) refers to esp_usart3.o(i.Program_to_ESP) for Program_to_ESP
    main.o(i.main) refers to main.o(i.Temp_Display) for Temp_Display
    main.o(i.main) refers to main.o(i.delay) for delay
    main.o(i.main) refers to dac.o(i.WriteDAC) for WriteDAC
    main.o(i.main) refers to main.o(i.ExecuteCmd) for ExecuteCmd
    main.o(i.main) refers to stepper.o(.data) for ticks
    main.o(i.main) refers to main.o(.data) for tempon
    main.o(i.main) refers to usart2.o(.data) for cmdflag
    stepper.o(i.InitStepper) refers to stm32f4xx_ll_gpio.o(i.LL_GPIO_Init) for LL_GPIO_Init
    stepper.o(i.InitStepper) refers to stepper.o(i.InitSysTick) for InitSysTick
    stepper.o(i.Step_Out) refers to stepper.o(i.LL_GPIO_SetOutputPin) for LL_GPIO_SetOutputPin
    stepper.o(i.Step_Out) refers to stepper.o(i.LL_GPIO_ResetOutputPin) for LL_GPIO_ResetOutputPin
    stepper.o(i.SysTick_Handler) refers to stepper.o(i.Step_Out) for Step_Out
    stepper.o(i.SysTick_Handler) refers to stepper.o(.data) for ticks
    i2c.o(i.I2C_init) refers to stm32f4xx_ll_gpio.o(i.LL_GPIO_Init) for LL_GPIO_Init
[...]
    .ARM.Collect$$libinit$$0000002E          0x08000270   Section        0  libinit2.o(.ARM.Collect$$libinit$$0000002E)
    .ARM.Collect$$libinit$$00000030          0x08000270   Section        0  libinit2.o(.ARM.Collect$$libinit$$00000030)
    .ARM.Collect$$libinit$$00000032          0x08000270   Section        0  libinit2.o(.ARM.Collect$$libinit$$00000032)
    .ARM.Collect$$libinit$$00000033          0x08000270   Section        2  libinit2.o(.ARM.Collect$$libinit$$00000033)
    .ARM.Collect$$libshutdown$$00000000      0x08000272   Section        2  libshutdown.o(.ARM.Collect$$libshutdown$$00000000)
    .ARM.Collect$$libshutdown$$00000002      0x08000274   Section        0  libshutdown2.o(.ARM.Collect$$libshutdown$$00000002)
    .ARM.Collect$$libshutdown$$00000004      0x08000274   Section        0  libshutdown2.o(.ARM.Collect$$libshutdown$$00000004)
    .ARM.Collect$$libshutdown$$00000007      0x08000274   Section        0  libshutdown2.o(.ARM.Collect$$libshutdown$$00000007)
    .ARM.Collect$$libshutdown$$0000000A      0x08000274   Section        0  libshutdown2.o(.ARM.Collect$$libshutdown$$0000000A)
    .ARM.Collect$$libshutdown$$0000000C      0x08000274   Section        0  libshutdown2.o(.ARM.Collect$$libshutdown$$0000000C)
    .ARM.Collect$$libshutdown$$0000000F      0x08000274   Section        0  libshutdown2.o(.ARM.Collect$$libshutdown$$0000000F)
    .ARM.Collect$$libshutdown$$00000010      0x08000274   Section        2  libshutdown2.o(.ARM.Collect$$libshutdown$$00000010)
    .ARM.Collect$$rtentry$$00000000          0x08000276   Section        0  __rtentry.o(.ARM.Collect$$rtentry$$00000000)
    .ARM.Collect$$rtentry$$00000002          0x08000276   Section        0  __rtentry2.o(.ARM.Collect$$rtentry$$00000002)
    .ARM.Collect$$rtentry$$00000004          0x08000276   Section        6  __rtentry4.o(.ARM.Collect$$rtentry$$00000004)
    .ARM.Collect$$rtentry$$00000009          0x0800027c   Section        0  __rtentry2.o(.ARM.Collect$$rtentry$$00000009)
    .ARM.Collect$$rtentry$$0000000A          0x0800027c   Section        4  __rtentry2.o(.ARM.Collect$$rtentry$$0000000A)
    .ARM.Collect$$rtentry$$0000000C          0x08000280   Section        0  __rtentry2.o(.ARM.Collect$$rtentry$$0000000C)
    .ARM.Collect$$rtentry$$0000000D          0x08000280   Section        8  __rtentry2.o(.ARM.Collect$$rtentry$$0000000D)
    .ARM.Collect$$rtexit$$00000000           0x08000288   Section        2  rtexit.o(.ARM.Collect$$rtexit$$00000000)
    .ARM.Collect$$rtexit$$00000002           0x0800028a   Section        0  rtexit2.o(.ARM.Collect$$rtexit$$00000002)
    .ARM.Collect$$rtexit$$00000003           0x0800028a   Section        4  rtexit2.o(.ARM.Collect$$rtexit$$00000003)
    .ARM.Collect$$rtexit$$00000004           0x0800028e   Section        6  rtexit2.o(.ARM.Collect$$rtexit$$00000004)
    .text                                    0x08000294   Section       64  startup_stm32f446xx.o(.text)
    $v0                                      0x08000294   Number         0  startup_stm32f446xx.o(.text)
    .text                                    0x080002d4   Section        0  noretval__2sprintf.o(.text)
    .text                                    0x080002fc   Section        0  _printf_str.o(.text)
    .text                                    0x08000350   Section        0  _printf_dec.o(.text)
    .text                                    0x080003c8   Section        0  __printf_ss_wp.o(.text)
    .text                                    0x08000528   Section        0  __0sscanf.o(.text)
    .text                                    0x08000564   Section        0  _scanf_int.o(.text)
    .text                                    0x080006b0   Section        0  _scanf_str.o(.text)
    .text                                    0x08000790   Section        0  heapauxi.o(.text)
    .text                                    0x08000796   Section        0  _printf_intcommon.o(.text)
    .text                                    0x08000848   Section        0  _printf_fp_dec.o(.text)
    _fp_digits                               0x0800084b   Thumb Code   432  _printf_fp_dec.o(.text)
    .text                                    0x08000c68   Section        0  _printf_char_common.o(.text)
    _printf_input_char                       0x08000c69   Thumb Code    10  _printf_char_common.o(.text)
    .text                                    0x08000c98   Section        0  _sputc.o(.text)
    .text                                    0x08000ca2   Section        0  _printf_char.o(.text)
    .text                                    0x08000cce   Section        0  _chval.o(.text)
    .text                                    0x08000cec   Section        0  scanf_char.o(.text)
    _scanf_char_input                        0x08000ced   Thumb Code    12  scanf_char.o(.text)
    .text                                    0x08000d18   Section        0  _sgetc.o(.text)
    .text                                    0x08000d58   Section        8  rt_locale_intlibspace.o(.text)
    .text                                    0x08000d60   Section      138  lludiv10.o(.text)
    .text                                    0x08000dea   Section        0  isspace.o(.text)
    .text                                    0x08000dfc   Section        0  _printf_fp_infnan.o(.text)
    .text                                    0x08000e7c   Section        0  _scanf.o(.text)
    .text                                    0x080011f0   Section        0  bigflt0.o(.text)
    .text                                    0x080012d4   Section        8  libspace.o(.text)
    .text                                    0x080012dc   Section       74  sys_stackheap_outer.o(.text)
    .text                                    0x08001328   Section       16  rt_ctype_table.o(.text)
    .text                                    0x08001338   Section        0  exit.o(.text)
    .text                                    0x0800134c   Section      128  strcmpv7m.o(.text)
    .text                                    0x080013cc   Section        0  sys_exit.o(.text)
    .text                                    0x080013d8   Section        2  use_no_semi.o(.text)
    .text                                    0x080013da   Section        0  indicate_semi.o(.text)
    CL$$btod_d2e                             0x080013da   Section       62  btod.o(CL$$btod_d2e)
    CL$$btod_d2e_denorm_low                  0x08001418   Section       70  btod.o(CL$$btod_d2e_denorm_low)
    CL$$btod_d2e_norm_op1                    0x0800145e   Section       96  btod.o(CL$$btod_d2e_norm_op1)
    CL$$btod_div_common                      0x080014be   Section      824  btod.o(CL$$btod_div_common)
    CL$$btod_e2e                             0x080017f6   Section      220  btod.o(CL$$btod_e2e)
    CL$$btod_ediv                            0x080018d2   Section       42  btod.o(CL$$btod_ediv)
    CL$$btod_emul                            0x080018fc   Section       42  btod.o(CL$$btod_emul)
    CL$$btod_mult_common                     0x08001926   Section      580  btod.o(CL$$btod_mult_common)
    i.ExecuteCmd                             0x08001b6c   Section        0  main.o(i.ExecuteCmd)
    i.GradZeichen                            0x08001dbc   Section        0  main.o(i.GradZeichen)
    i.Help_Display                           0x08001df8   Section        0  main.o(i.Help_Display)
    i.I2C_init                               0x08002034   Section        0  i2c.o(i.I2C_init)
    i.I2C_read                               0x080020f8   Section        0  i2c.o(i.I2C_read)
    i.I2C_write                              0x08002270   Section        0  i2c.o(i.I2C_write)
    i.InitDAC                                0x08002304   Section        0  dac.o(i.InitDAC)
    i.InitStepper                            0x08002358   Section        0  stepper.o(i.InitStepper)
    i.InitSysTick                            0x080023a8   Section        0  stepper.o(i.InitSysTick)
    i.InitTIM3_PWM                           0x080023d8   Section        0  tim3_pwm.o(i.InitTIM3_PWM)
    i.InitUSART2                             0x080024f0   Section        0  usart2.o(i.InitUSART2)
    i.InitUSART3                             0x080025b8   Section        0  esp_usart3.o(i.InitUSART3)
    i.LL_AHB1_GRP1_EnableClock               0x08002684   Section        0  tim3_pwm.o(i.LL_AHB1_GRP1_EnableClock)
    LL_AHB1_GRP1_EnableClock                 0x08002685   Thumb Code    24  tim3_pwm.o(i.LL_AHB1_GRP1_EnableClock)
    i.LL_DAC_Init                            0x080026a0   Section        0  stm32f4xx_ll_dac.o(i.LL_DAC_Init)
    i.LL_DAC_StructInit                      0x0800271e   Section        0  stm32f4xx_ll_dac.o(i.LL_DAC_StructInit)
    i.LL_GPIO_Init                           0x0800272c   Section        0  stm32f4xx_ll_gpio.o(i.LL_GPIO_Init)
    i.LL_GPIO_ResetOutputPin                 0x08002870   Section        0  stepper.o(i.LL_GPIO_ResetOutputPin)
    LL_GPIO_ResetOutputPin                   0x08002871   Thumb Code     6  stepper.o(i.LL_GPIO_ResetOutputPin)
    i.LL_GPIO_SetOutputPin                   0x08002876   Section        0  stepper.o(i.LL_GPIO_SetOutputPin)
    LL_GPIO_SetOutputPin                     0x08002877   Thumb Code     4  stepper.o(i.LL_GPIO_SetOutputPin)
    i.LL_GPIO_StructInit                     0x0800287a   Section        0  stm32f4xx_ll_gpio.o(i.LL_GPIO_StructInit)
    i.LL_I2C_AcknowledgeNextData             0x08002890   Section        0  i2c.o(i.LL_I2C_AcknowledgeNextData)
    LL_I2C_AcknowledgeNextData               0x08002891   Thumb Code    12  i2c.o(i.LL_I2C_AcknowledgeNextData)
    i.LL_I2C_ClearFlag_ADDR                  0x0800289c   Section        0  i2c.o(i.LL_I2C_ClearFlag_ADDR)
    LL_I2C_ClearFlag_ADDR                    0x0800289d   Thumb Code    16  i2c.o(i.LL_I2C_ClearFlag_ADDR)
    i.LL_I2C_ConfigSpeed                     0x080028ac   Section        0  stm32f4xx_ll_i2c.o(i.LL_I2C_ConfigSpeed)
    LL_I2C_ConfigSpeed                       0x080028ad   Thumb Code   178  stm32f4xx_ll_i2c.o(i.LL_I2C_ConfigSpeed)
    i.LL_I2C_DisableBitPOS                   0x08002968   Section        0  i2c.o(i.LL_I2C_DisableBitPOS)
    LL_I2C_DisableBitPOS                     0x08002969   Thumb Code    10  i2c.o(i.LL_I2C_DisableBitPOS)
    i.LL_I2C_GenerateStartCondition          0x08002972   Section        0  i2c.o(i.LL_I2C_GenerateStartCondition)
    LL_I2C_GenerateStartCondition            0x08002973   Thumb Code    10  i2c.o(i.LL_I2C_GenerateStartCondition)
    i.LL_I2C_GenerateStopCondition           0x0800297c   Section        0  i2c.o(i.LL_I2C_GenerateStopCondition)
    LL_I2C_GenerateStopCondition             0x0800297d   Thumb Code    10  i2c.o(i.LL_I2C_GenerateStopCondition)
    i.LL_I2C_Init                            0x08002986   Section        0  stm32f4xx_ll_i2c.o(i.LL_I2C_Init)
    i.LL_I2C_IsActiveFlag_ADDR               0x08002a02   Section        0  i2c.o(i.LL_I2C_IsActiveFlag_ADDR)
    LL_I2C_IsActiveFlag_ADDR                 0x08002a03   Thumb Code    10  i2c.o(i.LL_I2C_IsActiveFlag_ADDR)
    i.LL_I2C_IsActiveFlag_BTF                0x08002a0c   Section        0  i2c.o(i.LL_I2C_IsActiveFlag_BTF)
    LL_I2C_IsActiveFlag_BTF                  0x08002a0d   Thumb Code    10  i2c.o(i.LL_I2C_IsActiveFlag_BTF)
    i.LL_I2C_IsActiveFlag_BUSY               0x08002a16   Section        0  i2c.o(i.LL_I2C_IsActiveFlag_BUSY)
    LL_I2C_IsActiveFlag_BUSY                 0x08002a17   Thumb Code    10  i2c.o(i.LL_I2C_IsActiveFlag_BUSY)
    i.LL_I2C_IsActiveFlag_RXNE               0x08002a20   Section        0  i2c.o(i.LL_I2C_IsActiveFlag_RXNE)
    LL_I2C_IsActiveFlag_RXNE                 0x08002a21   Thumb Code    10  i2c.o(i.LL_I2C_IsActiveFlag_RXNE)
    i.LL_I2C_IsActiveFlag_SB                 0x08002a2a   Section        0  i2c.o(i.LL_I2C_IsActiveFlag_SB)
    LL_I2C_IsActiveFlag_SB                   0x08002a2b   Thumb Code    10  i2c.o(i.LL_I2C_IsActiveFlag_SB)
    i.LL_I2C_ReceiveData8                    0x08002a34   Section        0  i2c.o(i.LL_I2C_ReceiveData8)
    LL_I2C_ReceiveData8                      0x08002a35   Thumb Code     8  i2c.o(i.LL_I2C_ReceiveData8)
    i.LL_I2C_StructInit                      0x08002a3c   Section        0  stm32f4xx_ll_i2c.o(i.LL_I2C_StructInit)
    i.LL_I2C_TransmitData8                   0x08002a5a   Section        0  i2c.o(i.LL_I2C_TransmitData8)
    LL_I2C_TransmitData8                     0x08002a5b   Thumb Code    12  i2c.o(i.LL_I2C_TransmitData8)
    i.LL_RCC_GetSystemClocksFreq             0x08002a66   Section        0  stm32f4xx_ll_rcc.o(i.LL_RCC_GetSystemClocksFreq)
    i.LL_RCC_PLL_GetDivider                  0x08002a8c   Section        0  stm32f4xx_ll_rcc.o(i.LL_RCC_PLL_GetDivider)
    LL_RCC_PLL_GetDivider                    0x08002a8d   Thumb Code    10  stm32f4xx_ll_rcc.o(i.LL_RCC_PLL_GetDivider)
    i.LL_RCC_PLL_GetMainSource               0x08002a9c   Section        0  stm32f4xx_ll_rcc.o(i.LL_RCC_PLL_GetMainSource)
    LL_RCC_PLL_GetMainSource                 0x08002a9d   Thumb Code    10  stm32f4xx_ll_rcc.o(i.LL_RCC_PLL_GetMainSource)
    i.LL_RCC_PLL_GetN                        0x08002aac   Section        0  stm32f4xx_ll_rcc.o(i.LL_RCC_PLL_GetN)
    LL_RCC_PLL_GetN                          0x08002aad   Thumb Code    10  stm32f4xx_ll_rcc.o(i.LL_RCC_PLL_GetN)
    i.LL_RCC_PLL_GetR                        0x08002abc   Section        0  stm32f4xx_ll_rcc.o(i.LL_RCC_PLL_GetR)
    LL_RCC_PLL_GetR                          0x08002abd   Thumb Code    10  stm32f4xx_ll_rcc.o(i.LL_RCC_PLL_GetR)
    i.LL_TIM_CC_EnableChannel                0x08002acc   Section        0  tim3_pwm.o(i.LL_TIM_CC_EnableChannel)
    LL_TIM_CC_EnableChannel                  0x08002acd   Thumb Code     8  tim3_pwm.o(i.LL_TIM_CC_EnableChannel)
    i.LL_TIM_Init                            0x08002ad4   Section        0  stm32f4xx_ll_tim.o(i.LL_TIM_Init)
    i.LL_TIM_OC_Init                         0x08002bb8   Section        0  stm32f4xx_ll_tim.o(i.LL_TIM_OC_Init)
    i.LL_TIM_OC_SetCompareCH2                0x08002c14   Section        0  stm32f4xx_ll_tim.o(i.LL_TIM_OC_SetCompareCH2)
    LL_TIM_OC_SetCompareCH2                  0x08002c15   Thumb Code     4  stm32f4xx_ll_tim.o(i.LL_TIM_OC_SetCompareCH2)
    i.LL_TIM_OC_StructInit                   0x08002c18   Section        0  stm32f4xx_ll_tim.o(i.LL_TIM_OC_StructInit)
    i.LL_USART_Init                          0x08002c2c   Section        0  stm32f4xx_ll_usart.o(i.LL_USART_Init)
    i.LL_USART_IsEnabled                     0x08002cf0   Section        0  stm32f4xx_ll_usart.o(i.LL_USART_IsEnabled)
    LL_USART_IsEnabled                       0x08002cf1   Thumb Code    10  stm32f4xx_ll_usart.o(i.LL_USART_IsEnabled)
    i.LL_USART_SetBaudRate                   0x08002cfa   Section        0  stm32f4xx_ll_usart.o(i.LL_USART_SetBaudRate)
    LL_USART_SetBaudRate                     0x08002cfb   Thumb Code   322  stm32f4xx_ll_usart.o(i.LL_USART_SetBaudRate)
    i.Lua_to_ESP                             0x08002e3c   Section        0  esp_usart3.o(i.Lua_to_ESP)
    i.OC1Config                              0x08002e84   Section        0  stm32f4xx_ll_tim.o(i.OC1Config)
    OC1Config                                0x08002e85   Thumb Code   120  stm32f4xx_ll_tim.o(i.OC1Config)
    i.OC2Config                              0x08002f04   Section        0  stm32f4xx_ll_tim.o(i.OC2Config)
    OC2Config                                0x08002f05   Thumb Code   132  stm32f4xx_ll_tim.o(i.OC2Config)
    i.OC3Config                              0x08002f90   Section        0  stm32f4xx_ll_tim.o(i.OC3Config)
    OC3Config                                0x08002f91   Thumb Code   120  stm32f4xx_ll_tim.o(i.OC3Config)
    i.OC4Config                              0x08003010   Section        0  stm32f4xx_ll_tim.o(i.OC4Config)
    OC4Config                                0x08003011   Thumb Code    90  stm32f4xx_ll_tim.o(i.OC4Config)
    i.Program_to_ESP                         0x08003074   Section        0  esp_usart3.o(i.Program_to_ESP)
    i.RCC_GetHCLKClockFreq                   0x0800339c   Section        0  stm32f4xx_ll_rcc.o(i.RCC_GetHCLKClockFreq)
    i.RCC_GetPCLK1ClockFreq                  0x080033bc   Section        0  stm32f4xx_ll_rcc.o(i.RCC_GetPCLK1ClockFreq)
    i.RCC_GetPCLK2ClockFreq                  0x080033e0   Section        0  stm32f4xx_ll_rcc.o(i.RCC_GetPCLK2ClockFreq)
    i.RCC_GetSystemClockFreq                 0x08003404   Section        0  stm32f4xx_ll_rcc.o(i.RCC_GetSystemClockFreq)
    i.RCC_PLL_GetFreqDomain_SYS              0x08003454   Section        0  stm32f4xx_ll_rcc.o(i.RCC_PLL_GetFreqDomain_SYS)
    i.Step_Out                               0x080034d4   Section        0  stepper.o(i.Step_Out)
    i.SysTick_Handler                        0x08003540   Section        0  stepper.o(i.SysTick_Handler)
    i.SystemInit                             0x0800363c   Section        0  system_stm32f4xx.o(i.SystemInit)
    i.TIM3_RGB                               0x080036a0   Section        0  tim3_pwm.o(i.TIM3_RGB)
    i.TIM3_servo                             0x080036fc   Section        0  tim3_pwm.o(i.TIM3_servo)
    i.Temp_Display                           0x08003718   Section        0  main.o(i.Temp_Display)
    i.USART2_IRQHandler                      0x080037c8   Section        0  usart2.o(i.USART2_IRQHandler)
    i.USART3_IRQHandler                      0x08003840   Section        0  esp_usart3.o(i.USART3_IRQHandler)
    i.WriteChar                              0x080038c0   Section        0  usart2.o(i.WriteChar)
    i.WriteCharUSART3                        0x080038e0   Section        0  esp_usart3.o(i.WriteCharUSART3)
    i.WriteDAC                               0x08003900   Section        0  dac.o(i.WriteDAC)
    i.WriteString                            0x08003938   Section        0  usart2.o(i.WriteString)
    i.WriteStringUSART3                      0x0800394e   Section        0  esp_usart3.o(i.WriteStringUSART3)
    i.__ARM_fpclassify                       0x08003964   Section        0  fpclassify.o(i.__ARM_fpclassify)
    i._is_digit                              0x08003994   Section        0  __printf_wp.o(i._is_digit)
    i.delay                                  0x080039a2   Section        0  main.o(i.delay)
    i.lcd_cmd                                0x080039ae   Section        0  lcdinit.o(i.lcd_cmd)
    i.lcd_init                               0x080039e8   Section        0  lcdinit.o(i.lcd_init)
    i.lcd_print_x_y                          0x08003a5e   Section        0  lcd.o(i.lcd_print_x_y)
    i.lcd_send_cmd                           0x08003aa0   Section        0  lcd.o(i.lcd_send_cmd)
    i.lcd_send_data                          0x08003ada   Section        0  lcd.o(i.lcd_send_data)
    i.lcd_send_string                        0x08003b14   Section        0  lcd.o(i.lcd_send_string)
    i.lcd_waitms                             0x08003b2a   Section        0  lcdinit.o(i.lcd_waitms)
    i.main                                   0x08003b4c   Section        0  main.o(i.main)
    i.read_Temp                              0x08003c20   Section        0  temperatur.o(i.read_Temp)
    i.set_TempRes                            0x08003cac   Section        0  temperatur.o(i.set_TempRes)
    i.wait                                   0x08003cd4   Section        0  esp_usart3.o(i.wait)
    i.wait_for_esp                           0x08003ce8   Section        0  esp_usart3.o(i.wait_for_esp)
    locale$$code                             0x08003d1c   Section       44  lc_numeric_c.o(locale$$code)
    locale$$code                             0x08003d48   Section       44  lc_ctype_c.o(locale$$code)
    x$fpl$dadd                               0x08003d74   Section      336  daddsub_clz.o(x$fpl$dadd)
    $v0                                      0x08003d74   Number         0  daddsub_clz.o(x$fpl$dadd)
    _dadd1                                   0x08003d85   Thumb Code     0  daddsub_clz.o(x$fpl$dadd)
    x$fpl$ddiv                               0x08003ec4   Section      688  ddiv.o(x$fpl$ddiv)
    $v0                                      0x08003ec4   Number         0  ddiv.o(x$fpl$ddiv)
    ddiv_entry                               0x08003ecb   Thumb Code     0  ddiv.o(x$fpl$ddiv)
    x$fpl$dfix                               0x08004174   Section       94  dfix.o(x$fpl$dfix)
    $v0                                      0x08004174   Number         0  dfix.o(x$fpl$dfix)
    x$fpl$dflt                               0x080041d2   Section       46  dflt_clz.o(x$fpl$dflt)
    $v0                                      0x080041d2   Number         0  dflt_clz.o(x$fpl$dflt)
    x$fpl$dfltu                              0x08004200   Section       38  dflt_clz.o(x$fpl$dfltu)
    $v0                                      0x08004200   Number         0  dflt_clz.o(x$fpl$dfltu)
    x$fpl$dmul                               0x08004228   Section      340  dmul.o(x$fpl$dmul)
    $v0                                      0x08004228   Number         0  dmul.o(x$fpl$dmul)
    x$fpl$dnaninf                            0x0800437c   Section      156  dnaninf.o(x$fpl$dnaninf)
    $v0                                      0x0800437c   Number         0  dnaninf.o(x$fpl$dnaninf)
    x$fpl$dretinf                            0x08004418   Section       12  dretinf.o(x$fpl$dretinf)
    $v0                                      0x08004418   Number         0  dretinf.o(x$fpl$dretinf)
    x$fpl$dsub                               0x08004424   Section      468  daddsub_clz.o(x$fpl$dsub)
    $v0                                      0x08004424   Number         0  daddsub_clz.o(x$fpl$dsub)
    _dsub1                                   0x08004435   Thumb Code     0  daddsub_clz.o(x$fpl$dsub)
    x$fpl$fpinit                             0x080045f8   Section       10  fpinit.o(x$fpl$fpinit)
    $v0                                      0x080045f8   Number         0  fpinit.o(x$fpl$fpinit)
    x$fpl$printf1                            0x08004602   Section        4  printf1.o(x$fpl$printf1)
    $v0                                      0x08004602   Number         0  printf1.o(x$fpl$printf1)
    .constdata                               0x08004606   Section     3634  esp_usart3.o(.constdata)
    x$fpl$usenofp                            0x08004606   Section        0  usenofp.o(x$fpl$usenofp)
    lua_txt                                  0x08004606   Data        3406  esp_usart3.o(.constdata)
    lua_cmd1                                 0x08005354   Data          28  esp_usart3.o(.constdata)
    lua_cmd2                                 0x08005370   Data          47  esp_usart3.o(.constdata)
    lua_cmd3                                 0x0800539f   Data          31  esp_usart3.o(.constdata)
    lua_cmd4                                 0x080053be   Data          32  esp_usart3.o(.constdata)
    lua_cmd5                                 0x080053de   Data          21  esp_usart3.o(.constdata)
    lua_cmd6                                 0x080053f3   Data          16  esp_usart3.o(.constdata)
    lua_cmd7                                 0x08005403   Data          24  esp_usart3.o(.constdata)
    lua_cmd8                                 0x0800541b   Data          29  esp_usart3.o(.constdata)
    .constdata                               0x08005438   Section       24  system_stm32f4xx.o(.constdata)
    .constdata                               0x08005450   Section      148  bigflt0.o(.constdata)
    tenpwrs_x                                0x08005450   Data          60  bigflt0.o(.constdata)
    tenpwrs_i                                0x0800548c   Data          64  bigflt0.o(.constdata)
    .conststring                             0x080054e4   Section      208  main.o(.conststring)
    locale$$data                             0x080055d4   Section       28  lc_numeric_c.o(locale$$data)
    __lcnum_c_name                           0x080055d8   Data           2  lc_numeric_c.o(locale$$data)
    __lcnum_c_start                          0x080055e0   Data           0  lc_numeric_c.o(locale$$data)
    __lcnum_c_point                          0x080055ec   Data           0  lc_numeric_c.o(locale$$data)
    __lcnum_c_thousands                      0x080055ee   Data           0  lc_numeric_c.o(locale$$data)
    __lcnum_c_grouping                       0x080055ef   Data           0  lc_numeric_c.o(locale$$data)
    locale$$data                             0x080055f0   Section      272  lc_ctype_c.o(locale$$data)
    __lcnum_c_end                            0x080055f0   Data           0  lc_numeric_c.o(locale$$data)
    __lcctype_c_name                         0x080055f4   Data           2  lc_ctype_c.o(locale$$data)
    __lcctype_c_start                        0x080055fc   Data           0  lc_ctype_c.o(locale$$data)
    __lcctype_c_end                          0x08005700   Data           0  lc_ctype_c.o(locale$$data)
    .data                                    0x20000000   Section      140  main.o(.data)
    .data                                    0x2000008c   Section       56  stepper.o(.data)
    steps                                    0x200000a0   Data          32  stepper.o(.data)
    stepnr                                   0x200000c0   Data           4  stepper.o(.data)
    .data                                    0x200000c4   Section        8  usart2.o(.data)
    bufferPos                                0x200000c8   Data           4  usart2.o(.data)
    .data                                    0x200000cc   Section       12  esp_usart3.o(.data)
    .bss                                     0x200000d8   Section       64  usart2.o(.bss)
    .bss                                     0x20000118   Section      100  esp_usart3.o(.bss)
    .bss                                     0x2000017c   Section       96  libspace.o(.bss)
    HEAP                                     0x200001e0   Section      512  startup_stm32f446xx.o(HEAP)
    Heap_Mem                                 0x200001e0   Data         512  startup_stm32f446xx.o(HEAP)
    STACK                                    0x200003e0   Section     1024  startup_stm32f446xx.o(STACK)
    Stack_Mem                                0x200003e0   Data        1024  startup_stm32f446xx.o(STACK)
    __initial_sp                             0x200007e0   Data           0  startup_stm32f446xx.o(STACK)

    Global Symbols

    Symbol Name                              Value     Ov Type        Size  Object(Section)

    BuildAttributes$$THM_ISAv4$E$P$D$K$B$S$7EM$VFPi3$EXTD16$VFPS$VFMA$PE$A:L22UL41UL21$X:L11$S22US41US21$IEEE1$IW$USESV6$~STKCKD$USESV7$~SHL$OTIME$ROPI$IEEEJ$EBA8$UX$STANDARDLIB$REQ8$PRES8$EABIv2 0x00000000   Number         0  anon$$obj.o ABSOLUTE
    __ARM_use_no_argv                        0x00000000   Number         0  main.o ABSOLUTE
    _printf_flags                            0x00000000   Number         0  printf_stubs.o ABSOLUTE
    _printf_return_value                     0x00000000   Number         0  printf_stubs.o ABSOLUTE
    _printf_sizespec                         0x00000000   Number         0  printf_stubs.o ABSOLUTE
    _printf_widthprec                        0x00000000   Number         0  printf_stubs.o ABSOLUTE
    __ARM_exceptions_init                     - Undefined Weak Reference
    __alloca_initialize                       - Undefined Weak Reference
    __arm_preinit_                            - Undefined Weak Reference
    __cpp_initialize__aeabi_                  - Undefined Weak Reference
    __cxa_finalize                            - Undefined Weak Reference
    __sigvec_lookup                           - Undefined Weak Reference
    _atexit_init                              - Undefined Weak Reference
    _call_atexit_fns                          - Undefined Weak Reference
    _clock_init                               - Undefined Weak Reference
    _fp_trap_init                             - Undefined Weak Reference
    _fp_trap_shutdown                         - Undefined Weak Reference
    _get_lc_collate                           - Undefined Weak Reference
    _get_lc_monetary                          - Undefined Weak Reference
    _get_lc_time                              - Undefined Weak Reference
    _getenv_init                              - Undefined Weak Reference
    _handle_redirection                       - Undefined Weak Reference
    _init_alloc                               - Undefined Weak Reference
    _init_user_alloc                          - Undefined Weak Reference
    _initio                                   - Undefined Weak Reference
    _printf_mbtowc                            - Undefined Weak Reference
    _printf_post_padding                      - Undefined Weak Reference
    _printf_pre_padding                       - Undefined Weak Reference
    _printf_truncate_signed                   - Undefined Weak Reference
    _printf_truncate_unsigned                 - Undefined Weak Reference
    _rand_init                                - Undefined Weak Reference
    _scanf_longlong                           - Undefined Weak Reference
    _scanf_mbtowc                             - Undefined Weak Reference
    _scanf_real                               - Undefined Weak Reference
    _scanf_wctomb                             - Undefined Weak Reference
    _scanf_wstring                            - Undefined Weak Reference
    _signal_finish                            - Undefined Weak Reference
    _signal_init                              - Undefined Weak Reference
    _terminate_alloc                          - Undefined Weak Reference
    _terminate_user_alloc                     - Undefined Weak Reference
    _terminateio                              - Undefined Weak Reference
    __Vectors_Size                           0x000001c4   Number         0  startup_stm32f446xx.o ABSOLUTE
    __Vectors                                0x08000000   Data           4  startup_stm32f446xx.o(RESET)
    __Vectors_End                            0x080001c4   Data           0  startup_stm32f446xx.o(RESET)
    __main                                   0x080001c5   Thumb Code     8  __main.o(!!!main)
    __scatterload                            0x080001cd   Thumb Code     0  __scatter.o(!!!scatter)
    __scatterload_rt2                        0x080001cd   Thumb Code    44  __scatter.o(!!!scatter)
    __scatterload_rt2_thumb_only             0x080001cd   Thumb Code     0  __scatter.o(!!!scatter)
    __scatterload_null                       0x080001db   Thumb Code     0  __scatter.o(!!!scatter)
    __scatterload_copy                       0x08000201   Thumb Code    26  __scatter_copy.o(!!handler_copy)
    __scatterload_zeroinit                   0x0800021d   Thumb Code    28  __scatter_zi.o(!!handler_zi)
    _printf_f                                0x08000239   Thumb Code     0  _printf_f.o(.ARM.Collect$$_printf_percent$$00000003)
    _printf_percent                          0x08000239   Thumb Code     0  _printf_percent.o(.ARM.Collect$$_printf_percent$$00000000)
    _printf_i                                0x0800023f   Thumb Code     0  _printf_i.o(.ARM.Collect$$_printf_percent$$00000008)
    _printf_s                                0x08000245   Thumb Code     0  _printf_s.o(.ARM.Collect$$_printf_percent$$00000014)
    _printf_percent_end                      0x0800024b   Thumb Code     0  _printf_percent_end.o(.ARM.Collect$$_printf_percent$$00000017)
    __rt_lib_init                            0x0800024f   Thumb Code     0  libinit.o(.ARM.Collect$$libinit$$00000000)
    __rt_lib_init_fp_1                       0x08000251   Thumb Code     0  libinit2.o(.ARM.Collect$$libinit$$00000001)
    __rt_lib_init_heap_1                     0x08000255   Thumb Code     0  libinit2.o(.ARM.Collect$$libinit$$0000000A)
    __rt_lib_init_lc_common                  0x08000255   Thumb Code     0  libinit2.o(.ARM.Collect$$libinit$$0000000F)
    __rt_lib_init_preinit_1                  0x08000255   Thumb Code     0  libinit2.o(.ARM.Collect$$libinit$$00000004)
    __rt_lib_init_rand_1                     0x08000255   Thumb Code     0  libinit2.o(.ARM.Collect$$libinit$$0000000E)
    __rt_lib_init_user_alloc_1               0x08000255   Thumb Code     0  libinit2.o(.ARM.Collect$$libinit$$0000000C)
    __rt_lib_init_lc_collate_1               0x0800025b   Thumb Code     0  libinit2.o(.ARM.Collect$$libinit$$00000011)
    __rt_lib_init_lc_ctype_2                 0x0800025b   Thumb Code     0  libinit2.o(.ARM.Collect$$libinit$$00000012)
    __rt_lib_init_lc_ctype_1                 0x08000267   Thumb Code     0  libinit2.o(.ARM.Collect$$libinit$$00000013)
    __rt_lib_init_lc_monetary_1              0x08000267   Thumb Code     0  libinit2.o(.ARM.Collect$$libinit$$00000015)
    __rt_lib_init_lc_numeric_2               0x08000267   Thumb Code     0  libinit2.o(.ARM.Collect$$libinit$$00000016)
    __rt_lib_init_alloca_1                   0x08000271   Thumb Code     0  libinit2.o(.ARM.Collect$$libinit$$0000002E)
    __rt_lib_init_argv_1                     0x08000271   Thumb Code     0  libinit2.o(.ARM.Collect$$libinit$$0000002C)
    __rt_lib_init_atexit_1                   0x08000271   Thumb Code     0  libinit2.o(.ARM.Collect$$libinit$$0000001B)
    __rt_lib_init_clock_1                    0x08000271   Thumb Code     0  libinit2.o(.ARM.Collect$$libinit$$00000021)
    __rt_lib_init_cpp_1                      0x08000271   Thumb Code     0  libinit2.o(.ARM.Collect$$libinit$$00000032)
    __rt_lib_init_exceptions_1               0x08000271   Thumb Code     0  libinit2.o(.ARM.Collect$$libinit$$00000030)
    __rt_lib_init_fp_trap_1                  0x08000271   Thumb Code     0  libinit2.o(.ARM.Collect$$libinit$$0000001F)
    __rt_lib_init_getenv_1                   0x08000271   Thumb Code     0  libinit2.o(.ARM.Collect$$libinit$$00000023)
    __rt_lib_init_lc_numeric_1               0x08000271   Thumb Code     0  libinit2.o(.ARM.Collect$$libinit$$00000017)
    __rt_lib_init_lc_time_1                  0x08000271   Thumb Code     0  libinit2.o(.ARM.Collect$$libinit$$00000019)
    __rt_lib_init_return                     0x08000271   Thumb Code     0  libinit2.o(.ARM.Collect$$libinit$$00000033)
    __rt_lib_init_signal_1                   0x08000271   Thumb Code     0  libinit2.o(.ARM.Collect$$libinit$$0000001D)
    __rt_lib_init_stdio_1                    0x08000271   Thumb Code     0  libinit2.o(.ARM.Collect$$libinit$$00000025)
    __rt_lib_shutdown                        0x08000273   Thumb Code     0  libshutdown.o(.ARM.Collect$$libshutdown$$00000000)
    __rt_lib_shutdown_cpp_1                  0x08000275   Thumb Code     0  libshutdown2.o(.ARM.Collect$$libshutdown$$00000002)
    __rt_lib_shutdown_fp_trap_1              0x08000275   Thumb Code     0  libshutdown2.o(.ARM.Collect$$libshutdown$$00000007)
    __rt_lib_shutdown_heap_1                 0x08000275   Thumb Code     0  libshutdown2.o(.ARM.Collect$$libshutdown$$0000000F)
    __rt_lib_shutdown_return                 0x08000275   Thumb Code     0  libshutdown2.o(.ARM.Collect$$libshutdown$$00000010)
    __rt_lib_shutdown_signal_1               0x08000275   Thumb Code     0  libshutdown2.o(.ARM.Collect$$libshutdown$$0000000A)
    __rt_lib_shutdown_stdio_1                0x08000275   Thumb Code     0  libshutdown2.o(.ARM.Collect$$libshutdown$$00000004)
    __rt_lib_shutdown_user_alloc_1           0x08000275   Thumb Code     0  libshutdown2.o(.ARM.Collect$$libshutdown$$0000000C)
    __rt_entry                               0x08000277   Thumb Code     0  __rtentry.o(.ARM.Collect$$rtentry$$00000000)
    __rt_entry_presh_1                       0x08000277   Thumb Code     0  __rtentry2.o(.ARM.Collect$$rtentry$$00000002)
    __rt_entry_sh                            0x08000277   Thumb Code     0  __rtentry4.o(.ARM.Collect$$rtentry$$00000004)
    __rt_entry_li                            0x0800027d   Thumb Code     0  __rtentry2.o(.ARM.Collect$$rtentry$$0000000A)
    __rt_entry_postsh_1                      0x0800027d   Thumb Code     0  __rtentry2.o(.ARM.Collect$$rtentry$$00000009)
    __rt_entry_main                          0x08000281   Thumb Code     0  __rtentry2.o(.ARM.Collect$$rtentry$$0000000D)
    __rt_entry_postli_1                      0x08000281   Thumb Code     0  __rtentry2.o(.ARM.Collect$$rtentry$$0000000C)
    __rt_exit                                0x08000289   Thumb Code     0  rtexit.o(.ARM.Collect$$rtexit$$00000000)
    __rt_exit_ls                             0x0800028b   Thumb Code     0  rtexit2.o(.ARM.Collect$$rtexit$$00000003)
    __rt_exit_prels_1                        0x0800028b   Thumb Code     0  rtexit2.o(.ARM.Collect$$rtexit$$00000002)
    __rt_exit_exit                           0x0800028f   Thumb Code     0  rtexit2.o(.ARM.Collect$$rtexit$$00000004)
    Reset_Handler                            0x08000295   Thumb Code     8  startup_stm32f446xx.o(.text)
    NMI_Handler                              0x0800029d   Thumb Code     2  startup_stm32f446xx.o(.text)
    HardFault_Handler                        0x0800029f   Thumb Code     2  startup_stm32f446xx.o(.text)
    MemManage_Handler                        0x080002a1   Thumb Code     2  startup_stm32f446xx.o(.text)
    BusFault_Handler                         0x080002a3   Thumb Code     2  startup_stm32f446xx.o(.text)
    UsageFault_Handler                       0x080002a5   Thumb Code     2  startup_stm32f446xx.o(.text)
    SVC_Handler                              0x080002a7   Thumb Code     2  startup_stm32f446xx.o(.text)
    DebugMon_Handler                         0x080002a9   Thumb Code     2  startup_stm32f446xx.o(.text)
    PendSV_Handler                           0x080002ab   Thumb Code     2  startup_stm32f446xx.o(.text)
    ADC_IRQHandler                           0x080002af   Thumb Code     0  startup_stm32f446xx.o(.text)
    CAN1_RX0_IRQHandler                      0x080002af   Thumb Code     0  startup_stm32f446xx.o(.text)
    CAN1_RX1_IRQHandler                      0x080002af   Thumb Code     0  startup_stm32f446xx.o(.text)
    CAN1_SCE_IRQHandler                      0x080002af   Thumb Code     0  startup_stm32f446xx.o(.text)
    CAN1_TX_IRQHandler                       0x080002af   Thumb Code     0  startup_stm32f446xx.o(.text)
    CAN2_RX0_IRQHandler                      0x080002af   Thumb Code     0  startup_stm32f446xx.o(.text)
    CAN2_RX1_IRQHandler                      0x080002af   Thumb Code     0  startup_stm32f446xx.o(.text)
    CAN2_SCE_IRQHandler                      0x080002af   Thumb Code     0  startup_stm32f446xx.o(.text)
    CAN2_TX_IRQHandler                       0x080002af   Thumb Code     0  startup_stm32f446xx.o(.text)
    CEC_IRQHandler                           0x080002af   Thumb Code     0  startup_stm32f446xx.o(.text)
    DCMI_IRQHandler                          0x080002af   Thumb Code     0  startup_stm32f446xx.o(.text)
    DMA1_Stream0_IRQHandler                  0x080002af   Thumb Code     0  startup_stm32f446xx.o(.text)
    DMA1_Stream1_IRQHandler                  0x080002af   Thumb Code     0  startup_stm32f446xx.o(.text)
    DMA1_Stream2_IRQHandler                  0x080002af   Thumb Code     0  startup_stm32f446xx.o(.text)
    DMA1_Stream3_IRQHandler                  0x080002af   Thumb Code     0  startup_stm32f446xx.o(.text)
    DMA1_Stream4_IRQHandler                  0x080002af   Thumb Code     0  startup_stm32f446xx.o(.text)
    DMA1_Stream5_IRQHandler                  0x080002af   Thumb Code     0  startup_stm32f446xx.o(.text)
    DMA1_Stream6_IRQHandler                  0x080002af   Thumb Code     0  startup_stm32f446xx.o(.text)
    DMA1_Stream7_IRQHandler                  0x080002af   Thumb Code     0  startup_stm32f446xx.o(.text)
    DMA2_Stream0_IRQHandler                  0x080002af   Thumb Code     0  startup_stm32f446xx.o(.text)
    DMA2_Stream1_IRQHandler                  0x080002af   Thumb Code     0  startup_stm32f446xx.o(.text)
    DMA2_Stream2_IRQHandler                  0x080002af   Thumb Code     0  startup_stm32f446xx.o(.text)
    DMA2_Stream3_IRQHandler                  0x080002af   Thumb Code     0  startup_stm32f446xx.o(.text)
    DMA2_Stream4_IRQHandler                  0x080002af   Thumb Code     0  startup_stm32f446xx.o(.text)
    DMA2_Stream5_IRQHandler                  0x080002af   Thumb Code     0  startup_stm32f446xx.o(.text)
    DMA2_Stream6_IRQHandler                  0x080002af   Thumb Code     0  startup_stm32f446xx.o(.text)
    DMA2_Stream7_IRQHandler                  0x080002af   Thumb Code     0  startup_stm32f446xx.o(.text)
    EXTI0_IRQHandler                         0x080002af   Thumb Code     0  startup_stm32f446xx.o(.text)
    EXTI15_10_IRQHandler                     0x080002af   Thumb Code     0  startup_stm32f446xx.o(.text)
    EXTI1_IRQHandler                         0x080002af   Thumb Code     0  startup_stm32f446xx.o(.text)
    EXTI2_IRQHandler                         0x080002af   Thumb Code     0  startup_stm32f446xx.o(.text)
    EXTI3_IRQHandler                         0x080002af   Thumb Code     0  startup_stm32f446xx.o(.text)
    EXTI4_IRQHandler                         0x080002af   Thumb Code     0  startup_stm32f446xx.o(.text)
    EXTI9_5_IRQHandler                       0x080002af   Thumb Code     0  startup_stm32f446xx.o(.text)
    FLASH_IRQHandler                         0x080002af   Thumb Code     0  startup_stm32f446xx.o(.text)
    FMC_IRQHandler                           0x080002af   Thumb Code     0  startup_stm32f446xx.o(.text)
    FMPI2C1_ER_IRQHandler                    0x080002af   Thumb Code     0  startup_stm32f446xx.o(.text)
    FMPI2C1_EV_IRQHandler                    0x080002af   Thumb Code     0  startup_stm32f446xx.o(.text)
    FPU_IRQHandler                           0x080002af   Thumb Code     0  startup_stm32f446xx.o(.text)
    I2C1_ER_IRQHandler                       0x080002af   Thumb Code     0  startup_stm32f446xx.o(.text)
    I2C1_EV_IRQHandler                       0x080002af   Thumb Code     0  startup_stm32f446xx.o(.text)
    I2C2_ER_IRQHandler                       0x080002af   Thumb Code     0  startup_stm32f446xx.o(.text)
    I2C2_EV_IRQHandler                       0x080002af   Thumb Code     0  startup_stm32f446xx.o(.text)
    I2C3_ER_IRQHandler                       0x080002af   Thumb Code     0  startup_stm32f446xx.o(.text)
    I2C3_EV_IRQHandler                       0x080002af   Thumb Code     0  startup_stm32f446xx.o(.text)
    OTG_FS_IRQHandler                        0x080002af   Thumb Code     0  startup_stm32f446xx.o(.text)
    OTG_FS_WKUP_IRQHandler                   0x080002af   Thumb Code     0  startup_stm32f446xx.o(.text)
    OTG_HS_EP1_IN_IRQHandler                 0x080002af   Thumb Code     0  startup_stm32f446xx.o(.text)
    OTG_HS_EP1_OUT_IRQHandler                0x080002af   Thumb Code     0  startup_stm32f446xx.o(.text)
    OTG_HS_IRQHandler                        0x080002af   Thumb Code     0  startup_stm32f446xx.o(.text)
    OTG_HS_WKUP_IRQHandler                   0x080002af   Thumb Code     0  startup_stm32f446xx.o(.text)
    PVD_IRQHandler                           0x080002af   Thumb Code     0  startup_stm32f446xx.o(.text)
    QUADSPI_IRQHandler                       0x080002af   Thumb Code     0  startup_stm32f446xx.o(.text)
    RCC_IRQHandler                           0x080002af   Thumb Code     0  startup_stm32f446xx.o(.text)
    RTC_Alarm_IRQHandler                     0x080002af   Thumb Code     0  startup_stm32f446xx.o(.text)
    RTC_WKUP_IRQHandler                      0x080002af   Thumb Code     0  startup_stm32f446xx.o(.text)
    SAI1_IRQHandler                          0x080002af   Thumb Code     0  startup_stm32f446xx.o(.text)
    SAI2_IRQHandler                          0x080002af   Thumb Code     0  startup_stm32f446xx.o(.text)
    SDIO_IRQHandler                          0x080002af   Thumb Code     0  startup_stm32f446xx.o(.text)
    SPDIF_RX_IRQHandler                      0x080002af   Thumb Code     0  startup_stm32f446xx.o(.text)
    SPI1_IRQHandler                          0x080002af   Thumb Code     0  startup_stm32f446xx.o(.text)
    SPI2_IRQHandler                          0x080002af   Thumb Code     0  startup_stm32f446xx.o(.text)
    SPI3_IRQHandler                          0x080002af   Thumb Code     0  startup_stm32f446xx.o(.text)
    SPI4_IRQHandler                          0x080002af   Thumb Code     0  startup_stm32f446xx.o(.text)
    TAMP_STAMP_IRQHandler                    0x080002af   Thumb Code     0  startup_stm32f446xx.o(.text)
    TIM1_BRK_TIM9_IRQHandler                 0x080002af   Thumb Code     0  startup_stm32f446xx.o(.text)
    TIM1_CC_IRQHandler                       0x080002af   Thumb Code     0  startup_stm32f446xx.o(.text)
    TIM1_TRG_COM_TIM11_IRQHandler            0x080002af   Thumb Code     0  startup_stm32f446xx.o(.text)
    TIM1_UP_TIM10_IRQHandler                 0x080002af   Thumb Code     0  startup_stm32f446xx.o(.text)
    TIM2_IRQHandler                          0x080002af   Thumb Code     0  startup_stm32f446xx.o(.text)
    TIM3_IRQHandler                          0x080002af   Thumb Code     0  startup_stm32f446xx.o(.text)
    TIM4_IRQHandler                          0x080002af   Thumb Code     0  startup_stm32f446xx.o(.text)
    TIM5_IRQHandler                          0x080002af   Thumb Code     0  startup_stm32f446xx.o(.text)
    TIM6_DAC_IRQHandler                      0x080002af   Thumb Code     0  startup_stm32f446xx.o(.text)
    TIM7_IRQHandler                          0x080002af   Thumb Code     0  startup_stm32f446xx.o(.text)
    TIM8_BRK_TIM12_IRQHandler                0x080002af   Thumb Code     0  startup_stm32f446xx.o(.text)
    TIM8_CC_IRQHandler                       0x080002af   Thumb Code     0  startup_stm32f446xx.o(.text)
    TIM8_TRG_COM_TIM14_IRQHandler            0x080002af   Thumb Code     0  startup_stm32f446xx.o(.text)
    TIM8_UP_TIM13_IRQHandler                 0x080002af   Thumb Code     0  startup_stm32f446xx.o(.text)
    UART4_IRQHandler                         0x080002af   Thumb Code     0  startup_stm32f446xx.o(.text)
    UART5_IRQHandler                         0x080002af   Thumb Code     0  startup_stm32f446xx.o(.text)
    USART1_IRQHandler                        0x080002af   Thumb Code     0  startup_stm32f446xx.o(.text)
    USART6_IRQHandler                        0x080002af   Thumb Code     0  startup_stm32f446xx.o(.text)
    WWDG_IRQHandler                          0x080002af   Thumb Code     0  startup_stm32f446xx.o(.text)
    __user_initial_stackheap                 0x080002b1   Thumb Code     0  startup_stm32f446xx.o(.text)
    __2sprintf                               0x080002d5   Thumb Code    34  noretval__2sprintf.o(.text)
    _printf_str                              0x080002fd   Thumb Code    82  _printf_str.o(.text)
    _printf_int_dec                          0x08000351   Thumb Code   104  _printf_dec.o(.text)
    __printf                                 0x080003c9   Thumb Code   352  __printf_ss_wp.o(.text)
    __0sscanf                                0x08000529   Thumb Code    52  __0sscanf.o(.text)
    _scanf_int                               0x08000565   Thumb Code   332  _scanf_int.o(.text)
    _scanf_string                            0x080006b1   Thumb Code   224  _scanf_str.o(.text)
    __use_two_region_memory                  0x08000791   Thumb Code     2  heapauxi.o(.text)
    __rt_heap_escrow$2region                 0x08000793   Thumb Code     2  heapauxi.o(.text)
    __rt_heap_expand$2region                 0x08000795   Thumb Code     2  heapauxi.o(.text)
    _printf_int_common                       0x08000797   Thumb Code   178  _printf_intcommon.o(.text)
    __lib_sel_fp_printf                      0x08000849   Thumb Code     2  _printf_fp_dec.o(.text)
    _printf_fp_dec_real                      0x080009fb   Thumb Code   620  _printf_fp_dec.o(.text)
    _printf_char_common                      0x08000c73   Thumb Code    32  _printf_char_common.o(.text)
    _sputc                                   0x08000c99   Thumb Code    10  _sputc.o(.text)
    _printf_cs_common                        0x08000ca3   Thumb Code    20  _printf_char.o(.text)
    _printf_char                             0x08000cb7   Thumb Code    16  _printf_char.o(.text)
    _printf_string                           0x08000cc7   Thumb Code     8  _printf_char.o(.text)
    _chval                                   0x08000ccf   Thumb Code    28  _chval.o(.text)
    __vfscanf_char                           0x08000cf9   Thumb Code    24  scanf_char.o(.text)
    _sgetc                                   0x08000d19   Thumb Code    30  _sgetc.o(.text)
    _sbackspace                              0x08000d37   Thumb Code    34  _sgetc.o(.text)
    __rt_locale                              0x08000d59   Thumb Code     8  rt_locale_intlibspace.o(.text)
    _ll_udiv10                               0x08000d61   Thumb Code   138  lludiv10.o(.text)
    isspace                                  0x08000deb   Thumb Code    18  isspace.o(.text)
    _printf_fp_infnan                        0x08000dfd   Thumb Code   112  _printf_fp_infnan.o(.text)
    __vfscanf                                0x08000e7d   Thumb Code   878  _scanf.o(.text)
    _btod_etento                             0x080011f1   Thumb Code   224  bigflt0.o(.text)
    __user_libspace                          0x080012d5   Thumb Code     8  libspace.o(.text)
    __user_perproc_libspace                  0x080012d5   Thumb Code     0  libspace.o(.text)
    __user_perthread_libspace                0x080012d5   Thumb Code     0  libspace.o(.text)
    __user_setup_stackheap                   0x080012dd   Thumb Code    74  sys_stackheap_outer.o(.text)
    __rt_ctype_table                         0x08001329   Thumb Code    16  rt_ctype_table.o(.text)
    exit                                     0x08001339   Thumb Code    18  exit.o(.text)
    strcmp                                   0x0800134d   Thumb Code   128  strcmpv7m.o(.text)
    _sys_exit                                0x080013cd   Thumb Code     8  sys_exit.o(.text)
    __I$use$semihosting                      0x080013d9   Thumb Code     0  use_no_semi.o(.text)
    __use_no_semihosting_swi                 0x080013d9   Thumb Code     2  use_no_semi.o(.text)
    __semihosting_library_function           0x080013db   Thumb Code     0  indicate_semi.o(.text)
    _btod_d2e                                0x080013db   Thumb Code    62  btod.o(CL$$btod_d2e)
    _d2e_denorm_low                          0x08001419   Thumb Code    70  btod.o(CL$$btod_d2e_denorm_low)
    _d2e_norm_op1                            0x0800145f   Thumb Code    96  btod.o(CL$$btod_d2e_norm_op1)
    __btod_div_common                        0x080014bf   Thumb Code   696  btod.o(CL$$btod_div_common)
    _e2e                                     0x080017f7   Thumb Code   220  btod.o(CL$$btod_e2e)
    _btod_ediv                               0x080018d3   Thumb Code    42  btod.o(CL$$btod_ediv)
    _btod_emul                               0x080018fd   Thumb Code    42  btod.o(CL$$btod_emul)
    __btod_mult_common                       0x08001927   Thumb Code   580  btod.o(CL$$btod_mult_common)
    ExecuteCmd                               0x08001b6d   Thumb Code   472  main.o(i.ExecuteCmd)
    GradZeichen                              0x08001dbd   Thumb Code    58  main.o(i.GradZeichen)
    Help_Display                             0x08001df9   Thumb Code    94  main.o(i.Help_Display)
    I2C_init                                 0x08002035   Thumb Code   180  i2c.o(i.I2C_init)
    I2C_read                                 0x080020f9   Thumb Code   372  i2c.o(i.I2C_read)
    I2C_write                                0x08002271   Thumb Code   144  i2c.o(i.I2C_write)
    InitDAC                                  0x08002305   Thumb Code    72  dac.o(i.InitDAC)
    InitStepper                              0x08002359   Thumb Code    72  stepper.o(i.InitStepper)
    InitSysTick                              0x080023a9   Thumb Code    42  stepper.o(i.InitSysTick)
    InitTIM3_PWM                             0x080023d9   Thumb Code   264  tim3_pwm.o(i.InitTIM3_PWM)
    InitUSART2                               0x080024f1   Thumb Code   188  usart2.o(i.InitUSART2)
    InitUSART3                               0x080025b9   Thumb Code   192  esp_usart3.o(i.InitUSART3)
    LL_DAC_Init                              0x080026a1   Thumb Code   126  stm32f4xx_ll_dac.o(i.LL_DAC_Init)
    LL_DAC_StructInit                        0x0800271f   Thumb Code    14  stm32f4xx_ll_dac.o(i.LL_DAC_StructInit)
    LL_GPIO_Init                             0x0800272d   Thumb Code   324  stm32f4xx_ll_gpio.o(i.LL_GPIO_Init)
    LL_GPIO_StructInit                       0x0800287b   Thumb Code    22  stm32f4xx_ll_gpio.o(i.LL_GPIO_StructInit)
    LL_I2C_Init                              0x08002987   Thumb Code   124  stm32f4xx_ll_i2c.o(i.LL_I2C_Init)
    LL_I2C_StructInit                        0x08002a3d   Thumb Code    30  stm32f4xx_ll_i2c.o(i.LL_I2C_StructInit)
    LL_RCC_GetSystemClocksFreq               0x08002a67   Thumb Code    36  stm32f4xx_ll_rcc.o(i.LL_RCC_GetSystemClocksFreq)
    LL_TIM_Init                              0x08002ad5   Thumb Code   184  stm32f4xx_ll_tim.o(i.LL_TIM_Init)
    LL_TIM_OC_Init                           0x08002bb9   Thumb Code    92  stm32f4xx_ll_tim.o(i.LL_TIM_OC_Init)
    LL_TIM_OC_StructInit                     0x08002c19   Thumb Code    20  stm32f4xx_ll_tim.o(i.LL_TIM_OC_StructInit)
    LL_USART_Init                            0x08002c2d   Thumb Code   170  stm32f4xx_ll_usart.o(i.LL_USART_Init)
    Lua_to_ESP                               0x08002e3d   Thumb Code    68  esp_usart3.o(i.Lua_to_ESP)
    Program_to_ESP                           0x08003075   Thumb Code   316  esp_usart3.o(i.Program_to_ESP)
    RCC_GetHCLKClockFreq                     0x0800339d   Thumb Code    24  stm32f4xx_ll_rcc.o(i.RCC_GetHCLKClockFreq)
    RCC_GetPCLK1ClockFreq                    0x080033bd   Thumb Code    26  stm32f4xx_ll_rcc.o(i.RCC_GetPCLK1ClockFreq)
    RCC_GetPCLK2ClockFreq                    0x080033e1   Thumb Code    26  stm32f4xx_ll_rcc.o(i.RCC_GetPCLK2ClockFreq)
    RCC_GetSystemClockFreq                   0x08003405   Thumb Code    68  stm32f4xx_ll_rcc.o(i.RCC_GetSystemClockFreq)
    RCC_PLL_GetFreqDomain_SYS                0x08003455   Thumb Code   116  stm32f4xx_ll_rcc.o(i.RCC_PLL_GetFreqDomain_SYS)
    Step_Out                                 0x080034d5   Thumb Code   102  stepper.o(i.Step_Out)
    SysTick_Handler                          0x08003541   Thumb Code   220  stepper.o(i.SysTick_Handler)
    SystemInit                               0x0800363d   Thumb Code    82  system_stm32f4xx.o(i.SystemInit)
    TIM3_RGB                                 0x080036a1   Thumb Code    88  tim3_pwm.o(i.TIM3_RGB)
    TIM3_servo                               0x080036fd   Thumb Code    24  tim3_pwm.o(i.TIM3_servo)
    Temp_Display                             0x08003719   Thumb Code   142  main.o(i.Temp_Display)
    USART2_IRQHandler                        0x080037c9   Thumb Code   100  usart2.o(i.USART2_IRQHandler)
    USART3_IRQHandler                        0x08003841   Thumb Code   100  esp_usart3.o(i.USART3_IRQHandler)
    WriteChar                                0x080038c1   Thumb Code    26  usart2.o(i.WriteChar)
    WriteCharUSART3                          0x080038e1   Thumb Code    26  esp_usart3.o(i.WriteCharUSART3)
    WriteDAC                                 0x08003901   Thumb Code    46  dac.o(i.WriteDAC)
    WriteString                              0x08003939   Thumb Code    22  usart2.o(i.WriteString)
    WriteStringUSART3                        0x0800394f   Thumb Code    22  esp_usart3.o(i.WriteStringUSART3)
    __ARM_fpclassify                         0x08003965   Thumb Code    48  fpclassify.o(i.__ARM_fpclassify)
    _is_digit                                0x08003995   Thumb Code    14  __printf_wp.o(i._is_digit)
    delay                                    0x080039a3   Thumb Code    12  main.o(i.delay)
    lcd_cmd                                  0x080039af   Thumb Code    58  lcdinit.o(i.lcd_cmd)
    lcd_init                                 0x080039e9   Thumb Code   118  lcdinit.o(i.lcd_init)
    lcd_print_x_y                            0x08003a5f   Thumb Code    66  lcd.o(i.lcd_print_x_y)
    lcd_send_cmd                             0x08003aa1   Thumb Code    58  lcd.o(i.lcd_send_cmd)
    lcd_send_data                            0x08003adb   Thumb Code    58  lcd.o(i.lcd_send_data)
    lcd_send_string                          0x08003b15   Thumb Code    22  lcd.o(i.lcd_send_string)
    lcd_waitms                               0x08003b2b   Thumb Code    34  lcdinit.o(i.lcd_waitms)
    main                                     0x08003b4d   Thumb Code   160  main.o(i.main)
    read_Temp                                0x08003c21   Thumb Code   132  temperatur.o(i.read_Temp)
    set_TempRes                              0x08003cad   Thumb Code    40  temperatur.o(i.set_TempRes)
    wait                                     0x08003cd5   Thumb Code    18  esp_usart3.o(i.wait)
    wait_for_esp                             0x08003ce9   Thumb Code    42  esp_usart3.o(i.wait_for_esp)
    _get_lc_numeric                          0x08003d1d   Thumb Code    44  lc_numeric_c.o(locale$$code)
    _get_lc_ctype                            0x08003d49   Thumb Code    44  lc_ctype_c.o(locale$$code)
    __aeabi_dadd                             0x08003d75   Thumb Code     0  daddsub_clz.o(x$fpl$dadd)
    _dadd                                    0x08003d75   Thumb Code   332  daddsub_clz.o(x$fpl$dadd)
    __aeabi_ddiv                             0x08003ec5   Thumb Code     0  ddiv.o(x$fpl$ddiv)
    _ddiv                                    0x08003ec5   Thumb Code   552  ddiv.o(x$fpl$ddiv)
    __aeabi_d2iz                             0x08004175   Thumb Code     0  dfix.o(x$fpl$dfix)
    _dfix                                    0x08004175   Thumb Code    94  dfix.o(x$fpl$dfix)
    __aeabi_i2d                              0x080041d3   Thumb Code     0  dflt_clz.o(x$fpl$dflt)
    _dflt                                    0x080041d3   Thumb Code    46  dflt_clz.o(x$fpl$dflt)
    __aeabi_ui2d                             0x08004201   Thumb Code     0  dflt_clz.o(x$fpl$dfltu)
    _dfltu                                   0x08004201   Thumb Code    38  dflt_clz.o(x$fpl$dfltu)
    __aeabi_dmul                             0x08004229   Thumb Code     0  dmul.o(x$fpl$dmul)
    _dmul                                    0x08004229   Thumb Code   332  dmul.o(x$fpl$dmul)
    __fpl_dnaninf                            0x0800437d   Thumb Code   156  dnaninf.o(x$fpl$dnaninf)
    __fpl_dretinf                            0x08004419   Thumb Code    12  dretinf.o(x$fpl$dretinf)
    __aeabi_dsub                             0x08004425   Thumb Code     0  daddsub_clz.o(x$fpl$dsub)
    _dsub                                    0x08004425   Thumb Code   464  daddsub_clz.o(x$fpl$dsub)
    _fp_init                                 0x080045f9   Thumb Code    10  fpinit.o(x$fpl$fpinit)
    __fplib_config_fpu_vfp                   0x08004601   Thumb Code     0  fpinit.o(x$fpl$fpinit)
    __fplib_config_pureend_doubles           0x08004601   Thumb Code     0  fpinit.o(x$fpl$fpinit)
    _printf_fp_dec                           0x08004603   Thumb Code     4  printf1.o(x$fpl$printf1)
    __I$use$fp                               0x08004606   Number         0  usenofp.o(x$fpl$usenofp)
    AHBPrescTable                            0x08005438   Data          16  system_stm32f4xx.o(.constdata)
    APBPrescTable                            0x08005448   Data           8  system_stm32f4xx.o(.constdata)
    Region$$Table$$Base                      0x080055b4   Number         0  anon$$obj.o(Region$$Table)
    Region$$Table$$Limit                     0x080055d4   Number         0  anon$$obj.o(Region$$Table)
    __ctype                                  0x080055fd   Data           0  lc_ctype_c.o(locale$$data)
    sinus                                    0x20000000   Data         128  main.o(.data)
    amp                                      0x20000080   Data           4  main.o(.data)
    freq                                     0x20000084   Data           4  main.o(.data)
    tempon                                   0x20000088   Data           4  main.o(.data)
    stepdir                                  0x2000008c   Data           4  stepper.o(.data)
    akt_pos                                  0x20000090   Data           4  stepper.o(.data)
    ziel_pos                                 0x20000094   Data           4  stepper.o(.data)
    stepmode                                 0x20000098   Data           4  stepper.o(.data)
    ticks                                    0x2000009c   Data           4  stepper.o(.data)
    cmdflag                                  0x200000c4   Data           4  usart2.o(.data)
    _cmdflagESP                              0x200000cc   Data           4  esp_usart3.o(.data)
    _bufferPosESP                            0x200000d0   Data           4  esp_usart3.o(.data)
    _ESP_fertig                              0x200000d4   Data           4  esp_usart3.o(.data)
    inputBuffer                              0x200000d8   Data          64  usart2.o(.bss)
    _inputBufferESP                          0x20000118   Data         100  esp_usart3.o(.bss)
    __libspace_start                         0x2000017c   Data          96  libspace.o(.bss)
    __temporary_stack_top$libspace           0x200001dc   Data           0  libspace.o(.bss)



==============================================================================

Memory Map of the image

  Image Entry point : 0x08000295

  Load Region LR_1 (Base: 0x08000000, Size: 0x000057d8, Max: 0xffffffff, ABSOLUTE)

    Execution Region ER_RO (Exec base: 0x08000000, Load base: 0x08000000, Size: 0x00005700, Max: 0xffffffff, ABSOLUTE)

    Exec Addr    Load Addr    Size         Type   Attr      Idx    E Section Name        Object

    0x08000000   0x08000000   0x000001c4   Data   RO         1331    RESET               startup_stm32f446xx.o
    0x080001c4   0x080001c4   0x00000008   Code   RO         1417  * !!!main             c_w.l(__main.o)
    0x080001cc   0x080001cc   0x00000034   Code   RO         1674    !!!scatter          c_w.l(__scatter.o)
    0x08000200   0x08000200   0x0000001a   Code   RO         1676    !!handler_copy      c_w.l(__scatter_copy.o)
    0x0800021a   0x0800021a   0x00000002   PAD
    0x0800021c   0x0800021c   0x0000001c   Code   RO         1678    !!handler_zi        c_w.l(__scatter_zi.o)
    0x08000238   0x08000238   0x00000000   Code   RO         1408    .ARM.Collect$$_printf_percent$$00000000  c_w.l(_printf_percent.o)
    0x08000238   0x08000238   0x00000006   Code   RO         1407    .ARM.Collect$$_printf_percent$$00000003  c_w.l(_printf_f.o)
    0x0800023e   0x0800023e   0x00000006   Code   RO         1406    .ARM.Collect$$_printf_percent$$00000008  c_w.l(_printf_i.o)
    0x08000244   0x08000244   0x00000006   Code   RO         1405    .ARM.Collect$$_printf_percent$$00000014  c_w.l(_printf_s.o)
    0x0800024a   0x0800024a   0x00000004   Code   RO         1454    .ARM.Collect$$_printf_percent$$00000017  c_w.l(_printf_percent_end.o)
    0x0800024e   0x0800024e   0x00000002   Code   RO         1544    .ARM.Collect$$libinit$$00000000  c_w.l(libinit.o)
    0x08000250   0x08000250   0x00000004   Code   RO         1545    .ARM.Collect$$libinit$$00000001  c_w.l(libinit2.o)
    0x08000254   0x08000254   0x00000000   Code   RO         1548    .ARM.Collect$$libinit$$00000004  c_w.l(libinit2.o)
    0x08000254   0x08000254   0x00000000   Code   RO         1551    .ARM.Collect$$libinit$$0000000A  c_w.l(libinit2.o)
    0x08000254   0x08000254   0x00000000   Code   RO         1553    .ARM.Collect$$libinit$$0000000C  c_w.l(libinit2.o)
    0x08000254   0x08000254   0x00000000   Code   RO         1555    .ARM.Collect$$libinit$$0000000E  c_w.l(libinit2.o)
    0x08000254   0x08000254   0x00000006   Code   RO         1556    .ARM.Collect$$libinit$$0000000F  c_w.l(libinit2.o)
    0x0800025a   0x0800025a   0x00000000   Code   RO         1558    .ARM.Collect$$libinit$$00000011  c_w.l(libinit2.o)
    0x0800025a   0x0800025a   0x0000000c   Code   RO         1559    .ARM.Collect$$libinit$$00000012  c_w.l(libinit2.o)
    0x08000266   0x08000266   0x00000000   Code   RO         1560    .ARM.Collect$$libinit$$00000013  c_w.l(libinit2.o)
    0x08000266   0x08000266   0x00000000   Code   RO         1562    .ARM.Collect$$libinit$$00000015  c_w.l(libinit2.o)
    0x08000266   0x08000266   0x0000000a   Code   RO         1563    .ARM.Collect$$libinit$$00000016  c_w.l(libinit2.o)
    0x08000270   0x08000270   0x00000000   Code   RO         1564    .ARM.Collect$$libinit$$00000017  c_w.l(libinit2.o)
    0x08000270   0x08000270   0x00000000   Code   RO         1566    .ARM.Collect$$libinit$$00000019  c_w.l(libinit2.o)
    0x08000270   0x08000270   0x00000000   Code   RO         1568    .ARM.Collect$$libinit$$0000001B  c_w.l(libinit2.o)
    0x08000270   0x08000270   0x00000000   Code   RO         1570    .ARM.Collect$$libinit$$0000001D  c_w.l(libinit2.o)
    0x08000270   0x08000270   0x00000000   Code   RO         1572    .ARM.Collect$$libinit$$0000001F  c_w.l(libinit2.o)
    0x08000270   0x08000270   0x00000000   Code   RO         1574    .ARM.Collect$$libinit$$00000021  c_w.l(libinit2.o)
    0x08000270   0x08000270   0x00000000   Code   RO         1576    .ARM.Collect$$libinit$$00000023  c_w.l(libinit2.o)
    0x08000270   0x08000270   0x00000000   Code   RO         1578    .ARM.Collect$$libinit$$00000025  c_w.l(libinit2.o)
    0x08000270   0x08000270   0x00000000   Code   RO         1582    .ARM.Collect$$libinit$$0000002C  c_w.l(libinit2.o)
    0x08000270   0x08000270   0x00000000   Code   RO         1584    .ARM.Collect$$libinit$$0000002E  c_w.l(libinit2.o)
    0x08000270   0x08000270   0x00000000   Code   RO         1586    .ARM.Collect$$libinit$$00000030  c_w.l(libinit2.o)
    0x08000270   0x08000270   0x00000000   Code   RO         1588    .ARM.Collect$$libinit$$00000032  c_w.l(libinit2.o)
    0x08000270   0x08000270   0x00000002   Code   RO         1589    .ARM.Collect$$libinit$$00000033  c_w.l(libinit2.o)
    0x08000272   0x08000272   0x00000002   Code   RO         1622    .ARM.Collect$$libshutdown$$00000000  c_w.l(libshutdown.o)
    0x08000274   0x08000274   0x00000000   Code   RO         1633    .ARM.Collect$$libshutdown$$00000002  c_w.l(libshutdown2.o)
    0x08000274   0x08000274   0x00000000   Code   RO         1635    .ARM.Collect$$libshutdown$$00000004  c_w.l(libshutdown2.o)
    0x08000274   0x08000274   0x00000000   Code   RO         1638    .ARM.Collect$$libshutdown$$00000007  c_w.l(libshutdown2.o)
    0x08000274   0x08000274   0x00000000   Code   RO         1641    .ARM.Collect$$libshutdown$$0000000A  c_w.l(libshutdown2.o)
    0x08000274   0x08000274   0x00000000   Code   RO         1643    .ARM.Collect$$libshutdown$$0000000C  c_w.l(libshutdown2.o)
    0x08000274   0x08000274   0x00000000   Code   RO         1646    .ARM.Collect$$libshutdown$$0000000F  c_w.l(libshutdown2.o)
    0x08000274   0x08000274   0x00000002   Code   RO         1647    .ARM.Collect$$libshutdown$$00000010  c_w.l(libshutdown2.o)
    0x08000276   0x08000276   0x00000000   Code   RO         1443    .ARM.Collect$$rtentry$$00000000  c_w.l(__rtentry.o)
    0x08000276   0x08000276   0x00000000   Code   RO         1467    .ARM.Collect$$rtentry$$00000002  c_w.l(__rtentry2.o)
    0x08000276   0x08000276   0x00000006   Code   RO         1479    .ARM.Collect$$rtentry$$00000004  c_w.l(__rtentry4.o)
    0x0800027c   0x0800027c   0x00000000   Code   RO         1469    .ARM.Collect$$rtentry$$00000009  c_w.l(__rtentry2.o)
    0x0800027c   0x0800027c   0x00000004   Code   RO         1470    .ARM.Collect$$rtentry$$0000000A  c_w.l(__rtentry2.o)
    0x08000280   0x08000280   0x00000000   Code   RO         1472    .ARM.Collect$$rtentry$$0000000C  c_w.l(__rtentry2.o)
    0x08000280   0x08000280   0x00000008   Code   RO         1473    .ARM.Collect$$rtentry$$0000000D  c_w.l(__rtentry2.o)
    0x08000288   0x08000288   0x00000002   Code   RO         1590    .ARM.Collect$$rtexit$$00000000  c_w.l(rtexit.o)
    0x0800028a   0x0800028a   0x00000000   Code   RO         1600    .ARM.Collect$$rtexit$$00000002  c_w.l(rtexit2.o)
    0x0800028a   0x0800028a   0x00000004   Code   RO         1601    .ARM.Collect$$rtexit$$00000003  c_w.l(rtexit2.o)
    0x0800028e   0x0800028e   0x00000006   Code   RO         1602    .ARM.Collect$$rtexit$$00000004  c_w.l(rtexit2.o)
    0x08000294   0x08000294   0x00000040   Code   RO         1332  * .text               startup_stm32f446xx.o
    0x080002d4   0x080002d4   0x00000028   Code   RO         1377    .text               c_w.l(noretval__2sprintf.o)
    0x080002fc   0x080002fc   0x00000052   Code   RO         1381    .text               c_w.l(_printf_str.o)
    0x0800034e   0x0800034e   0x00000002   PAD
    0x08000350   0x08000350   0x00000078   Code   RO         1383    .text               c_w.l(_printf_dec.o)
    0x080003c8   0x080003c8   0x00000160   Code   RO         1400    .text               c_w.l(__printf_ss_wp.o)
    0x08000528   0x08000528   0x0000003c   Code   RO         1409    .text               c_w.l(__0sscanf.o)
    0x08000564   0x08000564   0x0000014c   Code   RO         1411    .text               c_w.l(_scanf_int.o)
    0x080006b0   0x080006b0   0x000000e0   Code   RO         1413    .text               c_w.l(_scanf_str.o)
    0x08000790   0x08000790   0x00000006   Code   RO         1415    .text               c_w.l(heapauxi.o)
    0x08000796   0x08000796   0x000000b2   Code   RO         1444    .text               c_w.l(_printf_intcommon.o)
    0x08000848   0x08000848   0x0000041e   Code   RO         1446    .text               c_w.l(_printf_fp_dec.o)
    0x08000c66   0x08000c66   0x00000002   PAD
    0x08000c68   0x08000c68   0x00000030   Code   RO         1448    .text               c_w.l(_printf_char_common.o)
    0x08000c98   0x08000c98   0x0000000a   Code   RO         1450    .text               c_w.l(_sputc.o)
    0x08000ca2   0x08000ca2   0x0000002c   Code   RO         1452    .text               c_w.l(_printf_char.o)
    0x08000cce   0x08000cce   0x0000001c   Code   RO         1455    .text               c_w.l(_chval.o)
    0x08000cea   0x08000cea   0x00000002   PAD
    0x08000cec   0x08000cec   0x0000002c   Code   RO         1457    .text               c_w.l(scanf_char.o)
    0x08000d18   0x08000d18   0x00000040   Code   RO         1459    .text               c_w.l(_sgetc.o)
    0x08000d58   0x08000d58   0x00000008   Code   RO         1484    .text               c_w.l(rt_locale_intlibspace.o)
    0x08000d60   0x08000d60   0x0000008a   Code   RO         1486    .text               c_w.l(lludiv10.o)
    0x08000dea   0x08000dea   0x00000012   Code   RO         1488    .text               c_w.l(isspace.o)
    0x08000dfc   0x08000dfc   0x00000080   Code   RO         1490    .text               c_w.l(_printf_fp_infnan.o)
    0x08000e7c   0x08000e7c   0x00000374   Code   RO         1494    .text               c_w.l(_scanf.o)
    0x080011f0   0x080011f0   0x000000e4   Code   RO         1496    .text               c_w.l(bigflt0.o)
    0x080012d4   0x080012d4   0x00000008   Code   RO         1528    .text               c_w.l(libspace.o)
    0x080012dc   0x080012dc   0x0000004a   Code   RO         1531    .text               c_w.l(sys_stackheap_outer.o)
    0x08001326   0x08001326   0x00000002   PAD
    0x08001328   0x08001328   0x00000010   Code   RO         1533    .text               c_w.l(rt_ctype_table.o)
    0x08001338   0x08001338   0x00000012   Code   RO         1535    .text               c_w.l(exit.o)
    0x0800134a   0x0800134a   0x00000002   PAD
    0x0800134c   0x0800134c   0x00000080   Code   RO         1537    .text               c_w.l(strcmpv7m.o)
    0x080013cc   0x080013cc   0x0000000c   Code   RO         1612    .text               c_w.l(sys_exit.o)
    0x080013d8   0x080013d8   0x00000002   Code   RO         1623    .text               c_w.l(use_no_semi.o)
    0x080013da   0x080013da   0x00000000   Code   RO         1625    .text               c_w.l(indicate_semi.o)
    0x080013da   0x080013da   0x0000003e   Code   RO         1499    CL$$btod_d2e        c_w.l(btod.o)
    0x08001418   0x08001418   0x00000046   Code   RO         1501    CL$$btod_d2e_denorm_low  c_w.l(btod.o)
    0x0800145e   0x0800145e   0x00000060   Code   RO         1500    CL$$btod_d2e_norm_op1  c_w.l(btod.o)
    0x080014be   0x080014be   0x00000338   Code   RO         1509    CL$$btod_div_common  c_w.l(btod.o)
    0x080017f6   0x080017f6   0x000000dc   Code   RO         1506    CL$$btod_e2e        c_w.l(btod.o)
    0x080018d2   0x080018d2   0x0000002a   Code   RO         1503    CL$$btod_ediv       c_w.l(btod.o)
    0x080018fc   0x080018fc   0x0000002a   Code   RO         1502    CL$$btod_emul       c_w.l(btod.o)
    0x08001926   0x08001926   0x00000244   Code   RO         1508    CL$$btod_mult_common  c_w.l(btod.o)
    0x08001b6a   0x08001b6a   0x00000002   PAD
    0x08001b6c   0x08001b6c   0x00000250   Code   RO           72    i.ExecuteCmd        main.o
    0x08001dbc   0x08001dbc   0x0000003a   Code   RO           73    i.GradZeichen       main.o
    0x08001df6   0x08001df6   0x00000002   PAD
    0x08001df8   0x08001df8   0x0000023c   Code   RO           74    i.Help_Display      main.o
    0x08002034   0x08002034   0x000000c4   Code   RO          214    i.I2C_init          i2c.o
    0x080020f8   0x080020f8   0x00000178   Code   RO          215    i.I2C_read          i2c.o
    0x08002270   0x08002270   0x00000094   Code   RO          216    i.I2C_write         i2c.o
    0x08002304   0x08002304   0x00000054   Code   RO            4    i.InitDAC           dac.o
    0x08002358   0x08002358   0x00000050   Code   RO          144    i.InitStepper       stepper.o
    0x080023a8   0x080023a8   0x00000030   Code   RO          145    i.InitSysTick       stepper.o
    0x080023d8   0x080023d8   0x00000118   Code   RO          403    i.InitTIM3_PWM      tim3_pwm.o
    0x080024f0   0x080024f0   0x000000c8   Code   RO          457    i.InitUSART2        usart2.o
    0x080025b8   0x080025b8   0x000000cc   Code   RO          510    i.InitUSART3        esp_usart3.o
    0x08002684   0x08002684   0x0000001c   Code   RO          404    i.LL_AHB1_GRP1_EnableClock  tim3_pwm.o
    0x080026a0   0x080026a0   0x0000007e   Code   RO          589    i.LL_DAC_Init       stm32f4xx_ll_dac.o
    0x0800271e   0x0800271e   0x0000000e   Code   RO          590    i.LL_DAC_StructInit  stm32f4xx_ll_dac.o
    0x0800272c   0x0800272c   0x00000144   Code   RO          633    i.LL_GPIO_Init      stm32f4xx_ll_gpio.o
    0x08002870   0x08002870   0x00000006   Code   RO          146    i.LL_GPIO_ResetOutputPin  stepper.o
    0x08002876   0x08002876   0x00000004   Code   RO          147    i.LL_GPIO_SetOutputPin  stepper.o
    0x0800287a   0x0800287a   0x00000016   Code   RO          634    i.LL_GPIO_StructInit  stm32f4xx_ll_gpio.o
    0x08002890   0x08002890   0x0000000c   Code   RO          217    i.LL_I2C_AcknowledgeNextData  i2c.o
    0x0800289c   0x0800289c   0x00000010   Code   RO          218    i.LL_I2C_ClearFlag_ADDR  i2c.o
    0x080028ac   0x080028ac   0x000000bc   Code   RO          684    i.LL_I2C_ConfigSpeed  stm32f4xx_ll_i2c.o
    0x08002968   0x08002968   0x0000000a   Code   RO          219    i.LL_I2C_DisableBitPOS  i2c.o
    0x08002972   0x08002972   0x0000000a   Code   RO          220    i.LL_I2C_GenerateStartCondition  i2c.o
    0x0800297c   0x0800297c   0x0000000a   Code   RO          221    i.LL_I2C_GenerateStopCondition  i2c.o
    0x08002986   0x08002986   0x0000007c   Code   RO          686    i.LL_I2C_Init       stm32f4xx_ll_i2c.o
    0x08002a02   0x08002a02   0x0000000a   Code   RO          222    i.LL_I2C_IsActiveFlag_ADDR  i2c.o
    0x08002a0c   0x08002a0c   0x0000000a   Code   RO          223    i.LL_I2C_IsActiveFlag_BTF  i2c.o
    0x08002a16   0x08002a16   0x0000000a   Code   RO          224    i.LL_I2C_IsActiveFlag_BUSY  i2c.o
    0x08002a20   0x08002a20   0x0000000a   Code   RO          225    i.LL_I2C_IsActiveFlag_RXNE  i2c.o
    0x08002a2a   0x08002a2a   0x0000000a   Code   RO          226    i.LL_I2C_IsActiveFlag_SB  i2c.o
    0x08002a34   0x08002a34   0x00000008   Code   RO          227    i.LL_I2C_ReceiveData8  i2c.o
    0x08002a3c   0x08002a3c   0x0000001e   Code   RO          687    i.LL_I2C_StructInit  stm32f4xx_ll_i2c.o
    0x08002a5a   0x08002a5a   0x0000000c   Code   RO          228    i.LL_I2C_TransmitData8  i2c.o
    0x08002a66   0x08002a66   0x00000024   Code   RO          774    i.LL_RCC_GetSystemClocksFreq  stm32f4xx_ll_rcc.o
    0x08002a8a   0x08002a8a   0x00000002   PAD
    0x08002a8c   0x08002a8c   0x00000010   Code   RO          782    i.LL_RCC_PLL_GetDivider  stm32f4xx_ll_rcc.o
    0x08002a9c   0x08002a9c   0x00000010   Code   RO          783    i.LL_RCC_PLL_GetMainSource  stm32f4xx_ll_rcc.o
    0x08002aac   0x08002aac   0x00000010   Code   RO          784    i.LL_RCC_PLL_GetN   stm32f4xx_ll_rcc.o
    0x08002abc   0x08002abc   0x00000010   Code   RO          785    i.LL_RCC_PLL_GetR   stm32f4xx_ll_rcc.o
    0x08002acc   0x08002acc   0x00000008   Code   RO          405    i.LL_TIM_CC_EnableChannel  tim3_pwm.o
    0x08002ad4   0x08002ad4   0x000000e4   Code   RO         1002    i.LL_TIM_Init       stm32f4xx_ll_tim.o
    0x08002bb8   0x08002bb8   0x0000005c   Code   RO         1003    i.LL_TIM_OC_Init    stm32f4xx_ll_tim.o
    0x08002c14   0x08002c14   0x00000004   Code   RO         1004    i.LL_TIM_OC_SetCompareCH2  stm32f4xx_ll_tim.o
    0x08002c18   0x08002c18   0x00000014   Code   RO         1005    i.LL_TIM_OC_StructInit  stm32f4xx_ll_tim.o
    0x08002c2c   0x08002c2c   0x000000c4   Code   RO         1161    i.LL_USART_Init     stm32f4xx_ll_usart.o
    0x08002cf0   0x08002cf0   0x0000000a   Code   RO         1162    i.LL_USART_IsEnabled  stm32f4xx_ll_usart.o
    0x08002cfa   0x08002cfa   0x00000142   Code   RO         1163    i.LL_USART_SetBaudRate  stm32f4xx_ll_usart.o
    0x08002e3c   0x08002e3c   0x00000048   Code   RO          511    i.Lua_to_ESP        esp_usart3.o
    0x08002e84   0x08002e84   0x00000080   Code   RO         1007    i.OC1Config         stm32f4xx_ll_tim.o
    0x08002f04   0x08002f04   0x0000008c   Code   RO         1008    i.OC2Config         stm32f4xx_ll_tim.o
    0x08002f90   0x08002f90   0x00000080   Code   RO         1009    i.OC3Config         stm32f4xx_ll_tim.o
    0x08003010   0x08003010   0x00000064   Code   RO         1010    i.OC4Config         stm32f4xx_ll_tim.o
    0x08003074   0x08003074   0x00000328   Code   RO          512    i.Program_to_ESP    esp_usart3.o
    0x0800339c   0x0800339c   0x00000020   Code   RO          787    i.RCC_GetHCLKClockFreq  stm32f4xx_ll_rcc.o
    0x080033bc   0x080033bc   0x00000024   Code   RO          788    i.RCC_GetPCLK1ClockFreq  stm32f4xx_ll_rcc.o
    0x080033e0   0x080033e0   0x00000024   Code   RO          789    i.RCC_GetPCLK2ClockFreq  stm32f4xx_ll_rcc.o
    0x08003404   0x08003404   0x00000050   Code   RO          790    i.RCC_GetSystemClockFreq  stm32f4xx_ll_rcc.o
    0x08003454   0x08003454   0x00000080   Code   RO          800    i.RCC_PLL_GetFreqDomain_SYS  stm32f4xx_ll_rcc.o
    0x080034d4   0x080034d4   0x0000006c   Code   RO          148    i.Step_Out          stepper.o
    0x08003540   0x08003540   0x000000fc   Code   RO          149    i.SysTick_Handler   stepper.o
    0x0800363c   0x0800363c   0x00000064   Code   RO         1340    i.SystemInit        system_stm32f4xx.o
    0x080036a0   0x080036a0   0x0000005c   Code   RO          406    i.TIM3_RGB          tim3_pwm.o
    0x080036fc   0x080036fc   0x0000001c   Code   RO          407    i.TIM3_servo        tim3_pwm.o
    0x08003718   0x08003718   0x000000b0   Code   RO           75    i.Temp_Display      main.o
    0x080037c8   0x080037c8   0x00000078   Code   RO          458    i.USART2_IRQHandler  usart2.o
    0x08003840   0x08003840   0x00000080   Code   RO          513    i.USART3_IRQHandler  esp_usart3.o
    0x080038c0   0x080038c0   0x00000020   Code   RO          459    i.WriteChar         usart2.o
    0x080038e0   0x080038e0   0x00000020   Code   RO          514    i.WriteCharUSART3   esp_usart3.o
    0x08003900   0x08003900   0x00000038   Code   RO            5    i.WriteDAC          dac.o
    0x08003938   0x08003938   0x00000016   Code   RO          460    i.WriteString       usart2.o
    0x0800394e   0x0800394e   0x00000016   Code   RO          515    i.WriteStringUSART3  esp_usart3.o
    0x08003964   0x08003964   0x00000030   Code   RO         1526    i.__ARM_fpclassify  m_wm.l(fpclassify.o)
    0x08003994   0x08003994   0x0000000e   Code   RO         1395    i._is_digit         c_w.l(__printf_wp.o)
    0x080039a2   0x080039a2   0x0000000c   Code   RO           76    i.delay             main.o
    0x080039ae   0x080039ae   0x0000003a   Code   RO          349    i.lcd_cmd           lcdinit.o
    0x080039e8   0x080039e8   0x00000076   Code   RO          350    i.lcd_init          lcdinit.o
    0x08003a5e   0x08003a5e   0x00000042   Code   RO          316    i.lcd_print_x_y     lcd.o
    0x08003aa0   0x08003aa0   0x0000003a   Code   RO          317    i.lcd_send_cmd      lcd.o
    0x08003ada   0x08003ada   0x0000003a   Code   RO          318    i.lcd_send_data     lcd.o
    0x08003b14   0x08003b14   0x00000016   Code   RO          319    i.lcd_send_string   lcd.o
    0x08003b2a   0x08003b2a   0x00000022   Code   RO          351    i.lcd_waitms        lcdinit.o
    0x08003b4c   0x08003b4c   0x000000d4   Code   RO           77    i.main              main.o
    0x08003c20   0x08003c20   0x0000008c   Code   RO          382    i.read_Temp         temperatur.o
    0x08003cac   0x08003cac   0x00000028   Code   RO          383    i.set_TempRes       temperatur.o
    0x08003cd4   0x08003cd4   0x00000012   Code   RO          516    i.wait              esp_usart3.o
    0x08003ce6   0x08003ce6   0x00000002   PAD
    0x08003ce8   0x08003ce8   0x00000034   Code   RO          517    i.wait_for_esp      esp_usart3.o
    0x08003d1c   0x08003d1c   0x0000002c   Code   RO         1522    locale$$code        c_w.l(lc_numeric_c.o)
    0x08003d48   0x08003d48   0x0000002c   Code   RO         1593    locale$$code        c_w.l(lc_ctype_c.o)
    0x08003d74   0x08003d74   0x00000150   Code   RO         1419    x$fpl$dadd          fz_wm.l(daddsub_clz.o)
    0x08003ec4   0x08003ec4   0x000002b0   Code   RO         1426    x$fpl$ddiv          fz_wm.l(ddiv.o)
    0x08004174   0x08004174   0x0000005e   Code   RO         1429    x$fpl$dfix          fz_wm.l(dfix.o)
    0x080041d2   0x080041d2   0x0000002e   Code   RO         1434    x$fpl$dflt          fz_wm.l(dflt_clz.o)
    0x08004200   0x08004200   0x00000026   Code   RO         1433    x$fpl$dfltu         fz_wm.l(dflt_clz.o)
    0x08004226   0x08004226   0x00000002   PAD
    0x08004228   0x08004228   0x00000154   Code   RO         1439    x$fpl$dmul          fz_wm.l(dmul.o)
    0x0800437c   0x0800437c   0x0000009c   Code   RO         1461    x$fpl$dnaninf       fz_wm.l(dnaninf.o)
    0x08004418   0x08004418   0x0000000c   Code   RO         1463    x$fpl$dretinf       fz_wm.l(dretinf.o)
    0x08004424   0x08004424   0x000001d4   Code   RO         1421    x$fpl$dsub          fz_wm.l(daddsub_clz.o)
    0x080045f8   0x080045f8   0x0000000a   Code   RO         1597    x$fpl$fpinit        fz_wm.l(fpinit.o)
    0x08004602   0x08004602   0x00000004   Code   RO         1441    x$fpl$printf1       fz_wm.l(printf1.o)
    0x08004606   0x08004606   0x00000000   Code   RO         1465    x$fpl$usenofp       fz_wm.l(usenofp.o)
    0x08004606   0x08004606   0x00000e32   Data   RO          519    .constdata          esp_usart3.o
    0x08005438   0x08005438   0x00000018   Data   RO         1341    .constdata          system_stm32f4xx.o
    0x08005450   0x08005450   0x00000094   Data   RO         1497    .constdata          c_w.l(bigflt0.o)
    0x080054e4   0x080054e4   0x000000d0   Data   RO           78    .conststring        main.o
    0x080055b4   0x080055b4   0x00000020   Data   RO         1672    Region$$Table       anon$$obj.o
    0x080055d4   0x080055d4   0x0000001c   Data   RO         1521    locale$$data        c_w.l(lc_numeric_c.o)
    0x080055f0   0x080055f0   0x00000110   Data   RO         1592    locale$$data        c_w.l(lc_ctype_c.o)


    Execution Region ER_RW (Exec base: 0x20000000, Load base: 0x08005700, Size: 0x000000d8, Max: 0xffffffff, ABSOLUTE)

    Exec Addr    Load Addr    Size         Type   Attr      Idx    E Section Name        Object

    0x20000000   0x08005700   0x0000008c   Data   RW           79    .data               main.o
    0x2000008c   0x0800578c   0x00000038   Data   RW          150    .data               stepper.o
    0x200000c4   0x080057c4   0x00000008   Data   RW          462    .data               usart2.o
    0x200000cc   0x080057cc   0x0000000c   Data   RW          520    .data               esp_usart3.o


    Execution Region ER_ZI (Exec base: 0x200000d8, Load base: 0x080057d8, Size: 0x00000708, Max: 0xffffffff, ABSOLUTE)

    Exec Addr    Load Addr    Size         Type   Attr      Idx    E Section Name        Object

    0x200000d8        -       0x00000040   Zero   RW          461    .bss                usart2.o
    0x20000118        -       0x00000064   Zero   RW          518    .bss                esp_usart3.o
    0x2000017c        -       0x00000060   Zero   RW         1529    .bss                c_w.l(libspace.o)
    0x200001dc   0x080057d8   0x00000004   PAD
    0x200001e0        -       0x00000200   Zero   RW         1330    HEAP                startup_stm32f446xx.o
    0x200003e0        -       0x00000400   Zero   RW         1329    STACK               startup_stm32f446xx.o


==============================================================================

Image component sizes


      Code (inc. data)   RO Data    RW Data    ZI Data      Debug   Object Name

       140         22          0          0          0     593625   dac.o
      1336        552       3634         12        100       7543   esp_usart3.o
       848         24          0          0          0      31134   i2c.o
       204          0          0          0          0       2689   lcd.o
       210          0          0          0          0       1870   lcdinit.o
      1622        692        208        140          0       5116   main.o
        64         26        452          0       1536        940   startup_stm32f446xx.o
       498         58          0         56          0      21111   stepper.o
       140          0          0          0          0      13810   stm32f4xx_ll_dac.o
       346          0          0          0          0       8600   stm32f4xx_ll_gpio.o
       342         10          0          0          0      63762   stm32f4xx_ll_i2c.o
       412         76          0          0          0      58241   stm32f4xx_ll_rcc.o
       840         78          0          0          0      36834   stm32f4xx_ll_tim.o
       528         26          0          0          0      17236   stm32f4xx_ll_usart.o
       100         18         24          0          0       1727   system_stm32f4xx.o
       180          8          0          0          0       1402   temperatur.o
       436         28          0          0          0      35107   tim3_pwm.o
       374         38          0          8         64      46712   usart2.o

    ----------------------------------------------------------------------
      8626       1656       4350        216       1700     947459   Object Totals
         0          0         32          0          0          0   (incl. Generated)
         6          0          0          0          0          0   (incl. Padding)

    ----------------------------------------------------------------------

      Code (inc. data)   RO Data    RW Data    ZI Data      Debug   Library Member Name

        60          8          0          0          0         84   __0sscanf.o
         8          0          0          0          0         68   __main.o
       352          0          0          0          0         88   __printf_ss_wp.o
        14          0          0          0          0         68   __printf_wp.o
         0          0          0          0          0          0   __rtentry.o
        12          0          0          0          0          0   __rtentry2.o
         6          0          0          0          0          0   __rtentry4.o
        52          8          0          0          0          0   __scatter.o
        26          0          0          0          0          0   __scatter_copy.o
        28          0          0          0          0          0   __scatter_zi.o
        28          0          0          0          0         68   _chval.o
        44          0          0          0          0        108   _printf_char.o
        48          6          0          0          0         96   _printf_char_common.o
       120         16          0          0          0         92   _printf_dec.o
         6          0          0          0          0          0   _printf_f.o
      1054          0          0          0          0        216   _printf_fp_dec.o
       128         16          0          0          0         84   _printf_fp_infnan.o
         6          0          0          0          0          0   _printf_i.o
       178          0          0          0          0         88   _printf_intcommon.o
         0          0          0          0          0          0   _printf_percent.o
         4          0          0          0          0          0   _printf_percent_end.o
         6          0          0          0          0          0   _printf_s.o
        82          0          0          0          0         80   _printf_str.o
       884          6          0          0          0        100   _scanf.o
       332          0          0          0          0         96   _scanf_int.o
       224          0          0          0          0         96   _scanf_str.o
        64          0          0          0          0         84   _sgetc.o
        10          0          0          0          0         68   _sputc.o
       228          4        148          0          0         96   bigflt0.o
      1936        128          0          0          0        672   btod.o
        18          0          0          0          0         80   exit.o
         6          0          0          0          0        152   heapauxi.o
         0          0          0          0          0          0   indicate_semi.o
        18          0          0          0          0         76   isspace.o
        44         10        272          0          0         76   lc_ctype_c.o
        44         10         28          0          0         76   lc_numeric_c.o
         2          0          0          0          0          0   libinit.o
        34          0          0          0          0          0   libinit2.o
         2          0          0          0          0          0   libshutdown.o
         2          0          0          0          0          0   libshutdown2.o
         8          4          0          0         96         68   libspace.o
       138          0          0          0          0         80   lludiv10.o
        40          6          0          0          0         84   noretval__2sprintf.o
        16          4          0          0          0         76   rt_ctype_table.o
         8          4          0          0          0         68   rt_locale_intlibspace.o
         2          0          0          0          0          0   rtexit.o
        10          0          0          0          0          0   rtexit2.o
        44          8          0          0          0         84   scanf_char.o
       128          0          0          0          0         68   strcmpv7m.o
        12          4          0          0          0         68   sys_exit.o
        74          0          0          0          0         80   sys_stackheap_outer.o
         2          0          0          0          0         68   use_no_semi.o
       804         16          0          0          0        368   daddsub_clz.o
       688        140          0          0          0        256   ddiv.o
        94          4          0          0          0        140   dfix.o
        84          0          0          0          0        232   dflt_clz.o
       340         12          0          0          0        152   dmul.o
       156          4          0          0          0        140   dnaninf.o
        12          0          0          0          0        116   dretinf.o
        10          0          0          0          0        116   fpinit.o
         4          0          0          0          0        116   printf1.o
         0          0          0          0          0          0   usenofp.o
        48          0          0          0          0        124   fpclassify.o

    ----------------------------------------------------------------------
      8848        418        448          0        100       5316   Library Totals
        16          0          0          0          4          0   (incl. Padding)

    ----------------------------------------------------------------------

      Code (inc. data)   RO Data    RW Data    ZI Data      Debug   Library Name

      6592        242        448          0         96       3556   c_w.l
      2192        176          0          0          0       1636   fz_wm.l
        48          0          0          0          0        124   m_wm.l

    ----------------------------------------------------------------------
      8848        418        448          0        100       5316   Library Totals

    ----------------------------------------------------------------------

==============================================================================


      Code (inc. data)   RO Data    RW Data    ZI Data      Debug   

     17474       2074       4798        216       1800     941699   Grand Totals
     17474       2074       4798        216       1800     941699   ELF Image Totals
     17474       2074       4798        216          0          0   ROM Totals

==============================================================================

    Total RO  Size (Code + RO Data)                22272 (  21.75kB)
    Total RW  Size (RW Data + ZI Data)              2016 (   1.97kB)
    Total ROM Size (Code + RO Data + RW Data)      22488 (  21.96kB)

==============================================================================

